Component: ARM Compiler 5.06 update 1 (build 61) Tool: armlink [4d35a8]

==============================================================================

Section Cross References

    workaround.o(WORKAROUND) refers to startup_sam.o(vectors) for __vector_table
    main.o(i.Get_SW0) refers to pio_it.o(i.PIO_DisableIt) for PIO_DisableIt
    main.o(i.Get_SW0) refers to noretval__2printf.o(.text) for __2printf
    main.o(i.Get_SW0) refers to pio.o(i.PIO_Get) for PIO_Get
    main.o(i.Get_SW0) refers to pio_it.o(i.PIO_EnableIt) for PIO_EnableIt
    main.o(i.Get_SW0) refers to main.o(.constdata) for mypins
    main.o(i.Read_Inputs) refers to _printf_percent.o(.ARM.Collect$$_printf_percent$$00000000) for _printf_percent
    main.o(i.Read_Inputs) refers to _printf_d.o(.ARM.Collect$$_printf_percent$$00000009) for _printf_d
    main.o(i.Read_Inputs) refers to _printf_dec.o(.text) for _printf_int_dec
    main.o(i.Read_Inputs) refers to noretval__2printf.o(.text) for __2printf
    main.o(i.Read_Inputs) refers to pio.o(i.PIO_Get) for PIO_Get
    main.o(i.Read_Inputs) refers to main.o(.constdata) for mypins
    main.o(i.Toggle_Outputs) refers to _printf_percent.o(.ARM.Collect$$_printf_percent$$00000000) for _printf_percent
    main.o(i.Toggle_Outputs) refers to _printf_d.o(.ARM.Collect$$_printf_percent$$00000009) for _printf_d
    main.o(i.Toggle_Outputs) refers to _printf_dec.o(.text) for _printf_int_dec
    main.o(i.Toggle_Outputs) refers to noretval__2printf.o(.text) for __2printf
    main.o(i.Toggle_Outputs) refers to pio.o(i.PIO_Toggle) for PIO_Toggle
    main.o(i.Toggle_Outputs) refers to pio.o(i.PIO_Get) for PIO_Get
    main.o(i.Toggle_Outputs) refers to main.o(.constdata) for mypins
    main.o(i._DBGU_Handler) refers to _printf_percent.o(.ARM.Collect$$_printf_percent$$00000000) for _printf_percent
    main.o(i._DBGU_Handler) refers to _printf_c.o(.ARM.Collect$$_printf_percent$$00000013) for _printf_c
    main.o(i._DBGU_Handler) refers to _printf_str.o(.text) for _printf_str
    main.o(i._DBGU_Handler) refers to dbg_console.o(i.DBG_IsRxReady) for DBG_IsRxReady
    main.o(i._DBGU_Handler) refers to dbg_console.o(i.DBG_GetChar) for DBG_GetChar
    main.o(i._DBGU_Handler) refers to noretval__2printf.o(.text) for __2printf
    main.o(i._DBGU_Handler) refers to led.o(i.LED_Toggle) for LED_Toggle
    main.o(i._DBGU_Handler) refers to main.o(i.Toggle_Outputs) for Toggle_Outputs
    main.o(i._DBGU_Handler) refers to main.o(i.Read_Inputs) for Read_Inputs
    main.o(i._DBGU_Handler) refers to main.o(i.main_screen) for main_screen
    main.o(i._PA6_it) refers to noretval__2printf.o(.text) for __2printf
    main.o(i._PC19_it) refers to pio_it.o(i.PIO_DisableIt) for PIO_DisableIt
    main.o(i._PC19_it) refers to noretval__2printf.o(.text) for __2printf
    main.o(i._PC19_it) refers to pio_it.o(i.PIO_EnableIt) for PIO_EnableIt
    main.o(i._PC19_it) refers to main.o(.constdata) for mypins
    main.o(i.main) refers to wdt.o(i.WDT_Disable) for WDT_Disable
    main.o(i.main) refers to timetick.o(i.TimeTick_Configure) for TimeTick_Configure
    main.o(i.main) refers to pio.o(i.PIO_Configure) for PIO_Configure
    main.o(i.main) refers to pio_it.o(i.PIO_InitializeInterrupts) for PIO_InitializeInterrupts
    main.o(i.main) refers to pio_it.o(i.PIO_ConfigureIt) for PIO_ConfigureIt
    main.o(i.main) refers to pio_it.o(i.PIO_EnableIt) for PIO_EnableIt
    main.o(i.main) refers to pio.o(i.PIO_SetDebounceFilter) for PIO_SetDebounceFilter
    main.o(i.main) refers to led.o(i.LED_Configure) for LED_Configure
    main.o(i.main) refers to main.o(i.SCB_EnableDCache) for SCB_EnableDCache
    main.o(i.main) refers to main.o(i.main_screen) for main_screen
    main.o(i.main) refers to noretval__2printf.o(.text) for __2printf
    main.o(i.main) refers to main.o(i._DBGU_Handler) for _DBGU_Handler
    main.o(i.main) refers to timetick.o(i.Wait) for Wait
    main.o(i.main) refers to main.o(.constdata) for mypins
    main.o(i.main) refers to main.o(i._PA6_it) for _PA6_it
    main.o(i.main) refers to main.o(i._PC19_it) for _PC19_it
    main.o(i.main) refers to main.o(i.Get_SW0) for Get_SW0
    main.o(i.main_screen) refers to noretval__2printf.o(.text) for __2printf
    exceptions.o(i.BusFault_Handler) refers to _printf_percent.o(.ARM.Collect$$_printf_percent$$00000000) for _printf_percent
    exceptions.o(i.BusFault_Handler) refers to _printf_x.o(.ARM.Collect$$_printf_percent$$0000000C) for _printf_x
    exceptions.o(i.BusFault_Handler) refers to _printf_hex_int.o(.text) for _printf_longlong_hex
    exceptions.o(i.BusFault_Handler) refers to exceptions.o(i.StackUnwind) for StackUnwind
    exceptions.o(i.BusFault_Handler) refers to noretval__2printf.o(.text) for __2printf
    exceptions.o(i.HardFault_Handler) refers to _printf_percent.o(.ARM.Collect$$_printf_percent$$00000000) for _printf_percent
[...]
    Removing mpu.o(.rrx_text), (6 bytes).
    Removing mpu.o(i.MPU_DisableRegion), (20 bytes).
    Removing mpu.o(i.MPU_SetRegionNum), (12 bytes).
    Removing mpu.o(i.MPU_UpdateRegions), (96 bytes).
    Removing mpu.o(.data), (5 bytes).
    Removing pio.o(.rev16_text), (4 bytes).
    Removing pio.o(.revsh_text), (4 bytes).
    Removing pio.o(.rrx_text), (6 bytes).
    Removing pio.o(i.PIO_DisableWriteProtect), (16 bytes).
    Removing pio.o(i.PIO_EnableWriteProtect), (16 bytes).
    Removing pio.o(i.PIO_GetWriteProtectViolationInfo), (10 bytes).
    Removing pio.o(i.PIO_SetPinType), (4 bytes).
    Removing pio.o(.data), (5 bytes).
    Removing pio_it.o(.rev16_text), (4 bytes).
    Removing pio_it.o(.revsh_text), (4 bytes).
    Removing pio_it.o(.rrx_text), (6 bytes).
    Removing pmc.o(.rev16_text), (4 bytes).
    Removing pmc.o(.revsh_text), (4 bytes).
    Removing pmc.o(.rrx_text), (6 bytes).
    Removing pmc.o(i.PMC_ConfigureMckWithPlla), (48 bytes).
    Removing pmc.o(i.PMC_ConfigurePCK0), (64 bytes).
    Removing pmc.o(i.PMC_ConfigurePCK1), (60 bytes).
    Removing pmc.o(i.PMC_ConfigurePCK2), (60 bytes).
    Removing pmc.o(i.PMC_DisableAllClocks), (68 bytes).
    Removing pmc.o(i.PMC_DisableAllPeripherals), (52 bytes).
    Removing pmc.o(i.PMC_DisableExtOsc), (40 bytes).
    Removing pmc.o(i.PMC_DisableIntRC4_8_12MHz), (44 bytes).
    Removing pmc.o(i.PMC_DisablePeripheral), (148 bytes).
    Removing pmc.o(i.PMC_EnableAllPeripherals), (56 bytes).
    Removing pmc.o(i.PMC_EnableExtOsc), (100 bytes).
    Removing pmc.o(i.PMC_EnableIntRC4_8_12MHz), (120 bytes).
    Removing pmc.o(i.PMC_EnableXT32KFME), (24 bytes).
    Removing pmc.o(i.PMC_IsPeriphEnabled), (128 bytes).
    Removing pmc.o(i.PMC_SelectExtBypassOsc), (100 bytes).
    Removing pmc.o(i.PMC_SelectExtOsc), (116 bytes).
    Removing pmc.o(i.PMC_SetMckSelection), (58 bytes).
    Removing pmc.o(i.PMC_SetPllaClock), (64 bytes).
    Removing pmc.o(i._PMC_SetMckPrescaler), (36 bytes).
    Removing pmc.o(i._PMC_SwitchMck2MainClock), (60 bytes).
    Removing pmc.o(i._PMC_SwitchMck2PllaClock), (36 bytes).
    Removing pmc.o(i._PMC_SwitchMck2SlowClock), (36 bytes).
    Removing pmc.o(.data), (5 bytes).
    Removing supc.o(.rev16_text), (4 bytes).
    Removing supc.o(.revsh_text), (4 bytes).
    Removing supc.o(.rrx_text), (6 bytes).
    Removing supc.o(i.SUPC_BrownoutDetectEnable), (28 bytes).
    Removing supc.o(i.SUPC_BrownoutResetEnable), (16 bytes).
    Removing supc.o(i.SUPC_BypassXtal32KOsc), (16 bytes).
    Removing supc.o(i.SUPC_ConfigSupplyMonitor), (12 bytes).
    Removing supc.o(i.SUPC_DisableSupplyMonitor), (12 bytes).
    Removing supc.o(i.SUPC_DisableVoltageReg), (24 bytes).
    Removing supc.o(i.SUPC_EnablesWakeupInput), (32 bytes).
    Removing supc.o(i.SUPC_EnablesWakeupMode), (32 bytes).
    Removing supc.o(i.SUPC_IsSlowClkExtCrystal32K), (16 bytes).
    Removing supc.o(i.SUPC_Read_Status), (16 bytes).
    Removing supc.o(i.SUPC_SelectExtCrystal32K), (52 bytes).
    Removing supc.o(i.SUPC_SetLowPowerDebounce), (24 bytes).
    Removing supc.o(i.SUPC_SetWakeupDebounce), (24 bytes).
    Removing supc.o(i.SUPC_SramBackupMode), (28 bytes).
    Removing supc.o(.data), (5 bytes).
    Removing tc.o(.rev16_text), (4 bytes).
    Removing tc.o(.revsh_text), (4 bytes).
    Removing tc.o(.rrx_text), (6 bytes).
    Removing tc.o(i.TC_Configure), (96 bytes).
    Removing tc.o(i.TC_FindMckDivisor), (116 bytes).
    Removing tc.o(i.TC_Start), (80 bytes).
    Removing tc.o(i.TC_Stop), (80 bytes).
    Removing tc.o(.constdata), (20 bytes).
    Removing tc.o(.conststring), (68 bytes).
    Removing tc.o(.data), (5 bytes).
    Removing timetick.o(.rev16_text), (4 bytes).
    Removing timetick.o(.revsh_text), (4 bytes).
    Removing timetick.o(.rrx_text), (6 bytes).
    Removing timetick.o(i.GetTicks), (104 bytes).
    Removing timetick.o(i.SetTimeEvent), (12 bytes).
    Removing timetick.o(i.Sleep), (136 bytes).
    Removing uart.o(.rev16_text), (4 bytes).
    Removing uart.o(.revsh_text), (4 bytes).
    Removing uart.o(.rrx_text), (6 bytes).
    Removing uart.o(i.UART_CompareConfig), (18 bytes).
    Removing uart.o(i.UART_Configure), (30 bytes).
    Removing uart.o(i.UART_DisableIt), (4 bytes).
    Removing uart.o(i.UART_EnableIt), (4 bytes).
    Removing uart.o(i.UART_GetChar), (22 bytes).
    Removing uart.o(i.UART_GetItMask), (6 bytes).
    Removing uart.o(i.UART_GetStatus), (6 bytes).
    Removing uart.o(i.UART_IsRxReady), (10 bytes).
    Removing uart.o(i.UART_IsTxReady), (10 bytes).
    Removing uart.o(i.UART_IsTxSent), (10 bytes).
    Removing uart.o(i.UART_PutChar), (42 bytes).
    Removing uart.o(i.UART_ReceiveBuffer), (32 bytes).
    Removing uart.o(i.UART_SendBuffer), (38 bytes).
    Removing uart.o(i.UART_SetReceiverEnabled), (14 bytes).
    Removing uart.o(i.UART_SetTransmitterEnabled), (14 bytes).
    Removing uart.o(.data), (5 bytes).
    Removing wdt.o(.rev16_text), (4 bytes).
    Removing wdt.o(.revsh_text), (4 bytes).
    Removing wdt.o(.rrx_text), (6 bytes).
    Removing wdt.o(i.WDT_Enable), (4 bytes).
    Removing wdt.o(i.WDT_GetPeriod), (28 bytes).
    Removing wdt.o(i.WDT_GetStatus), (10 bytes).
    Removing wdt.o(i.WDT_Restart), (12 bytes).
    Removing wdt.o(.data), (5 bytes).
    Removing xdma_hardware_interface.o(.rev16_text), (4 bytes).
    Removing xdma_hardware_interface.o(.revsh_text), (4 bytes).
    Removing xdma_hardware_interface.o(.rrx_text), (6 bytes).
    Removing xdma_hardware_interface.o(i.XDMAIF_Get_ChannelNumber), (88 bytes).
    Removing xdma_hardware_interface.o(i.XDMAIF_IsValidatedPeripherOnDma), (68 bytes).
    Removing xdma_hardware_interface.o(.constdata), (540 bytes).
    Removing xdma_hardware_interface.o(.data), (5 bytes).
    Removing xdmac.o(.rev16_text), (4 bytes).
    Removing xdmac.o(.revsh_text), (4 bytes).
    Removing xdmac.o(.rrx_text), (6 bytes).
    Removing xdmac.o(i.XDMAC_DisableChannel), (128 bytes).
    Removing xdmac.o(i.XDMAC_DisableChannelIt), (140 bytes).
    Removing xdmac.o(i.XDMAC_DisableChannels), (80 bytes).
    Removing xdmac.o(i.XDMAC_DisableGIt), (84 bytes).
    Removing xdmac.o(i.XDMAC_EnableChannel), (128 bytes).
    Removing xdmac.o(i.XDMAC_EnableChannelIt), (140 bytes).
    Removing xdmac.o(i.XDMAC_EnableChannels), (80 bytes).
    Removing xdmac.o(i.XDMAC_EnableGIt), (84 bytes).
    Removing xdmac.o(i.XDMAC_GetArbiter), (80 bytes).
    Removing xdmac.o(i.XDMAC_GetChDestinationAddr), (136 bytes).
    Removing xdmac.o(i.XDMAC_GetChannelConfig), (136 bytes).
    Removing xdmac.o(i.XDMAC_GetChannelIsr), (136 bytes).
    Removing xdmac.o(i.XDMAC_GetChannelItMask), (136 bytes).
    Removing xdmac.o(i.XDMAC_GetConfig), (80 bytes).
    Removing xdmac.o(i.XDMAC_GetGIsr), (80 bytes).
    Removing xdmac.o(i.XDMAC_GetGItMask), (80 bytes).
    Removing xdmac.o(i.XDMAC_GetGlobalChStatus), (80 bytes).
    Removing xdmac.o(i.XDMAC_GetMaskChannelIsr), (152 bytes).
    Removing xdmac.o(i.XDMAC_GetMaskedGIsr), (84 bytes).
    Removing xdmac.o(i.XDMAC_GetSoftwareTransferStatus), (80 bytes).
    Removing xdmac.o(i.XDMAC_GetType), (80 bytes).
    Removing xdmac.o(i.XDMAC_ResumeReadWriteChannel), (132 bytes).
    Removing xdmac.o(i.XDMAC_SetBlockControl), (144 bytes).
    Removing xdmac.o(i.XDMAC_SetChannelConfig), (140 bytes).
    Removing xdmac.o(i.XDMAC_SetDataStride_MemPattern), (140 bytes).
    Removing xdmac.o(i.XDMAC_SetDescriptorAddr), (180 bytes).
    Removing xdmac.o(i.XDMAC_SetDescriptorControl), (140 bytes).
    Removing xdmac.o(i.XDMAC_SetDestinationAddr), (140 bytes).
    Removing xdmac.o(i.XDMAC_SetDestinationMicroBlockStride), (144 bytes).
    Removing xdmac.o(i.XDMAC_SetMicroblockControl), (144 bytes).
    Removing xdmac.o(i.XDMAC_SetSourceAddr), (140 bytes).
    Removing xdmac.o(i.XDMAC_SetSourceMicroBlockStride), (144 bytes).
    Removing xdmac.o(i.XDMAC_SoftwareFlushReq), (152 bytes).
    Removing xdmac.o(i.XDMAC_SoftwareTransferReq), (132 bytes).
    Removing xdmac.o(i.XDMAC_SuspendReadChannel), (132 bytes).
    Removing xdmac.o(i.XDMAC_SuspendReadWriteChannel), (128 bytes).
    Removing xdmac.o(i.XDMAC_SuspendWriteChannel), (132 bytes).
    Removing xdmac.o(.data), (5 bytes).
    Removing xdmad.o(.rev16_text), (4 bytes).
    Removing xdmad.o(.revsh_text), (4 bytes).
    Removing xdmad.o(.rrx_text), (6 bytes).
    Removing xdmad.o(i.XDMAD_AllocateChannel), (52 bytes).
    Removing xdmad.o(i.XDMAD_AllocateXdmacChannel), (300 bytes).
    Removing xdmad.o(i.XDMAD_ConfigureTransfer), (384 bytes).
    Removing xdmad.o(i.XDMAD_FreeChannel), (148 bytes).
    Removing xdmad.o(i.XDMAD_Handler), (288 bytes).
    Removing xdmad.o(i.XDMAD_Initialize), (264 bytes).
    Removing xdmad.o(i.XDMAD_IsTransferDone), (152 bytes).
    Removing xdmad.o(i.XDMAD_PrepareChannel), (264 bytes).
    Removing xdmad.o(i.XDMAD_SetCallback), (160 bytes).
    Removing xdmad.o(i.XDMAD_StartTransfer), (256 bytes).
    Removing xdmad.o(i.XDMAD_StopTransfer), (152 bytes).
    Removing xdmad.o(i.free_lock), (74 bytes).
    Removing xdmad.o(i.get_lock), (76 bytes).
    Removing xdmad.o(.constdata), (47 bytes).
    Removing xdmad.o(.data), (6 bytes).
    Removing retarget.o(.rev16_text), (4 bytes).
    Removing retarget.o(.revsh_text), (4 bytes).
    Removing retarget.o(.rrx_text), (6 bytes).
    Removing startup_sam.o(.rev16_text), (4 bytes).
    Removing startup_sam.o(.revsh_text), (4 bytes).
    Removing startup_sam.o(.rrx_text), (6 bytes).
    Removing system_samv71.o(.rev16_text), (4 bytes).
    Removing system_samv71.o(.revsh_text), (4 bytes).
    Removing system_samv71.o(.rrx_text), (6 bytes).
    Removing system_samv71.o(i.SystemCoreClockUpdate), (340 bytes).
    Removing system_samv71.o(i.sysclk_disable_usb), (48 bytes).
    Removing system_samv71.o(i.sysclk_enable_usb), (56 bytes).
    Removing system_samv71.o(i.system_init_flash), (124 bytes).
    Removing board_lowlevel.o(.rev16_text), (4 bytes).
    Removing board_lowlevel.o(.revsh_text), (4 bytes).
    Removing board_lowlevel.o(.rrx_text), (6 bytes).
    Removing board_lowlevel.o(.data), (5 bytes).
    Removing board_memories.o(.rev16_text), (4 bytes).
    Removing board_memories.o(.revsh_text), (4 bytes).
    Removing board_memories.o(.rrx_text), (6 bytes).
    Removing board_memories.o(i.BOARD_ConfigureSdram), (264 bytes).
    Removing board_memories.o(i.BOARD_SdramValidation), (536 bytes).
    Removing board_memories.o(.constdata), (168 bytes).
    Removing board_memories.o(.data), (5 bytes).
    Removing dbg_console.o(.rev16_text), (4 bytes).
    Removing dbg_console.o(.revsh_text), (4 bytes).
    Removing dbg_console.o(.rrx_text), (6 bytes).
    Removing dbg_console.o(i.DBG_DumpFrame), (44 bytes).
    Removing dbg_console.o(i.DBG_DumpMemory), (252 bytes).
    Removing dbg_console.o(i.DBG_GetHexa32), (152 bytes).
    Removing dbg_console.o(i.DBG_GetInteger), (224 bytes).
    Removing dbg_console.o(i.DBG_GetIntegerMinMax), (112 bytes).
    Removing dbg_console.o(i.gets), (34 bytes).
    Removing dbg_console.o(i.puts), (22 bytes).
    Removing led.o(.rev16_text), (4 bytes).
    Removing led.o(.revsh_text), (4 bytes).
    Removing led.o(.rrx_text), (6 bytes).
    Removing led.o(i.LED_Clear), (68 bytes).
    Removing led.o(i.LED_Set), (68 bytes).
    Removing led.o(.data), (5 bytes).
    Removing trace.o(.rev16_text), (4 bytes).
    Removing trace.o(.revsh_text), (4 bytes).
    Removing trace.o(.rrx_text), (6 bytes).
    Removing trace.o(i.TRACE_CONFIGURE), (36 bytes).
    Removing trace.o(.constdata), (12 bytes).
    Removing trace.o(.data), (5 bytes).

226 unused section(s) (total 13788 bytes) removed from the image.

==============================================================================

Image Symbol Table

    Local Symbols

    Symbol Name                              Value     Ov Type        Size  Object(Section)

    ../clib/angel/boardlib.s                 0x00000000   Number         0  boardinit2.o ABSOLUTE
    ../clib/angel/boardlib.s                 0x00000000   Number         0  boardshut.o ABSOLUTE
    ../clib/angel/boardlib.s                 0x00000000   Number         0  boardinit1.o ABSOLUTE
    ../clib/angel/boardlib.s                 0x00000000   Number         0  boardinit3.o ABSOLUTE
    ../clib/angel/handlers.s                 0x00000000   Number         0  __scatter_zi.o ABSOLUTE
    ../clib/angel/handlers.s                 0x00000000   Number         0  __scatter_copy.o ABSOLUTE
    ../clib/angel/kernel.s                   0x00000000   Number         0  __rtentry4.o ABSOLUTE
    ../clib/angel/kernel.s                   0x00000000   Number         0  rtexit.o ABSOLUTE
    ../clib/angel/kernel.s                   0x00000000   Number         0  rtexit2.o ABSOLUTE
    ../clib/angel/kernel.s                   0x00000000   Number         0  __rtentry7.o ABSOLUTE
    ../clib/angel/kernel.s                   0x00000000   Number         0  __rtentry2.o ABSOLUTE
    ../clib/angel/kernel.s                   0x00000000   Number         0  __rtentry.o ABSOLUTE
    ../clib/angel/rt.s                       0x00000000   Number         0  rt_raise.o ABSOLUTE
    ../clib/angel/scatter.s                  0x00000000   Number         0  __scatter.o ABSOLUTE
    ../clib/angel/startup.s                  0x00000000   Number         0  __main.o ABSOLUTE
    ../clib/angel/sys.s                      0x00000000   Number         0  sys_stackheap.o ABSOLUTE
    ../clib/angel/sys.s                      0x00000000   Number         0  libspace.o ABSOLUTE
    ../clib/angel/sys.s                      0x00000000   Number         0  use_no_semi.o ABSOLUTE
    ../clib/angel/sys.s                      0x00000000   Number         0  sys_stackheap_outer.o ABSOLUTE
    ../clib/angel/sys.s                      0x00000000   Number         0  indicate_semi.o ABSOLUTE
    ../clib/angel/sysapp.c                   0x00000000   Number         0  sys_command.o ABSOLUTE
    ../clib/armsys.c                         0x00000000   Number         0  no_argv.o ABSOLUTE
    ../clib/armsys.c                         0x00000000   Number         0  argv_veneer.o ABSOLUTE
    ../clib/armsys.c                         0x00000000   Number         0  _get_argv_nomalloc.o ABSOLUTE
    ../clib/armsys.c                         0x00000000   Number         0  argv_veneer.o ABSOLUTE
    ../clib/assert.c                         0x00000000   Number         0  assert.o ABSOLUTE
    ../clib/heapalloc.c                      0x00000000   Number         0  hrguard.o ABSOLUTE
    ../clib/libinit.s                        0x00000000   Number         0  libinit2.o ABSOLUTE
    ../clib/libinit.s                        0x00000000   Number         0  libinit5.o ABSOLUTE
    ../clib/libinit.s                        0x00000000   Number         0  libshutdown2.o ABSOLUTE
    ../clib/libinit.s                        0x00000000   Number         0  libshutdown.o ABSOLUTE
    ../clib/libinit.s                        0x00000000   Number         0  libinit.o ABSOLUTE
    ../clib/memcpset.s                       0x00000000   Number         0  rt_memcpy_w.o ABSOLUTE
    ../clib/misc.s                           0x00000000   Number         0  printf_stubs.o ABSOLUTE
    ../clib/printf.c                         0x00000000   Number         0  __printf_ss_wp.o ABSOLUTE
    ../clib/printf.c                         0x00000000   Number         0  __printf_flags_wp.o ABSOLUTE
    ../clib/printf.c                         0x00000000   Number         0  __printf_wp.o ABSOLUTE
    ../clib/printf.c                         0x00000000   Number         0  __printf_flags_ss.o ABSOLUTE
    ../clib/printf.c                         0x00000000   Number         0  __printf_ss.o ABSOLUTE
    ../clib/printf.c                         0x00000000   Number         0  __printf_flags.o ABSOLUTE
    ../clib/printf.c                         0x00000000   Number         0  _printf_hex_int_ll_ptr.o ABSOLUTE
    ../clib/printf.c                         0x00000000   Number         0  __printf_flags_ss_wp.o ABSOLUTE
    ../clib/printf.c                         0x00000000   Number         0  _printf_hex_int_ptr.o ABSOLUTE
    ../clib/printf.c                         0x00000000   Number         0  _printf_hex_ptr.o ABSOLUTE
    ../clib/printf.c                         0x00000000   Number         0  _printf_pad.o ABSOLUTE
    ../clib/printf.c                         0x00000000   Number         0  _printf_hex_int_ll.o ABSOLUTE
    ../clib/printf.c                         0x00000000   Number         0  _printf_hex_int.o ABSOLUTE
    ../clib/printf.c                         0x00000000   Number         0  _printf_hex_ll.o ABSOLUTE
    ../clib/printf.c                         0x00000000   Number         0  _printf_dec.o ABSOLUTE
    ../clib/printf.c                         0x00000000   Number         0  _printf_char_common.o ABSOLUTE
    ../clib/printf.c                         0x00000000   Number         0  _printf_str.o ABSOLUTE
    ../clib/printf.c                         0x00000000   Number         0  noretval__2printf.o ABSOLUTE
    ../clib/printf.c                         0x00000000   Number         0  _printf_char_file.o ABSOLUTE
    ../clib/printf.c                         0x00000000   Number         0  __printf.o ABSOLUTE
    ../clib/printf.c                         0x00000000   Number         0  _printf_char.o ABSOLUTE
    ../clib/printf.c                         0x00000000   Number         0  _printf_intcommon.o ABSOLUTE
    ../clib/printf.c                         0x00000000   Number         0  __printf_nopercent.o ABSOLUTE
    ../clib/printf.c                         0x00000000   Number         0  __2printf.o ABSOLUTE
    ../clib/printf.c                         0x00000000   Number         0  _printf_hex_ll_ptr.o ABSOLUTE
    ../clib/printf_percent.s                 0x00000000   Number         0  _printf_c.o ABSOLUTE
    ../clib/printf_percent.s                 0x00000000   Number         0  _printf_s.o ABSOLUTE
    ../clib/printf_percent.s                 0x00000000   Number         0  _printf_percent_end.o ABSOLUTE
    ../clib/printf_percent.s                 0x00000000   Number         0  _printf_percent.o ABSOLUTE
    ../clib/printf_percent.s                 0x00000000   Number         0  _printf_d.o ABSOLUTE
    ../clib/printf_percent.s                 0x00000000   Number         0  _printf_x.o ABSOLUTE
    ../clib/signal.c                         0x00000000   Number         0  defsig_segv_inner.o ABSOLUTE
    ../clib/signal.c                         0x00000000   Number         0  defsig_rtmem_formal.o ABSOLUTE
    ../clib/signal.c                         0x00000000   Number         0  defsig_other.o ABSOLUTE
    ../clib/signal.c                         0x00000000   Number         0  defsig_rtred_inner.o ABSOLUTE
    ../clib/signal.c                         0x00000000   Number         0  defsig_cppl_inner.o ABSOLUTE
    ../clib/signal.c                         0x00000000   Number         0  defsig_pvfn_inner.o ABSOLUTE
    ../clib/signal.c                         0x00000000   Number         0  defsig_stak_inner.o ABSOLUTE
    ../clib/signal.c                         0x00000000   Number         0  defsig_rtmem_inner.o ABSOLUTE
    ../clib/signal.c                         0x00000000   Number         0  defsig_fpe_inner.o ABSOLUTE
    ../clib/signal.c                         0x00000000   Number         0  defsig_abrt_inner.o ABSOLUTE
    ../clib/signal.c                         0x00000000   Number         0  defsig_abrt_outer.o ABSOLUTE
    ../clib/signal.c                         0x00000000   Number         0  defsig_exit.o ABSOLUTE
    ../clib/signal.c                         0x00000000   Number         0  __raise.o ABSOLUTE
    ../clib/signal.c                         0x00000000   Number         0  defsig_general.o ABSOLUTE
    ../clib/signal.c                         0x00000000   Number         0  defsig_rtmem_outer.o ABSOLUTE
    ../clib/signal.c                         0x00000000   Number         0  defsig_abrt_formal.o ABSOLUTE
    ../clib/signal.s                         0x00000000   Number         0  defsig.o ABSOLUTE
    ../clib/stdlib.c                         0x00000000   Number         0  abort.o ABSOLUTE
    ../clib/stdlib.c                         0x00000000   Number         0  exit.o ABSOLUTE
    ../fplib/fpinit.s                        0x00000000   Number         0  fpinit.o ABSOLUTE
    ..\..\..\..\libraries\libboard\resources_v71\mdk\retarget.c 0x00000000   Number         0  retarget.o ABSOLUTE
    ..\..\..\..\libraries\libboard\resources_v71\mdk\startup_sam.c 0x00000000   Number         0  startup_sam.o ABSOLUTE
    ..\..\..\..\libraries\libboard\resources_v71\mdk\workaround.s 0x00000000   Number         0  workaround.o ABSOLUTE
    ..\..\..\..\libraries\libboard\resources_v71\system_samv71.c 0x00000000   Number         0  system_samv71.o ABSOLUTE
    ..\..\..\..\libraries\libboard\source\board_lowlevel.c 0x00000000   Number         0  board_lowlevel.o ABSOLUTE
    ..\..\..\..\libraries\libboard\source\board_memories.c 0x00000000   Number         0  board_memories.o ABSOLUTE
    ..\..\..\..\libraries\libboard\source\dbg_console.c 0x00000000   Number         0  dbg_console.o ABSOLUTE
    ..\..\..\..\libraries\libboard\source\led.c 0x00000000   Number         0  led.o ABSOLUTE
    ..\..\..\..\libraries\libboard\source\trace.c 0x00000000   Number         0  trace.o ABSOLUTE
    ..\..\..\..\libraries\libchip\source\exceptions.c 0x00000000   Number         0  exceptions.o ABSOLUTE
    ..\..\..\..\libraries\libchip\source\mpu.c 0x00000000   Number         0  mpu.o ABSOLUTE
    ..\..\..\..\libraries\libchip\source\pio.c 0x00000000   Number         0  pio.o ABSOLUTE
    ..\..\..\..\libraries\libchip\source\pio_it.c 0x00000000   Number         0  pio_it.o ABSOLUTE
    ..\..\..\..\libraries\libchip\source\pmc.c 0x00000000   Number         0  pmc.o ABSOLUTE
    ..\..\..\..\libraries\libchip\source\supc.c 0x00000000   Number         0  supc.o ABSOLUTE
    ..\..\..\..\libraries\libchip\source\tc.c 0x00000000   Number         0  tc.o ABSOLUTE
    ..\..\..\..\libraries\libchip\source\timetick.c 0x00000000   Number         0  timetick.o ABSOLUTE
    ..\..\..\..\libraries\libchip\source\uart.c 0x00000000   Number         0  uart.o ABSOLUTE
    ..\..\..\..\libraries\libchip\source\wdt.c 0x00000000   Number         0  wdt.o ABSOLUTE
    ..\..\..\..\libraries\libchip\source\xdma_hardware_interface.c 0x00000000   Number         0  xdma_hardware_interface.o ABSOLUTE
    ..\..\..\..\libraries\libchip\source\xdmac.c 0x00000000   Number         0  xdmac.o ABSOLUTE
    ..\..\..\..\libraries\libchip\source\xdmad.c 0x00000000   Number         0  xdmad.o ABSOLUTE
    ..\..\main.c                             0x00000000   Number         0  main.o ABSOLUTE
    ..\\..\\..\\..\\libraries\\libboard\\resources_v71\\mdk\\retarget.c 0x00000000   Number         0  retarget.o ABSOLUTE
    ..\\..\\..\\..\\libraries\\libboard\\resources_v71\\mdk\\startup_sam.c 0x00000000   Number         0  startup_sam.o ABSOLUTE
    ..\\..\\..\\..\\libraries\\libboard\\resources_v71\\system_samv71.c 0x00000000   Number         0  system_samv71.o ABSOLUTE
    ..\\..\\..\\..\\libraries\\libboard\\source\\board_lowlevel.c 0x00000000   Number         0  board_lowlevel.o ABSOLUTE
    ..\\..\\..\\..\\libraries\\libboard\\source\\board_memories.c 0x00000000   Number         0  board_memories.o ABSOLUTE
    ..\\..\\..\\..\\libraries\\libboard\\source\\dbg_console.c 0x00000000   Number         0  dbg_console.o ABSOLUTE
    ..\\..\\..\\..\\libraries\\libboard\\source\\led.c 0x00000000   Number         0  led.o ABSOLUTE
    ..\\..\\..\\..\\libraries\\libboard\\source\\trace.c 0x00000000   Number         0  trace.o ABSOLUTE
    ..\\..\\..\\..\\libraries\\libchip\\source\\exceptions.c 0x00000000   Number         0  exceptions.o ABSOLUTE
    ..\\..\\..\\..\\libraries\\libchip\\source\\mpu.c 0x00000000   Number         0  mpu.o ABSOLUTE
    ..\\..\\..\\..\\libraries\\libchip\\source\\pio.c 0x00000000   Number         0  pio.o ABSOLUTE
    ..\\..\\..\\..\\libraries\\libchip\\source\\pio_it.c 0x00000000   Number         0  pio_it.o ABSOLUTE
    ..\\..\\..\\..\\libraries\\libchip\\source\\pmc.c 0x00000000   Number         0  pmc.o ABSOLUTE
    ..\\..\\..\\..\\libraries\\libchip\\source\\supc.c 0x00000000   Number         0  supc.o ABSOLUTE
    ..\\..\\..\\..\\libraries\\libchip\\source\\tc.c 0x00000000   Number         0  tc.o ABSOLUTE
    ..\\..\\..\\..\\libraries\\libchip\\source\\timetick.c 0x00000000   Number         0  timetick.o ABSOLUTE
    ..\\..\\..\\..\\libraries\\libchip\\source\\uart.c 0x00000000   Number         0  uart.o ABSOLUTE
    ..\\..\\..\\..\\libraries\\libchip\\source\\wdt.c 0x00000000   Number         0  wdt.o ABSOLUTE
    ..\\..\\..\\..\\libraries\\libchip\\source\\xdma_hardware_interface.c 0x00000000   Number         0  xdma_hardware_interface.o ABSOLUTE
    ..\\..\\..\\..\\libraries\\libchip\\source\\xdmac.c 0x00000000   Number         0  xdmac.o ABSOLUTE
    ..\\..\\..\\..\\libraries\\libchip\\source\\xdmad.c 0x00000000   Number         0  xdmad.o ABSOLUTE
    ..\\..\\main.c                           0x00000000   Number         0  main.o ABSOLUTE
    dc.s                                     0x00000000   Number         0  dc.o ABSOLUTE
    vectors                                  0x00400000   Section      320  startup_sam.o(vectors)
    !!!main                                  0x00400140   Section        8  __main.o(!!!main)
    !!!scatter                               0x00400148   Section       52  __scatter.o(!!!scatter)
    !!handler_copy                           0x0040017c   Section       26  __scatter_copy.o(!!handler_copy)
    !!handler_zi                             0x00400198   Section       28  __scatter_zi.o(!!handler_zi)
    .ARM.Collect$$_printf_percent$$00000000  0x004001b4   Section        0  _printf_percent.o(.ARM.Collect$$_printf_percent$$00000000)
    .ARM.Collect$$_printf_percent$$00000009  0x004001b4   Section        6  _printf_d.o(.ARM.Collect$$_printf_percent$$00000009)
    .ARM.Collect$$_printf_percent$$0000000C  0x004001ba   Section        6  _printf_x.o(.ARM.Collect$$_printf_percent$$0000000C)
    .ARM.Collect$$_printf_percent$$00000013  0x004001c0   Section        6  _printf_c.o(.ARM.Collect$$_printf_percent$$00000013)
    .ARM.Collect$$_printf_percent$$00000014  0x004001c6   Section        6  _printf_s.o(.ARM.Collect$$_printf_percent$$00000014)
    .ARM.Collect$$_printf_percent$$00000017  0x004001cc   Section        4  _printf_percent_end.o(.ARM.Collect$$_printf_percent$$00000017)
    .ARM.Collect$$libinit$$00000000          0x004001d0   Section        2  libinit.o(.ARM.Collect$$libinit$$00000000)
    .ARM.Collect$$libinit$$00000002          0x004001d2   Section        0  libinit2.o(.ARM.Collect$$libinit$$00000002)
    .ARM.Collect$$libinit$$00000004          0x004001d2   Section        0  libinit2.o(.ARM.Collect$$libinit$$00000004)
    .ARM.Collect$$libinit$$0000000A          0x004001d2   Section        0  libinit2.o(.ARM.Collect$$libinit$$0000000A)
    .ARM.Collect$$libinit$$0000000C          0x004001d2   Section        0  libinit2.o(.ARM.Collect$$libinit$$0000000C)
    .ARM.Collect$$libinit$$0000000E          0x004001d2   Section        0  libinit2.o(.ARM.Collect$$libinit$$0000000E)
    .ARM.Collect$$libinit$$00000011          0x004001d2   Section        0  libinit2.o(.ARM.Collect$$libinit$$00000011)
    .ARM.Collect$$libinit$$00000013          0x004001d2   Section        0  libinit2.o(.ARM.Collect$$libinit$$00000013)
    .ARM.Collect$$libinit$$00000015          0x004001d2   Section        0  libinit2.o(.ARM.Collect$$libinit$$00000015)
    .ARM.Collect$$libinit$$00000017          0x004001d2   Section        0  libinit2.o(.ARM.Collect$$libinit$$00000017)
    .ARM.Collect$$libinit$$00000019          0x004001d2   Section        0  libinit2.o(.ARM.Collect$$libinit$$00000019)
    .ARM.Collect$$libinit$$0000001B          0x004001d2   Section        0  libinit2.o(.ARM.Collect$$libinit$$0000001B)
    .ARM.Collect$$libinit$$0000001D          0x004001d2   Section        0  libinit2.o(.ARM.Collect$$libinit$$0000001D)
    .ARM.Collect$$libinit$$0000001F          0x004001d2   Section        0  libinit2.o(.ARM.Collect$$libinit$$0000001F)
    .ARM.Collect$$libinit$$00000021          0x004001d2   Section        0  libinit2.o(.ARM.Collect$$libinit$$00000021)
    .ARM.Collect$$libinit$$00000023          0x004001d2   Section        0  libinit2.o(.ARM.Collect$$libinit$$00000023)
    .ARM.Collect$$libinit$$00000025          0x004001d2   Section        0  libinit2.o(.ARM.Collect$$libinit$$00000025)
    .ARM.Collect$$libinit$$0000002C          0x004001d2   Section        0  libinit2.o(.ARM.Collect$$libinit$$0000002C)
    .ARM.Collect$$libinit$$0000002E          0x004001d2   Section        0  libinit2.o(.ARM.Collect$$libinit$$0000002E)
    .ARM.Collect$$libinit$$00000030          0x004001d2   Section        0  libinit2.o(.ARM.Collect$$libinit$$00000030)
    .ARM.Collect$$libinit$$00000032          0x004001d2   Section        0  libinit2.o(.ARM.Collect$$libinit$$00000032)
    .ARM.Collect$$libinit$$00000033          0x004001d2   Section        2  libinit2.o(.ARM.Collect$$libinit$$00000033)
    .ARM.Collect$$libshutdown$$00000000      0x004001d4   Section        2  libshutdown.o(.ARM.Collect$$libshutdown$$00000000)
    .ARM.Collect$$libshutdown$$00000002      0x004001d6   Section        0  libshutdown2.o(.ARM.Collect$$libshutdown$$00000002)
    .ARM.Collect$$libshutdown$$00000004      0x004001d6   Section        0  libshutdown2.o(.ARM.Collect$$libshutdown$$00000004)
    .ARM.Collect$$libshutdown$$00000007      0x004001d6   Section        0  libshutdown2.o(.ARM.Collect$$libshutdown$$00000007)
    .ARM.Collect$$libshutdown$$0000000A      0x004001d6   Section        0  libshutdown2.o(.ARM.Collect$$libshutdown$$0000000A)
    .ARM.Collect$$libshutdown$$0000000C      0x004001d6   Section        0  libshutdown2.o(.ARM.Collect$$libshutdown$$0000000C)
    .ARM.Collect$$libshutdown$$0000000F      0x004001d6   Section        0  libshutdown2.o(.ARM.Collect$$libshutdown$$0000000F)
    .ARM.Collect$$libshutdown$$00000010      0x004001d6   Section        2  libshutdown2.o(.ARM.Collect$$libshutdown$$00000010)
    .ARM.Collect$$rtentry$$00000000          0x004001d8   Section        0  __rtentry.o(.ARM.Collect$$rtentry$$00000000)
    .ARM.Collect$$rtentry$$00000002          0x004001d8   Section        0  __rtentry2.o(.ARM.Collect$$rtentry$$00000002)
    .ARM.Collect$$rtentry$$00000007          0x004001d8   Section        4  __rtentry7.o(.ARM.Collect$$rtentry$$00000007)
    .ARM.Collect$$rtentry$$00000009          0x004001dc   Section        0  __rtentry2.o(.ARM.Collect$$rtentry$$00000009)
    .ARM.Collect$$rtentry$$0000000A          0x004001dc   Section        4  __rtentry2.o(.ARM.Collect$$rtentry$$0000000A)
    .ARM.Collect$$rtentry$$0000000C          0x004001e0   Section        0  __rtentry2.o(.ARM.Collect$$rtentry$$0000000C)
    .ARM.Collect$$rtentry$$0000000D          0x004001e0   Section        8  __rtentry2.o(.ARM.Collect$$rtentry$$0000000D)
    .ARM.Collect$$rtentry$$00002718          0x004001e8   Section        4  __rtentry7.o(.ARM.Collect$$rtentry$$00002718)
    __lit__00000000                          0x004001e8   Data           4  __rtentry7.o(.ARM.Collect$$rtentry$$00002718)
    .ARM.Collect$$rtexit$$00000000           0x004001ec   Section        2  rtexit.o(.ARM.Collect$$rtexit$$00000000)
    .ARM.Collect$$rtexit$$00000002           0x004001ee   Section        0  rtexit2.o(.ARM.Collect$$rtexit$$00000002)
    .ARM.Collect$$rtexit$$00000003           0x004001ee   Section        4  rtexit2.o(.ARM.Collect$$rtexit$$00000003)
    .ARM.Collect$$rtexit$$00000004           0x004001f2   Section        6  rtexit2.o(.ARM.Collect$$rtexit$$00000004)
    .text                                    0x004001f8   Section        2  use_no_semi.o(.text)
    .text                                    0x004001fc   Section        0  noretval__2printf.o(.text)
    .text                                    0x00400214   Section        0  _printf_str.o(.text)
    .text                                    0x00400268   Section        0  _printf_dec.o(.text)
    .text                                    0x004002e0   Section        0  _printf_hex_int.o(.text)
    .text                                    0x00400338   Section        0  __printf_flags_wp.o(.text)
    .text                                    0x00400470   Section        0  assert.o(.text)
    .text                                    0x004004f0   Section      100  rt_memcpy_w.o(.text)
    .text                                    0x00400554   Section        0  _printf_intcommon.o(.text)
    .text                                    0x00400606   Section        0  _printf_char.o(.text)
    .text                                    0x00400634   Section        0  _printf_char_file.o(.text)
    .text                                    0x00400658   Section        0  abort.o(.text)
    .text                                    0x00400670   Section        0  _printf_char_common.o(.text)
    _printf_input_char                       0x00400671   Thumb Code    10  _printf_char_common.o(.text)
    .text                                    0x004006a0   Section        0  defsig_abrt_outer.o(.text)
    .text                                    0x004006ae   Section        0  exit.o(.text)
    .text                                    0x004006c0   Section        0  defsig_exit.o(.text)
    .text                                    0x004006cc   Section        0  defsig_abrt_inner.o(.text)
    .text                                    0x004006fc   Section        0  defsig_general.o(.text)
    i.BusFault_Handler                       0x00400730   Section        0  exceptions.o(i.BusFault_Handler)
    i.DBG_Configure                          0x00400788   Section        0  dbg_console.o(i.DBG_Configure)
    i.DBG_GetChar                            0x00400800   Section        0  dbg_console.o(i.DBG_GetChar)
    i.DBG_IsRxReady                          0x00400830   Section        0  dbg_console.o(i.DBG_IsRxReady)
    i.DBG_PutChar                            0x00400858   Section        0  dbg_console.o(i.DBG_PutChar)
    i.Dummy_Handler                          0x00400898   Section        0  startup_sam.o(i.Dummy_Handler)
    i.GetDelayInTicks                        0x004008c0   Section        0  timetick.o(i.GetDelayInTicks)
    i.Get_SW0                                0x00400934   Section        0  main.o(i.Get_SW0)
    i.HardFault_Handler                      0x004009b0   Section        0  exceptions.o(i.HardFault_Handler)
    i.HardFault_reason                       0x00400a08   Section        0  exceptions.o(i.HardFault_reason)
    HardFault_reason                         0x00400a09   Thumb Code   118  exceptions.o(i.HardFault_reason)
    i.LED_Configure                          0x00400a84   Section        0  led.o(i.LED_Configure)
    i.LED_Toggle                             0x00400aa8   Section        0  led.o(i.LED_Toggle)
    i.LowLevelInit                           0x00400aec   Section        0  board_lowlevel.o(i.LowLevelInit)
    i.MPU_CalMPURegionSize                   0x00400af8   Section        0  mpu.o(i.MPU_CalMPURegionSize)
    i.MPU_Enable                             0x00400b14   Section        0  mpu.o(i.MPU_Enable)
    i.MPU_SetRegion                          0x00400b20   Section        0  mpu.o(i.MPU_SetRegion)
    i.MemManage_Handler                      0x00400b30   Section        0  exceptions.o(i.MemManage_Handler)
    i.NMI_Handler                            0x00400b94   Section        0  exceptions.o(i.NMI_Handler)
    i.NVIC_ClearPendingIRQ                   0x00400bbc   Section        0  pio_it.o(i.NVIC_ClearPendingIRQ)
    NVIC_ClearPendingIRQ                     0x00400bbd   Thumb Code    18  pio_it.o(i.NVIC_ClearPendingIRQ)
    i.NVIC_DisableIRQ                        0x00400bd4   Section        0  pio_it.o(i.NVIC_DisableIRQ)
    NVIC_DisableIRQ                          0x00400bd5   Thumb Code    18  pio_it.o(i.NVIC_DisableIRQ)
    i.NVIC_EnableIRQ                         0x00400bec   Section        0  pio_it.o(i.NVIC_EnableIRQ)
    NVIC_EnableIRQ                           0x00400bed   Thumb Code    22  pio_it.o(i.NVIC_EnableIRQ)
    i.NVIC_SetPriority                       0x00400c04   Section        0  pio_it.o(i.NVIC_SetPriority)
    NVIC_SetPriority                         0x00400c05   Thumb Code    32  pio_it.o(i.NVIC_SetPriority)
    i.PIOA_Handler                           0x00400c2c   Section        0  pio_it.o(i.PIOA_Handler)
    i.PIOB_Handler                           0x00400c3c   Section        0  pio_it.o(i.PIOB_Handler)
    i.PIOC_Handler                           0x00400c4c   Section        0  pio_it.o(i.PIOC_Handler)
    i.PIOD_Handler                           0x00400c5c   Section        0  pio_it.o(i.PIOD_Handler)
    i.PIOE_Handler                           0x00400c6c   Section        0  pio_it.o(i.PIOE_Handler)
    i.PIO_Clear                              0x00400c7c   Section        0  pio.o(i.PIO_Clear)
    i.PIO_Configure                          0x00400c84   Section        0  pio.o(i.PIO_Configure)
    i.PIO_ConfigureIt                        0x00400d2c   Section        0  pio_it.o(i.PIO_ConfigureIt)
    i.PIO_DisableIt                          0x00400e20   Section        0  pio_it.o(i.PIO_DisableIt)
    i.PIO_EnableIt                           0x00400e7c   Section        0  pio_it.o(i.PIO_EnableIt)
    i.PIO_Get                                0x00400f24   Section        0  pio.o(i.PIO_Get)
    i.PIO_GetOutputDataStatus                0x00400f4a   Section        0  pio.o(i.PIO_GetOutputDataStatus)
    i.PIO_InitializeInterrupts               0x00400f60   Section        0  pio_it.o(i.PIO_InitializeInterrupts)
    i.PIO_Set                                0x00401068   Section        0  pio.o(i.PIO_Set)
    i.PIO_SetDebounceFilter                  0x00401070   Section        0  pio.o(i.PIO_SetDebounceFilter)
    i.PIO_SetInput                           0x00401090   Section        0  pio.o(i.PIO_SetInput)
    PIO_SetInput                             0x00401091   Thumb Code    54  pio.o(i.PIO_SetInput)
    i.PIO_SetOutput                          0x004010c6   Section        0  pio.o(i.PIO_SetOutput)
    PIO_SetOutput                            0x004010c7   Thumb Code    36  pio.o(i.PIO_SetOutput)
    i.PIO_SetPeripheralA                     0x004010ea   Section        0  pio.o(i.PIO_SetPeripheralA)
    PIO_SetPeripheralA                       0x004010eb   Thumb Code    40  pio.o(i.PIO_SetPeripheralA)
    i.PIO_SetPeripheralB                     0x00401112   Section        0  pio.o(i.PIO_SetPeripheralB)
    PIO_SetPeripheralB                       0x00401113   Thumb Code    36  pio.o(i.PIO_SetPeripheralB)
    i.PIO_SetPeripheralC                     0x00401136   Section        0  pio.o(i.PIO_SetPeripheralC)
    PIO_SetPeripheralC                       0x00401137   Thumb Code    36  pio.o(i.PIO_SetPeripheralC)
    i.PIO_SetPeripheralD                     0x0040115a   Section        0  pio.o(i.PIO_SetPeripheralD)
    PIO_SetPeripheralD                       0x0040115b   Thumb Code    32  pio.o(i.PIO_SetPeripheralD)
    i.PIO_Toggle                             0x0040117a   Section        0  pio.o(i.PIO_Toggle)
    i.PMC_EnablePeripheral                   0x004011a0   Section        0  pmc.o(i.PMC_EnablePeripheral)
    i.PioInterruptHandler                    0x00401234   Section        0  pio_it.o(i.PioInterruptHandler)
    i.Read_Inputs                            0x004012e4   Section        0  main.o(i.Read_Inputs)
    i.Reset_Handler                          0x00401348   Section        0  startup_sam.o(i.Reset_Handler)
    i.SCB_EnableDCache                       0x004013e0   Section        0  main.o(i.SCB_EnableDCache)
    SCB_EnableDCache                         0x004013e1   Thumb Code   148  main.o(i.SCB_EnableDCache)
    i.StackUnwind                            0x0040147c   Section        0  exceptions.o(i.StackUnwind)
    StackUnwind                              0x0040147d   Thumb Code     8  exceptions.o(i.StackUnwind)
    i.SysTick_Handler                        0x00401484   Section        0  timetick.o(i.SysTick_Handler)
    i.SystemInit                             0x004014d4   Section        0  system_samv71.o(i.SystemInit)
    i.TimeTick_Configure                     0x004015f0   Section        0  timetick.o(i.TimeTick_Configure)
    i.Toggle_Outputs                         0x00401708   Section        0  main.o(i.Toggle_Outputs)
    i.UsageFault_Handler                     0x004017a0   Section        0  exceptions.o(i.UsageFault_Handler)
    i.WDT_Disable                            0x004017f4   Section        0  wdt.o(i.WDT_Disable)
    i.Wait                                   0x004017fc   Section        0  timetick.o(i.Wait)
    i._DBGU_Handler                          0x00401878   Section        0  main.o(i._DBGU_Handler)
    _DBGU_Handler                            0x00401879   Thumb Code   104  main.o(i._DBGU_Handler)
    i._PA6_it                                0x00401928   Section        0  main.o(i._PA6_it)
    i._PC19_it                               0x00401988   Section        0  main.o(i._PC19_it)
    i._SetupMemoryRegion                     0x004019f8   Section        0  board_lowlevel.o(i._SetupMemoryRegion)
    i.__assert_puts                          0x00401b5c   Section        0  retarget.o(i.__assert_puts)
    i._is_digit                              0x00401b70   Section        0  __printf_wp.o(i._is_digit)
    i._sys_exit                              0x00401b7e   Section        0  retarget.o(i._sys_exit)
    i._ttywrch                               0x00401b82   Section        0  retarget.o(i._ttywrch)
    i.ferror                                 0x00401b8e   Section        0  retarget.o(i.ferror)
    i.fputc                                  0x00401b98   Section        0  retarget.o(i.fputc)
    i.main                                   0x00401bc4   Section        0  main.o(i.main)
    i.main_screen                            0x00401ce0   Section        0  main.o(i.main_screen)
    .constdata                               0x00401ec8   Section       60  main.o(.constdata)
    .constdata                               0x00401f04   Section       24  dbg_console.o(.constdata)
    .constdata                               0x00401f1c   Section       24  led.o(.constdata)
    pinsLeds                                 0x00401f1c   Data          24  led.o(.constdata)
    .constdata                               0x00401f34   Section       40  _printf_hex_int.o(.constdata)
    uc_hextab                                0x00401f34   Data          20  _printf_hex_int.o(.constdata)
    lc_hextab                                0x00401f48   Data          20  _printf_hex_int.o(.constdata)
    .constdata                               0x00401f5c   Section       17  __printf_flags_wp.o(.constdata)
    maptable                                 0x00401f5c   Data          17  __printf_flags_wp.o(.constdata)
    .data                                    0x20400000   Section       12  pio_it.o(.data)
    cpu_irq_critical_section_counter         0x20400000   Data           4  pio_it.o(.data)
    cpu_irq_prev_interrupt_state             0x20400004   Data           1  pio_it.o(.data)
    _dwNumSources                            0x20400008   Data           4  pio_it.o(.data)
    .data                                    0x2040000c   Section       24  timetick.o(.data)
    cpu_irq_critical_section_counter         0x2040000c   Data           4  timetick.o(.data)
    cpu_irq_prev_interrupt_state             0x20400010   Data           1  timetick.o(.data)
    _dwTickCount                             0x20400014   Data           4  timetick.o(.data)
    SysTickConfigured                        0x20400018   Data           1  timetick.o(.data)
    _dwTickTimer                             0x2040001c   Data           4  timetick.o(.data)
    pTimeEventList                           0x20400020   Data           4  timetick.o(.data)
    .data                                    0x20400024   Section       16  retarget.o(.data)
    cpu_irq_critical_section_counter         0x20400024   Data           4  retarget.o(.data)
    cpu_irq_prev_interrupt_state             0x20400028   Data           1  retarget.o(.data)
    .data                                    0x20400034   Section        4  system_samv71.o(.data)
    .data                                    0x20400038   Section        6  dbg_console.o(.data)
    cpu_irq_critical_section_counter         0x20400038   Data           4  dbg_console.o(.data)
    cpu_irq_prev_interrupt_state             0x2040003c   Data           1  dbg_console.o(.data)
    _ucIsConsoleInitialized                  0x2040003d   Data           1  dbg_console.o(.data)
    .bss                                     0x20400040   Section       56  pio_it.o(.bss)
    _aIntSources                             0x20400040   Data          56  pio_it.o(.bss)
    .bss                                     0x20400078   Section       16  timetick.o(.bss)

    Global Symbols

    Symbol Name                              Value     Ov Type        Size  Object(Section)

    BuildAttributes$$THM_ISAv4$E$P$D$K$B$S$7EM$PE$PLD8$A:L22UL41UL21$X:L11$S22US41US21$IEEE1$IW$USESV6$~STKCKD$USESV7$~SHL$OSPACE$ROPI$EBA8$UX$STANDARDLIB$REQ8$PRES8$EABIv2 0x00000000   Number         0  anon$$obj.o ABSOLUTE
    __ARM_use_no_argv                        0x00000000   Number         0  main.o ABSOLUTE
    _printf_flags                            0x00000000   Number         0  printf_stubs.o ABSOLUTE
    _printf_return_value                     0x00000000   Number         0  printf_stubs.o ABSOLUTE
    _printf_sizespec                         0x00000000   Number         0  printf_stubs.o ABSOLUTE
    _printf_widthprec                        0x00000000   Number         0  printf_stubs.o ABSOLUTE
    Image$$ZI$$Limit                          - Undefined Weak Reference
    __ARM_exceptions_init                     - Undefined Weak Reference
    __alloca_initialize                       - Undefined Weak Reference
    __arm_preinit_                            - Undefined Weak Reference
    __cpp_initialize__aeabi_                  - Undefined Weak Reference
    __cxa_finalize                            - Undefined Weak Reference
    __rt_locale                               - Undefined Weak Reference
    __sigvec_lookup                           - Undefined Weak Reference
    _atexit_init                              - Undefined Weak Reference
    _call_atexit_fns                          - Undefined Weak Reference
    _clock_init                               - Undefined Weak Reference
    _fp_trap_init                             - Undefined Weak Reference
    _fp_trap_shutdown                         - Undefined Weak Reference
    _get_lc_collate                           - Undefined Weak Reference
    _get_lc_ctype                             - Undefined Weak Reference
    _get_lc_monetary                          - Undefined Weak Reference
    _get_lc_numeric                           - Undefined Weak Reference
    _get_lc_time                              - Undefined Weak Reference
    _getenv_init                              - Undefined Weak Reference
    _handle_redirection                       - Undefined Weak Reference
    _init_alloc                               - Undefined Weak Reference
    _init_user_alloc                          - Undefined Weak Reference
    _initio                                   - Undefined Weak Reference
    _printf_mbtowc                            - Undefined Weak Reference
    _printf_truncate_signed                   - Undefined Weak Reference
    _printf_truncate_unsigned                 - Undefined Weak Reference
    _rand_init                                - Undefined Weak Reference
    _signal_finish                            - Undefined Weak Reference
    _signal_init                              - Undefined Weak Reference
    _terminate_alloc                          - Undefined Weak Reference
    _terminate_user_alloc                     - Undefined Weak Reference
    _terminateio                              - Undefined Weak Reference
    Image$$Vector_region$$Base               0x00400000   Number         0  anon$$obj.o ABSOLUTE
    __vector_table                           0x00400000   Data         320  startup_sam.o(vectors)
    __main                                   0x00400141   Thumb Code     8  __main.o(!!!main)
    __scatterload                            0x00400149   Thumb Code     0  __scatter.o(!!!scatter)
    __scatterload_rt2                        0x00400149   Thumb Code    44  __scatter.o(!!!scatter)
    __scatterload_rt2_thumb_only             0x00400149   Thumb Code     0  __scatter.o(!!!scatter)
    __scatterload_null                       0x00400157   Thumb Code     0  __scatter.o(!!!scatter)
    __scatterload_copy                       0x0040017d   Thumb Code    26  __scatter_copy.o(!!handler_copy)
    __scatterload_zeroinit                   0x00400199   Thumb Code    28  __scatter_zi.o(!!handler_zi)
    _printf_d                                0x004001b5   Thumb Code     0  _printf_d.o(.ARM.Collect$$_printf_percent$$00000009)
    _printf_percent                          0x004001b5   Thumb Code     0  _printf_percent.o(.ARM.Collect$$_printf_percent$$00000000)
    _printf_x                                0x004001bb   Thumb Code     0  _printf_x.o(.ARM.Collect$$_printf_percent$$0000000C)
    _printf_c                                0x004001c1   Thumb Code     0  _printf_c.o(.ARM.Collect$$_printf_percent$$00000013)
    _printf_s                                0x004001c7   Thumb Code     0  _printf_s.o(.ARM.Collect$$_printf_percent$$00000014)
    _printf_percent_end                      0x004001cd   Thumb Code     0  _printf_percent_end.o(.ARM.Collect$$_printf_percent$$00000017)
    __rt_lib_init                            0x004001d1   Thumb Code     0  libinit.o(.ARM.Collect$$libinit$$00000000)
    __rt_lib_init_alloca_1                   0x004001d3   Thumb Code     0  libinit2.o(.ARM.Collect$$libinit$$0000002E)
    __rt_lib_init_argv_1                     0x004001d3   Thumb Code     0  libinit2.o(.ARM.Collect$$libinit$$0000002C)
    __rt_lib_init_atexit_1                   0x004001d3   Thumb Code     0  libinit2.o(.ARM.Collect$$libinit$$0000001B)
    __rt_lib_init_clock_1                    0x004001d3   Thumb Code     0  libinit2.o(.ARM.Collect$$libinit$$00000021)
    __rt_lib_init_cpp_1                      0x004001d3   Thumb Code     0  libinit2.o(.ARM.Collect$$libinit$$00000032)
    __rt_lib_init_exceptions_1               0x004001d3   Thumb Code     0  libinit2.o(.ARM.Collect$$libinit$$00000030)
    __rt_lib_init_fp_1                       0x004001d3   Thumb Code     0  libinit2.o(.ARM.Collect$$libinit$$00000002)
    __rt_lib_init_fp_trap_1                  0x004001d3   Thumb Code     0  libinit2.o(.ARM.Collect$$libinit$$0000001F)
    __rt_lib_init_getenv_1                   0x004001d3   Thumb Code     0  libinit2.o(.ARM.Collect$$libinit$$00000023)
    __rt_lib_init_heap_1                     0x004001d3   Thumb Code     0  libinit2.o(.ARM.Collect$$libinit$$0000000A)
    __rt_lib_init_lc_collate_1               0x004001d3   Thumb Code     0  libinit2.o(.ARM.Collect$$libinit$$00000011)
    __rt_lib_init_lc_ctype_1                 0x004001d3   Thumb Code     0  libinit2.o(.ARM.Collect$$libinit$$00000013)
    __rt_lib_init_lc_monetary_1              0x004001d3   Thumb Code     0  libinit2.o(.ARM.Collect$$libinit$$00000015)
    __rt_lib_init_lc_numeric_1               0x004001d3   Thumb Code     0  libinit2.o(.ARM.Collect$$libinit$$00000017)
    __rt_lib_init_lc_time_1                  0x004001d3   Thumb Code     0  libinit2.o(.ARM.Collect$$libinit$$00000019)
    __rt_lib_init_preinit_1                  0x004001d3   Thumb Code     0  libinit2.o(.ARM.Collect$$libinit$$00000004)
    __rt_lib_init_rand_1                     0x004001d3   Thumb Code     0  libinit2.o(.ARM.Collect$$libinit$$0000000E)
    __rt_lib_init_return                     0x004001d3   Thumb Code     0  libinit2.o(.ARM.Collect$$libinit$$00000033)
    __rt_lib_init_signal_1                   0x004001d3   Thumb Code     0  libinit2.o(.ARM.Collect$$libinit$$0000001D)
    __rt_lib_init_stdio_1                    0x004001d3   Thumb Code     0  libinit2.o(.ARM.Collect$$libinit$$00000025)
    __rt_lib_init_user_alloc_1               0x004001d3   Thumb Code     0  libinit2.o(.ARM.Collect$$libinit$$0000000C)
    __rt_lib_shutdown                        0x004001d5   Thumb Code     0  libshutdown.o(.ARM.Collect$$libshutdown$$00000000)
    __rt_lib_shutdown_cpp_1                  0x004001d7   Thumb Code     0  libshutdown2.o(.ARM.Collect$$libshutdown$$00000002)
    __rt_lib_shutdown_fp_trap_1              0x004001d7   Thumb Code     0  libshutdown2.o(.ARM.Collect$$libshutdown$$00000007)
    __rt_lib_shutdown_heap_1                 0x004001d7   Thumb Code     0  libshutdown2.o(.ARM.Collect$$libshutdown$$0000000F)
    __rt_lib_shutdown_return                 0x004001d7   Thumb Code     0  libshutdown2.o(.ARM.Collect$$libshutdown$$00000010)
    __rt_lib_shutdown_signal_1               0x004001d7   Thumb Code     0  libshutdown2.o(.ARM.Collect$$libshutdown$$0000000A)
    __rt_lib_shutdown_stdio_1                0x004001d7   Thumb Code     0  libshutdown2.o(.ARM.Collect$$libshutdown$$00000004)
    __rt_lib_shutdown_user_alloc_1           0x004001d7   Thumb Code     0  libshutdown2.o(.ARM.Collect$$libshutdown$$0000000C)
    __rt_entry                               0x004001d9   Thumb Code     0  __rtentry.o(.ARM.Collect$$rtentry$$00000000)
    __rt_entry_presh_1                       0x004001d9   Thumb Code     0  __rtentry2.o(.ARM.Collect$$rtentry$$00000002)
    __rt_entry_sh                            0x004001d9   Thumb Code     0  __rtentry7.o(.ARM.Collect$$rtentry$$00000007)
    __rt_entry_li                            0x004001dd   Thumb Code     0  __rtentry2.o(.ARM.Collect$$rtentry$$0000000A)
    __rt_entry_postsh_1                      0x004001dd   Thumb Code     0  __rtentry2.o(.ARM.Collect$$rtentry$$00000009)
    __rt_entry_main                          0x004001e1   Thumb Code     0  __rtentry2.o(.ARM.Collect$$rtentry$$0000000D)
    __rt_entry_postli_1                      0x004001e1   Thumb Code     0  __rtentry2.o(.ARM.Collect$$rtentry$$0000000C)
    __rt_exit                                0x004001ed   Thumb Code     0  rtexit.o(.ARM.Collect$$rtexit$$00000000)
    __rt_exit_ls                             0x004001ef   Thumb Code     0  rtexit2.o(.ARM.Collect$$rtexit$$00000003)
    __rt_exit_prels_1                        0x004001ef   Thumb Code     0  rtexit2.o(.ARM.Collect$$rtexit$$00000002)
    __rt_exit_exit                           0x004001f3   Thumb Code     0  rtexit2.o(.ARM.Collect$$rtexit$$00000004)
    __I$use$semihosting                      0x004001f9   Thumb Code     0  use_no_semi.o(.text)
    __use_no_semihosting_swi                 0x004001f9   Thumb Code     2  use_no_semi.o(.text)
    __2printf                                0x004001fd   Thumb Code    20  noretval__2printf.o(.text)
    _printf_str                              0x00400215   Thumb Code    82  _printf_str.o(.text)
    _printf_int_dec                          0x00400269   Thumb Code   104  _printf_dec.o(.text)
    _printf_int_hex                          0x004002e1   Thumb Code    84  _printf_hex_int.o(.text)
    _printf_longlong_hex                     0x004002e1   Thumb Code     0  _printf_hex_int.o(.text)
    __printf                                 0x00400339   Thumb Code   308  __printf_flags_wp.o(.text)
    __aeabi_assert                           0x00400471   Thumb Code    86  assert.o(.text)
    __assert                                 0x00400471   Thumb Code     0  assert.o(.text)
    __aeabi_memcpy4                          0x004004f1   Thumb Code     0  rt_memcpy_w.o(.text)
    __aeabi_memcpy8                          0x004004f1   Thumb Code     0  rt_memcpy_w.o(.text)
    __rt_memcpy_w                            0x004004f1   Thumb Code   100  rt_memcpy_w.o(.text)
    _memcpy_lastbytes_aligned                0x00400539   Thumb Code     0  rt_memcpy_w.o(.text)
    _printf_int_common                       0x00400555   Thumb Code   178  _printf_intcommon.o(.text)
    _printf_cs_common                        0x00400607   Thumb Code    20  _printf_char.o(.text)
    _printf_char                             0x0040061b   Thumb Code    16  _printf_char.o(.text)
    _printf_string                           0x0040062b   Thumb Code     8  _printf_char.o(.text)
    _printf_char_file                        0x00400635   Thumb Code    32  _printf_char_file.o(.text)
    abort                                    0x00400659   Thumb Code    22  abort.o(.text)
    _printf_char_common                      0x0040067b   Thumb Code    32  _printf_char_common.o(.text)
    __rt_SIGABRT                             0x004006a1   Thumb Code    14  defsig_abrt_outer.o(.text)
    exit                                     0x004006af   Thumb Code    18  exit.o(.text)
    __sig_exit                               0x004006c1   Thumb Code    10  defsig_exit.o(.text)
    __rt_SIGABRT_inner                       0x004006cd   Thumb Code    14  defsig_abrt_inner.o(.text)
    __default_signal_display                 0x004006fd   Thumb Code    50  defsig_general.o(.text)
    BusFault_Handler                         0x00400731   Thumb Code    56  exceptions.o(i.BusFault_Handler)
    DBG_Configure                            0x00400789   Thumb Code    96  dbg_console.o(i.DBG_Configure)
    DBG_GetChar                              0x00400801   Thumb Code    36  dbg_console.o(i.DBG_GetChar)
    DBG_IsRxReady                            0x00400831   Thumb Code    28  dbg_console.o(i.DBG_IsRxReady)
    DBG_PutChar                              0x00400859   Thumb Code    50  dbg_console.o(i.DBG_PutChar)
    ACC_Handler                              0x00400899   Thumb Code     0  startup_sam.o(i.Dummy_Handler)
    AES_Handler                              0x00400899   Thumb Code     0  startup_sam.o(i.Dummy_Handler)
    AFEC0_Handler                            0x00400899   Thumb Code     0  startup_sam.o(i.Dummy_Handler)
    AFEC1_Handler                            0x00400899   Thumb Code     0  startup_sam.o(i.Dummy_Handler)
    CCF_Handler                              0x00400899   Thumb Code     0  startup_sam.o(i.Dummy_Handler)
    CCW_Handler                              0x00400899   Thumb Code     0  startup_sam.o(i.Dummy_Handler)
    DACC_Handler                             0x00400899   Thumb Code     0  startup_sam.o(i.Dummy_Handler)
    DebugMon_Handler                         0x00400899   Thumb Code     0  startup_sam.o(i.Dummy_Handler)
    Dummy_Handler                            0x00400899   Thumb Code    10  startup_sam.o(i.Dummy_Handler)
    EFC_Handler                              0x00400899   Thumb Code     0  startup_sam.o(i.Dummy_Handler)
    FPU_Handler                              0x00400899   Thumb Code     0  startup_sam.o(i.Dummy_Handler)
    GMACQ1_Handler                           0x00400899   Thumb Code     0  startup_sam.o(i.Dummy_Handler)
    GMACQ2_Handler                           0x00400899   Thumb Code     0  startup_sam.o(i.Dummy_Handler)
    GMAC_Handler                             0x00400899   Thumb Code     0  startup_sam.o(i.Dummy_Handler)
    HSMCI_Handler                            0x00400899   Thumb Code     0  startup_sam.o(i.Dummy_Handler)
    ICM_Handler                              0x00400899   Thumb Code     0  startup_sam.o(i.Dummy_Handler)
    ISI_Handler                              0x00400899   Thumb Code     0  startup_sam.o(i.Dummy_Handler)
    MCAN0_Handler                            0x00400899   Thumb Code     0  startup_sam.o(i.Dummy_Handler)
    MCAN0_Line1_Handler                      0x00400899   Thumb Code     0  startup_sam.o(i.Dummy_Handler)
    MCAN1_Handler                            0x00400899   Thumb Code     0  startup_sam.o(i.Dummy_Handler)
    MCAN1_Line1_Handler                      0x00400899   Thumb Code     0  startup_sam.o(i.Dummy_Handler)
    MLB_Handler                              0x00400899   Thumb Code     0  startup_sam.o(i.Dummy_Handler)
    PMC_Handler                              0x00400899   Thumb Code     0  startup_sam.o(i.Dummy_Handler)
    PWM0_Handler                             0x00400899   Thumb Code     0  startup_sam.o(i.Dummy_Handler)
    PWM1_Handler                             0x00400899   Thumb Code     0  startup_sam.o(i.Dummy_Handler)
    PendSV_Handler                           0x00400899   Thumb Code     0  startup_sam.o(i.Dummy_Handler)
    QSPI_Handler                             0x00400899   Thumb Code     0  startup_sam.o(i.Dummy_Handler)
    RSTC_Handler                             0x00400899   Thumb Code     0  startup_sam.o(i.Dummy_Handler)
    RSWDT_Handler                            0x00400899   Thumb Code     0  startup_sam.o(i.Dummy_Handler)
    RTC_Handler                              0x00400899   Thumb Code     0  startup_sam.o(i.Dummy_Handler)
    RTT_Handler                              0x00400899   Thumb Code     0  startup_sam.o(i.Dummy_Handler)
    SDRAMC_Handler                           0x00400899   Thumb Code     0  startup_sam.o(i.Dummy_Handler)
    SPI0_Handler                             0x00400899   Thumb Code     0  startup_sam.o(i.Dummy_Handler)
    SPI1_Handler                             0x00400899   Thumb Code     0  startup_sam.o(i.Dummy_Handler)
    SSC_Handler                              0x00400899   Thumb Code     0  startup_sam.o(i.Dummy_Handler)
    SUPC_Handler                             0x00400899   Thumb Code     0  startup_sam.o(i.Dummy_Handler)
    SVC_Handler                              0x00400899   Thumb Code     0  startup_sam.o(i.Dummy_Handler)
    TC0_Handler                              0x00400899   Thumb Code     0  startup_sam.o(i.Dummy_Handler)
    TC10_Handler                             0x00400899   Thumb Code     0  startup_sam.o(i.Dummy_Handler)
    TC11_Handler                             0x00400899   Thumb Code     0  startup_sam.o(i.Dummy_Handler)
    TC1_Handler                              0x00400899   Thumb Code     0  startup_sam.o(i.Dummy_Handler)
    TC2_Handler                              0x00400899   Thumb Code     0  startup_sam.o(i.Dummy_Handler)
    TC3_Handler                              0x00400899   Thumb Code     0  startup_sam.o(i.Dummy_Handler)
    TC4_Handler                              0x00400899   Thumb Code     0  startup_sam.o(i.Dummy_Handler)
    TC5_Handler                              0x00400899   Thumb Code     0  startup_sam.o(i.Dummy_Handler)
    TC6_Handler                              0x00400899   Thumb Code     0  startup_sam.o(i.Dummy_Handler)
    TC7_Handler                              0x00400899   Thumb Code     0  startup_sam.o(i.Dummy_Handler)
    TC8_Handler                              0x00400899   Thumb Code     0  startup_sam.o(i.Dummy_Handler)
    TC9_Handler                              0x00400899   Thumb Code     0  startup_sam.o(i.Dummy_Handler)
    TRNG_Handler                             0x00400899   Thumb Code     0  startup_sam.o(i.Dummy_Handler)
    TWIHS0_Handler                           0x00400899   Thumb Code     0  startup_sam.o(i.Dummy_Handler)
    TWIHS1_Handler                           0x00400899   Thumb Code     0  startup_sam.o(i.Dummy_Handler)
    TWIHS2_Handler                           0x00400899   Thumb Code     0  startup_sam.o(i.Dummy_Handler)
    UART0_Handler                            0x00400899   Thumb Code     0  startup_sam.o(i.Dummy_Handler)
    UART1_Handler                            0x00400899   Thumb Code     0  startup_sam.o(i.Dummy_Handler)
    UART2_Handler                            0x00400899   Thumb Code     0  startup_sam.o(i.Dummy_Handler)
    UART3_Handler                            0x00400899   Thumb Code     0  startup_sam.o(i.Dummy_Handler)
    UART4_Handler                            0x00400899   Thumb Code     0  startup_sam.o(i.Dummy_Handler)
    USART0_Handler                           0x00400899   Thumb Code     0  startup_sam.o(i.Dummy_Handler)
    USART1_Handler                           0x00400899   Thumb Code     0  startup_sam.o(i.Dummy_Handler)
    USART2_Handler                           0x00400899   Thumb Code     0  startup_sam.o(i.Dummy_Handler)
    USBHS_Handler                            0x00400899   Thumb Code     0  startup_sam.o(i.Dummy_Handler)
    WDT_Handler                              0x00400899   Thumb Code     0  startup_sam.o(i.Dummy_Handler)
    XDMAC_Handler                            0x00400899   Thumb Code     0  startup_sam.o(i.Dummy_Handler)
    GetDelayInTicks                          0x004008c1   Thumb Code    42  timetick.o(i.GetDelayInTicks)
    Get_SW0                                  0x00400935   Thumb Code    56  main.o(i.Get_SW0)
    HardFault_Handler                        0x004009b1   Thumb Code    54  exceptions.o(i.HardFault_Handler)
    LED_Configure                            0x00400a85   Thumb Code    30  led.o(i.LED_Configure)
    LED_Toggle                               0x00400aa9   Thumb Code    62  led.o(i.LED_Toggle)
    LowLevelInit                             0x00400aed   Thumb Code    12  board_lowlevel.o(i.LowLevelInit)
    MPU_CalMPURegionSize                     0x00400af9   Thumb Code    28  mpu.o(i.MPU_CalMPURegionSize)
    MPU_Enable                               0x00400b15   Thumb Code     6  mpu.o(i.MPU_Enable)
    MPU_SetRegion                            0x00400b21   Thumb Code    10  mpu.o(i.MPU_SetRegion)
    MemManage_Handler                        0x00400b31   Thumb Code    52  exceptions.o(i.MemManage_Handler)
    NMI_Handler                              0x00400b95   Thumb Code    10  exceptions.o(i.NMI_Handler)
    PIOA_Handler                             0x00400c2d   Thumb Code    12  pio_it.o(i.PIOA_Handler)
    PIOB_Handler                             0x00400c3d   Thumb Code    12  pio_it.o(i.PIOB_Handler)
    PIOC_Handler                             0x00400c4d   Thumb Code    12  pio_it.o(i.PIOC_Handler)
    PIOD_Handler                             0x00400c5d   Thumb Code    12  pio_it.o(i.PIOD_Handler)
    PIOE_Handler                             0x00400c6d   Thumb Code    12  pio_it.o(i.PIOE_Handler)
    PIO_Clear                                0x00400c7d   Thumb Code     8  pio.o(i.PIO_Clear)
    PIO_Configure                            0x00400c85   Thumb Code   166  pio.o(i.PIO_Configure)
    PIO_ConfigureIt                          0x00400d2d   Thumb Code   138  pio_it.o(i.PIO_ConfigureIt)
    PIO_DisableIt                            0x00400e21   Thumb Code    28  pio_it.o(i.PIO_DisableIt)
    PIO_EnableIt                             0x00400e7d   Thumb Code    80  pio_it.o(i.PIO_EnableIt)
    PIO_Get                                  0x00400f25   Thumb Code    38  pio.o(i.PIO_Get)
    PIO_GetOutputDataStatus                  0x00400f4b   Thumb Code    20  pio.o(i.PIO_GetOutputDataStatus)
    PIO_InitializeInterrupts                 0x00400f61   Thumb Code   240  pio_it.o(i.PIO_InitializeInterrupts)
    PIO_Set                                  0x00401069   Thumb Code     8  pio.o(i.PIO_Set)
    PIO_SetDebounceFilter                    0x00401071   Thumb Code    32  pio.o(i.PIO_SetDebounceFilter)
    PIO_Toggle                               0x0040117b   Thumb Code    36  pio.o(i.PIO_Toggle)
    PMC_EnablePeripheral                     0x004011a1   Thumb Code    88  pmc.o(i.PMC_EnablePeripheral)
    PioInterruptHandler                      0x00401235   Thumb Code   100  pio_it.o(i.PioInterruptHandler)
    Read_Inputs                              0x004012e5   Thumb Code    50  main.o(i.Read_Inputs)
    Reset_Handler                            0x00401349   Thumb Code   126  startup_sam.o(i.Reset_Handler)
    SysTick_Handler                          0x00401485   Thumb Code    66  timetick.o(i.SysTick_Handler)
    SystemInit                               0x004014d5   Thumb Code   242  system_samv71.o(i.SystemInit)
    TimeTick_Configure                       0x004015f1   Thumb Code   164  timetick.o(i.TimeTick_Configure)
    Toggle_Outputs                           0x00401709   Thumb Code    70  main.o(i.Toggle_Outputs)
    UsageFault_Handler                       0x004017a1   Thumb Code    52  exceptions.o(i.UsageFault_Handler)
    WDT_Disable                              0x004017f5   Thumb Code     8  wdt.o(i.WDT_Disable)
    Wait                                     0x004017fd   Thumb Code    48  timetick.o(i.Wait)
    _PA6_it                                  0x00401929   Thumb Code    28  main.o(i._PA6_it)
    _PC19_it                                 0x00401989   Thumb Code    40  main.o(i._PC19_it)
    _SetupMemoryRegion                       0x004019f9   Thumb Code   284  board_lowlevel.o(i._SetupMemoryRegion)
    __assert_puts                            0x00401b5d   Thumb Code    14  retarget.o(i.__assert_puts)
    _is_digit                                0x00401b71   Thumb Code    14  __printf_wp.o(i._is_digit)
    _sys_exit                                0x00401b7f   Thumb Code     4  retarget.o(i._sys_exit)
    _ttywrch                                 0x00401b83   Thumb Code    12  retarget.o(i._ttywrch)
    ferror                                   0x00401b8f   Thumb Code     8  retarget.o(i.ferror)
    fputc                                    0x00401b99   Thumb Code    34  retarget.o(i.fputc)
    main                                     0x00401bc5   Thumb Code   224  main.o(i.main)
    main_screen                              0x00401ce1   Thumb Code    76  main.o(i.main_screen)
    mypins                                   0x00401ec8   Data          60  main.o(.constdata)
    Region$$Table$$Base                      0x00401f70   Number         0  anon$$obj.o(Region$$Table)
    Region$$Table$$Limit                     0x00401f90   Number         0  anon$$obj.o(Region$$Table)
    __stdout                                 0x2040002c   Data           4  retarget.o(.data)
    __stderr                                 0x20400030   Data           4  retarget.o(.data)
    SystemCoreClock                          0x20400034   Data           4  system_samv71.o(.data)
    DelayTimer                               0x20400078   Data          16  timetick.o(.bss)
    Image$$ARM_LIB_HEAP$$ZI$$Base            0x20400088   Number         0  anon$$obj.o ABSOLUTE
    Image$$ARM_LIB_HEAP$$ZI$$Limit           0x20401088   Number         0  anon$$obj.o ABSOLUTE
    Image$$ARM_LIB_STACK$$ZI$$Limit          0x20403088   Number         0  anon$$obj.o ABSOLUTE



==============================================================================

Memory Map of the image

  Image Entry point : 0x00400141

  Load Region LR_IROM1 (Base: 0x00400000, Size: 0x00001fd0, Max: 0x00200000, ABSOLUTE)

    Execution Region Vector_region (Base: 0x00400000, Size: 0x00000140, Max: 0xffffffff, ABSOLUTE)

    Base Addr    Size         Type   Attr      Idx    E Section Name        Object

    0x00400000   0x00000140   Data   RO         2167    vectors             startup_sam.o


    Execution Region ROM (Base: 0x00400140, Size: 0x00001e50, Max: 0xffffffff, ABSOLUTE)

    Base Addr    Size         Type   Attr      Idx    E Section Name        Object

    0x00400140   0x00000008   Code   RO         2835  * !!!main             c_w.l(__main.o)
    0x00400148   0x00000034   Code   RO         3014    !!!scatter          c_w.l(__scatter.o)
    0x0040017c   0x0000001a   Code   RO         3016    !!handler_copy      c_w.l(__scatter_copy.o)
    0x00400196   0x00000002   PAD
    0x00400198   0x0000001c   Code   RO         3018    !!handler_zi        c_w.l(__scatter_zi.o)
    0x004001b4   0x00000000   Code   RO         2830    .ARM.Collect$$_printf_percent$$00000000  c_w.l(_printf_percent.o)
    0x004001b4   0x00000006   Code   RO         2829    .ARM.Collect$$_printf_percent$$00000009  c_w.l(_printf_d.o)
    0x004001ba   0x00000006   Code   RO         2828    .ARM.Collect$$_printf_percent$$0000000C  c_w.l(_printf_x.o)
    0x004001c0   0x00000006   Code   RO         2826    .ARM.Collect$$_printf_percent$$00000013  c_w.l(_printf_c.o)
    0x004001c6   0x00000006   Code   RO         2827    .ARM.Collect$$_printf_percent$$00000014  c_w.l(_printf_s.o)
    0x004001cc   0x00000004   Code   RO         2844    .ARM.Collect$$_printf_percent$$00000017  c_w.l(_printf_percent_end.o)
    0x004001d0   0x00000002   Code   RO         2890    .ARM.Collect$$libinit$$00000000  c_w.l(libinit.o)
    0x004001d2   0x00000000   Code   RO         2903    .ARM.Collect$$libinit$$00000002  c_w.l(libinit2.o)
    0x004001d2   0x00000000   Code   RO         2905    .ARM.Collect$$libinit$$00000004  c_w.l(libinit2.o)
    0x004001d2   0x00000000   Code   RO         2908    .ARM.Collect$$libinit$$0000000A  c_w.l(libinit2.o)
    0x004001d2   0x00000000   Code   RO         2910    .ARM.Collect$$libinit$$0000000C  c_w.l(libinit2.o)
    0x004001d2   0x00000000   Code   RO         2912    .ARM.Collect$$libinit$$0000000E  c_w.l(libinit2.o)
    0x004001d2   0x00000000   Code   RO         2915    .ARM.Collect$$libinit$$00000011  c_w.l(libinit2.o)
    0x004001d2   0x00000000   Code   RO         2917    .ARM.Collect$$libinit$$00000013  c_w.l(libinit2.o)
    0x004001d2   0x00000000   Code   RO         2919    .ARM.Collect$$libinit$$00000015  c_w.l(libinit2.o)
    0x004001d2   0x00000000   Code   RO         2921    .ARM.Collect$$libinit$$00000017  c_w.l(libinit2.o)
    0x004001d2   0x00000000   Code   RO         2923    .ARM.Collect$$libinit$$00000019  c_w.l(libinit2.o)
    0x004001d2   0x00000000   Code   RO         2925    .ARM.Collect$$libinit$$0000001B  c_w.l(libinit2.o)
    0x004001d2   0x00000000   Code   RO         2927    .ARM.Collect$$libinit$$0000001D  c_w.l(libinit2.o)
    0x004001d2   0x00000000   Code   RO         2929    .ARM.Collect$$libinit$$0000001F  c_w.l(libinit2.o)
    0x004001d2   0x00000000   Code   RO         2931    .ARM.Collect$$libinit$$00000021  c_w.l(libinit2.o)
    0x004001d2   0x00000000   Code   RO         2933    .ARM.Collect$$libinit$$00000023  c_w.l(libinit2.o)
    0x004001d2   0x00000000   Code   RO         2935    .ARM.Collect$$libinit$$00000025  c_w.l(libinit2.o)
    0x004001d2   0x00000000   Code   RO         2939    .ARM.Collect$$libinit$$0000002C  c_w.l(libinit2.o)
    0x004001d2   0x00000000   Code   RO         2941    .ARM.Collect$$libinit$$0000002E  c_w.l(libinit2.o)
    0x004001d2   0x00000000   Code   RO         2943    .ARM.Collect$$libinit$$00000030  c_w.l(libinit2.o)
    0x004001d2   0x00000000   Code   RO         2945    .ARM.Collect$$libinit$$00000032  c_w.l(libinit2.o)
    0x004001d2   0x00000002   Code   RO         2946    .ARM.Collect$$libinit$$00000033  c_w.l(libinit2.o)
    0x004001d4   0x00000002   Code   RO         2987    .ARM.Collect$$libshutdown$$00000000  c_w.l(libshutdown.o)
    0x004001d6   0x00000000   Code   RO         2997    .ARM.Collect$$libshutdown$$00000002  c_w.l(libshutdown2.o)
    0x004001d6   0x00000000   Code   RO         2999    .ARM.Collect$$libshutdown$$00000004  c_w.l(libshutdown2.o)
    0x004001d6   0x00000000   Code   RO         3002    .ARM.Collect$$libshutdown$$00000007  c_w.l(libshutdown2.o)
    0x004001d6   0x00000000   Code   RO         3005    .ARM.Collect$$libshutdown$$0000000A  c_w.l(libshutdown2.o)
    0x004001d6   0x00000000   Code   RO         3007    .ARM.Collect$$libshutdown$$0000000C  c_w.l(libshutdown2.o)
    0x004001d6   0x00000000   Code   RO         3010    .ARM.Collect$$libshutdown$$0000000F  c_w.l(libshutdown2.o)
    0x004001d6   0x00000002   Code   RO         3011    .ARM.Collect$$libshutdown$$00000010  c_w.l(libshutdown2.o)
    0x004001d8   0x00000000   Code   RO         2837    .ARM.Collect$$rtentry$$00000000  c_w.l(__rtentry.o)
    0x004001d8   0x00000000   Code   RO         2848    .ARM.Collect$$rtentry$$00000002  c_w.l(__rtentry2.o)
    0x004001d8   0x00000004   Code   RO         2862    .ARM.Collect$$rtentry$$00000007  c_w.l(__rtentry7.o)
    0x004001dc   0x00000000   Code   RO         2850    .ARM.Collect$$rtentry$$00000009  c_w.l(__rtentry2.o)
    0x004001dc   0x00000004   Code   RO         2851    .ARM.Collect$$rtentry$$0000000A  c_w.l(__rtentry2.o)
    0x004001e0   0x00000000   Code   RO         2853    .ARM.Collect$$rtentry$$0000000C  c_w.l(__rtentry2.o)
    0x004001e0   0x00000008   Code   RO         2854    .ARM.Collect$$rtentry$$0000000D  c_w.l(__rtentry2.o)
    0x004001e8   0x00000004   Code   RO         2863    .ARM.Collect$$rtentry$$00002718  c_w.l(__rtentry7.o)
    0x004001ec   0x00000002   Code   RO         2896    .ARM.Collect$$rtexit$$00000000  c_w.l(rtexit.o)
    0x004001ee   0x00000000   Code   RO         2953    .ARM.Collect$$rtexit$$00000002  c_w.l(rtexit2.o)
    0x004001ee   0x00000004   Code   RO         2954    .ARM.Collect$$rtexit$$00000003  c_w.l(rtexit2.o)
    0x004001f2   0x00000006   Code   RO         2955    .ARM.Collect$$rtexit$$00000004  c_w.l(rtexit2.o)
    0x004001f8   0x00000002   Code   RO         2771    .text               c_w.l(use_no_semi.o)
    0x004001fa   0x00000002   PAD
    0x004001fc   0x00000018   Code   RO         2775    .text               c_w.l(noretval__2printf.o)
    0x00400214   0x00000052   Code   RO         2781    .text               c_w.l(_printf_str.o)
    0x00400266   0x00000002   PAD
    0x00400268   0x00000078   Code   RO         2783    .text               c_w.l(_printf_dec.o)
    0x004002e0   0x00000058   Code   RO         2788    .text               c_w.l(_printf_hex_int.o)
    0x00400338   0x00000138   Code   RO         2818    .text               c_w.l(__printf_flags_wp.o)
    0x00400470   0x00000080   Code   RO         2831    .text               c_w.l(assert.o)
    0x004004f0   0x00000064   Code   RO         2833    .text               c_w.l(rt_memcpy_w.o)
    0x00400554   0x000000b2   Code   RO         2838    .text               c_w.l(_printf_intcommon.o)
    0x00400606   0x0000002c   Code   RO         2840    .text               c_w.l(_printf_char.o)
    0x00400632   0x00000002   PAD
    0x00400634   0x00000024   Code   RO         2842    .text               c_w.l(_printf_char_file.o)
    0x00400658   0x00000016   Code   RO         2845    .text               c_w.l(abort.o)
    0x0040066e   0x00000002   PAD
    0x00400670   0x00000030   Code   RO         2867    .text               c_w.l(_printf_char_common.o)
    0x004006a0   0x0000000e   Code   RO         2869    .text               c_w.l(defsig_abrt_outer.o)
    0x004006ae   0x00000012   Code   RO         2879    .text               c_w.l(exit.o)
    0x004006c0   0x0000000a   Code   RO         2881    .text               c_w.l(defsig_exit.o)
    0x004006ca   0x00000002   PAD
    0x004006cc   0x00000030   Code   RO         2883    .text               c_w.l(defsig_abrt_inner.o)
    0x004006fc   0x00000032   Code   RO         2900    .text               c_w.l(defsig_general.o)
    0x0040072e   0x00000002   PAD
    0x00400730   0x00000058   Code   RO          644    i.BusFault_Handler  exceptions.o
    0x00400788   0x00000078   Code   RO         2613    i.DBG_Configure     dbg_console.o
    0x00400800   0x00000030   Code   RO         2616    i.DBG_GetChar       dbg_console.o
    0x00400830   0x00000028   Code   RO         2620    i.DBG_IsRxReady     dbg_console.o
    0x00400858   0x00000040   Code   RO         2621    i.DBG_PutChar       dbg_console.o
    0x00400898   0x00000028   Code   RO         2166    i.Dummy_Handler     startup_sam.o
    0x004008c0   0x00000074   Code   RO         1507    i.GetDelayInTicks   timetick.o
    0x00400934   0x0000007c   Code   RO           11    i.Get_SW0           main.o
    0x004009b0   0x00000058   Code   RO          645    i.HardFault_Handler  exceptions.o
    0x00400a08   0x0000007c   Code   RO          646    i.HardFault_reason  exceptions.o
    0x00400a84   0x00000024   Code   RO         2701    i.LED_Configure     led.o
    0x00400aa8   0x00000044   Code   RO         2703    i.LED_Toggle        led.o
    0x00400aec   0x0000000c   Code   RO         2548    i.LowLevelInit      board_lowlevel.o
    0x00400af8   0x0000001c   Code   RO          896    i.MPU_CalMPURegionSize  mpu.o
    0x00400b14   0x0000000c   Code   RO          898    i.MPU_Enable        mpu.o
    0x00400b20   0x00000010   Code   RO          899    i.MPU_SetRegion     mpu.o
    0x00400b30   0x00000064   Code   RO          647    i.MemManage_Handler  exceptions.o
    0x00400b94   0x00000028   Code   RO          648    i.NMI_Handler       exceptions.o
    0x00400bbc   0x00000018   Code   RO         1068    i.NVIC_ClearPendingIRQ  pio_it.o
    0x00400bd4   0x00000018   Code   RO         1069    i.NVIC_DisableIRQ   pio_it.o
    0x00400bec   0x00000016   Code   RO         1070    i.NVIC_EnableIRQ    pio_it.o
    0x00400c02   0x00000002   PAD
    0x00400c04   0x00000028   Code   RO         1071    i.NVIC_SetPriority  pio_it.o
    0x00400c2c   0x00000010   Code   RO         1072    i.PIOA_Handler      pio_it.o
    0x00400c3c   0x00000010   Code   RO         1073    i.PIOB_Handler      pio_it.o
    0x00400c4c   0x00000010   Code   RO         1074    i.PIOC_Handler      pio_it.o
    0x00400c5c   0x00000010   Code   RO         1075    i.PIOD_Handler      pio_it.o
    0x00400c6c   0x00000010   Code   RO         1076    i.PIOE_Handler      pio_it.o
    0x00400c7c   0x00000008   Code   RO          952    i.PIO_Clear         pio.o
    0x00400c84   0x000000a6   Code   RO          953    i.PIO_Configure     pio.o
    0x00400d2a   0x00000002   PAD
    0x00400d2c   0x000000f4   Code   RO         1077    i.PIO_ConfigureIt   pio_it.o
    0x00400e20   0x0000005c   Code   RO         1078    i.PIO_DisableIt     pio_it.o
    0x00400e7c   0x000000a8   Code   RO         1079    i.PIO_EnableIt      pio_it.o
    0x00400f24   0x00000026   Code   RO          956    i.PIO_Get           pio.o
    0x00400f4a   0x00000014   Code   RO          957    i.PIO_GetOutputDataStatus  pio.o
    0x00400f5e   0x00000002   PAD
    0x00400f60   0x00000108   Code   RO         1080    i.PIO_InitializeInterrupts  pio_it.o
    0x00401068   0x00000008   Code   RO          959    i.PIO_Set           pio.o
    0x00401070   0x00000020   Code   RO          960    i.PIO_SetDebounceFilter  pio.o
    0x00401090   0x00000036   Code   RO          961    i.PIO_SetInput      pio.o
    0x004010c6   0x00000024   Code   RO          962    i.PIO_SetOutput     pio.o
    0x004010ea   0x00000028   Code   RO          963    i.PIO_SetPeripheralA  pio.o
    0x00401112   0x00000024   Code   RO          964    i.PIO_SetPeripheralB  pio.o
    0x00401136   0x00000024   Code   RO          965    i.PIO_SetPeripheralC  pio.o
    0x0040115a   0x00000020   Code   RO          966    i.PIO_SetPeripheralD  pio.o
    0x0040117a   0x00000024   Code   RO          968    i.PIO_Toggle        pio.o
    0x0040119e   0x00000002   PAD
    0x004011a0   0x00000094   Code   RO         1188    i.PMC_EnablePeripheral  pmc.o
    0x00401234   0x000000b0   Code   RO         1081    i.PioInterruptHandler  pio_it.o
    0x004012e4   0x00000064   Code   RO           12    i.Read_Inputs       main.o
    0x00401348   0x00000098   Code   RO         2187    i.Reset_Handler     startup_sam.o
    0x004013e0   0x0000009c   Code   RO           13    i.SCB_EnableDCache  main.o
    0x0040147c   0x00000008   Code   RO          649    i.StackUnwind       exceptions.o
    0x00401484   0x00000050   Code   RO         1511    i.SysTick_Handler   timetick.o
    0x004014d4   0x0000011c   Code   RO         2495    i.SystemInit        system_samv71.o
    0x004015f0   0x00000118   Code   RO         1512    i.TimeTick_Configure  timetick.o
    0x00401708   0x00000098   Code   RO           14    i.Toggle_Outputs    main.o
    0x004017a0   0x00000054   Code   RO          650    i.UsageFault_Handler  exceptions.o
    0x004017f4   0x00000008   Code   RO         1687    i.WDT_Disable       wdt.o
    0x004017fc   0x0000007c   Code   RO         1513    i.Wait              timetick.o
    0x00401878   0x000000b0   Code   RO           15    i._DBGU_Handler     main.o
    0x00401928   0x00000060   Code   RO           16    i._PA6_it           main.o
    0x00401988   0x00000070   Code   RO           17    i._PC19_it          main.o
    0x004019f8   0x00000164   Code   RO         2549    i._SetupMemoryRegion  board_lowlevel.o
    0x00401b5c   0x00000014   Code   RO         2111    i.__assert_puts     retarget.o
    0x00401b70   0x0000000e   Code   RO         2816    i._is_digit         c_w.l(__printf_wp.o)
    0x00401b7e   0x00000004   Code   RO         2112    i._sys_exit         retarget.o
    0x00401b82   0x0000000c   Code   RO         2113    i._ttywrch          retarget.o
    0x00401b8e   0x00000008   Code   RO         2114    i.ferror            retarget.o
    0x00401b96   0x00000002   PAD
    0x00401b98   0x0000002c   Code   RO         2115    i.fputc             retarget.o
    0x00401bc4   0x0000011c   Code   RO           18    i.main              main.o
    0x00401ce0   0x000001e8   Code   RO           19    i.main_screen       main.o
    0x00401ec8   0x0000003c   Data   RO           20    .constdata          main.o
    0x00401f04   0x00000018   Data   RO         2624    .constdata          dbg_console.o
    0x00401f1c   0x00000018   Data   RO         2704    .constdata          led.o
    0x00401f34   0x00000028   Data   RO         2789    .constdata          c_w.l(_printf_hex_int.o)
    0x00401f5c   0x00000011   Data   RO         2819    .constdata          c_w.l(__printf_flags_wp.o)
    0x00401f6d   0x00000003   PAD
    0x00401f70   0x00000020   Data   RO         3012    Region$$Table       anon$$obj.o


    Execution Region RW_IRAM1 (Base: 0x20400000, Size: 0x00000088, Max: 0x0005d000, ABSOLUTE)

    Base Addr    Size         Type   Attr      Idx    E Section Name        Object

    0x20400000   0x0000000c   Data   RW         1083    .data               pio_it.o
    0x2040000c   0x00000018   Data   RW         1515    .data               timetick.o
    0x20400024   0x00000010   Data   RW         2116    .data               retarget.o
    0x20400034   0x00000004   Data   RW         2499    .data               system_samv71.o
    0x20400038   0x00000006   Data   RW         2625    .data               dbg_console.o
    0x2040003e   0x00000002   PAD
    0x20400040   0x00000038   Zero   RW         1082    .bss                pio_it.o
    0x20400078   0x00000010   Zero   RW         1514    .bss                timetick.o


    Execution Region ARM_LIB_HEAP (Base: 0x20400088, Size: 0x00001000, Max: 0x00001000, ABSOLUTE)

    Base Addr    Size         Type   Attr      Idx    E Section Name        Object

    0x20400088   0x00001000   Zero   RW            1    ARM_LIB_HEAP.bss    anon$$obj.o


    Execution Region ARM_LIB_STACK (Base: 0x20401088, Size: 0x00002000, Max: 0x00002000, ABSOLUTE)

    Base Addr    Size         Type   Attr      Idx    E Section Name        Object

    0x20401088   0x00002000   Zero   RW            2    ARM_LIB_STACK.bss   anon$$obj.o


    Execution Region SDRAM (Base: 0x70000000, Size: 0x00000000, Max: 0x00200000, ABSOLUTE)

    **** No section assigned to this execution region ****


==============================================================================

Image component sizes


      Code (inc. data)   RO Data    RW Data    ZI Data      Debug   Object Name

       368         72          0          0          0       1276   board_lowlevel.o
       272         62         24          6          0       3736   dbg_console.o
       532        182          0          0          0      83332   exceptions.o
       104         12         24          0          0       1965   led.o
      1688        892         60          0          0     104901   main.o
        56         12          0          0          0       1764   mpu.o
       542          8          0          0          0       8579   pio.o
      1134        398          0         12         56      40692   pio_it.o
       148         60          0          0          0        603   pmc.o
        88         16          0         16          0       5110   retarget.o
       192         56        320          0          0       2310   startup_sam.o
       284         42          0          4          0        955   system_samv71.o
       600        280          0         24         16      35480   timetick.o
         8          0          0          0          0        926   wdt.o

    ----------------------------------------------------------------------
      6026       2092        460         64      12360     291629   Object Totals
         0          0         32          0      12288          0   (incl. Generated)
        10          0          0          2          0          0   (incl. Padding)

    ----------------------------------------------------------------------

      Code (inc. data)   RO Data    RW Data    ZI Data      Debug   Library Member Name

         8          0          0          0          0         68   __main.o
       312          4         17          0          0         92   __printf_flags_wp.o
        14          0          0          0          0         68   __printf_wp.o
         0          0          0          0          0          0   __rtentry.o
        12          0          0          0          0          0   __rtentry2.o
         8          4          0          0          0          0   __rtentry7.o
        52          8          0          0          0          0   __scatter.o
        26          0          0          0          0          0   __scatter_copy.o
        28          0          0          0          0          0   __scatter_zi.o
         6          0          0          0          0          0   _printf_c.o
        44          0          0          0          0        108   _printf_char.o
        48          6          0          0          0         96   _printf_char_common.o
        36          4          0          0          0         80   _printf_char_file.o
         6          0          0          0          0          0   _printf_d.o
       120         16          0          0          0         92   _printf_dec.o
        88          4         40          0          0         88   _printf_hex_int.o
       178          0          0          0          0         88   _printf_intcommon.o
         0          0          0          0          0          0   _printf_percent.o
         4          0          0          0          0          0   _printf_percent_end.o
         6          0          0          0          0          0   _printf_s.o
        82          0          0          0          0         80   _printf_str.o
         6          0          0          0          0          0   _printf_x.o
        22          0          0          0          0         80   abort.o
       128         42          0          0          0         76   assert.o
        48         34          0          0          0         76   defsig_abrt_inner.o
        14          0          0          0          0         80   defsig_abrt_outer.o
        10          0          0          0          0         68   defsig_exit.o
        50          0          0          0          0         88   defsig_general.o
        18          0          0          0          0         80   exit.o
         2          0          0          0          0          0   libinit.o
         2          0          0          0          0          0   libinit2.o
         2          0          0          0          0          0   libshutdown.o
         2          0          0          0          0          0   libshutdown2.o
        24          4          0          0          0         84   noretval__2printf.o
       100          0          0          0          0         80   rt_memcpy_w.o
         2          0          0          0          0          0   rtexit.o
        10          0          0          0          0          0   rtexit2.o
         2          0          0          0          0         68   use_no_semi.o

    ----------------------------------------------------------------------
      1534        126         60          0          0       1640   Library Totals
        14          0          3          0          0          0   (incl. Padding)

    ----------------------------------------------------------------------

      Code (inc. data)   RO Data    RW Data    ZI Data      Debug   Library Name

      1520        126         57          0          0       1640   c_w.l

    ----------------------------------------------------------------------
      1534        126         60          0          0       1640   Library Totals

    ----------------------------------------------------------------------

==============================================================================


      Code (inc. data)   RO Data    RW Data    ZI Data      Debug   

      7560       2218        520         64      12360     289157   Grand Totals
      7560       2218        520         64      12360     289157   ELF Image Totals
      7560       2218        520         64          0          0   ROM Totals

==============================================================================

    Total RO  Size (Code + RO Data)                 8080 (   7.89kB)
    Total RW  Size (RW Data + ZI Data)             12424 (  12.13kB)
    Total ROM Size (Code + RO Data + RW Data)       8144 (   7.95kB)

==============================================================================

