<html>
<body>
<pre>
<h1>µVision Build Log</h1>
<h2>Tool Versions:</h2>
IDE-Version: µVision V5.17.0.0
Copyright (C) 2015 ARM Ltd and ARM Germany GmbH. All rights reserved.
License Information: Gabriel Stroe LTU Flex license: MDK-ARM Professional: 100 user(s) (mdk_pro) Operation stops: 11 Jan 2017
 
Tool Versions:
Toolchain:       MDK-ARM Professional: 100 user(s)  Version: 5.17
Toolchain Path:  C:\Keil_v5\ARM\ARMCC\Bin
C Compiler:      Armcc.exe V5.06 update 1 (build 61)
Assembler:       Armasm.exe V5.06 update 1 (build 61)
Linker/Locator:  ArmLink.exe V5.06 update 1 (build 61)
Library Manager: ArmAr.exe V5.06 update 1 (build 61)
Hex Converter:   FromElf.exe V5.06 update 1 (build 61)
CPU DLL:         SARMCM3.DLL V5.17
Dialog DLL:      DCM.DLL V1.13.4.0
Target DLL:      CMSIS_AGDI.dll V1.23.1.0
Dialog DLL:      TCM.DLL V1.14.6.0
 
<h2>Project:</h2>
C:\Keil_v5\ARM\examples\Atmel\SAMV71_Xplained_Ultra\examples\SoC_Lab09\build\mdk\Soc_Lab09.uvprojx
Project File Date:  04/20/2016

<h2>Output:</h2>
*** Using Compiler 'V5.06 update 1 (build 61)', folder: 'C:\Keil_v5\ARM\ARMCC\Bin'
Build Project 'Soc_Lab09' - Target 'flash'
compiling main.c...
C:\Keil_v5\ARM\examples\Atmel\SAMV71_Xplained_Ultra\examples\SoC_Lab09\main.h(7): warning:  #1-D: last line of file ends without a newline
  extern void phd4(void);
C:\Keil_v5\ARM\examples\Atmel\SAMV71_Xplained_Ultra\examples\SoC_Lab09\main.c(159): warning:  #177-D: variable "clear" was declared but never referenced
  	uint32_t clear = RTT_SR;
C:\Keil_v5\ARM\examples\Atmel\SAMV71_Xplained_Ultra\examples\SoC_Lab09\main.c(177): warning:  #550-D: variable "pCheck" was set but never used
  	bool pCheck;
C:\Keil_v5\ARM\examples\Atmel\SAMV71_Xplained_Ultra\examples\SoC_Lab09\main.c(324): warning:  #167-D: argument of type "void (*)()" is incompatible with parameter of type "void (*)(const Pin *)"
  	PIO_ConfigureIt(&mypins[4],_PA6_it);
C:\Keil_v5\ARM\examples\Atmel\SAMV71_Xplained_Ultra\examples\SoC_Lab09\main.c(325): warning:  #167-D: argument of type "void (*)()" is incompatible with parameter of type "void (*)(const Pin *)"
  	PIO_ConfigureIt(&mypins[3],_PC19_it);
C:\Keil_v5\ARM\examples\Atmel\SAMV71_Xplained_Ultra\examples\SoC_Lab09\main.c(326): warning:  #167-D: argument of type "void (*)()" is incompatible with parameter of type "void (*)(const Pin *)"
  	PIO_ConfigureIt(&mypins[0],Get_SW0);
..\..\main.c: 6 warnings, 0 errors
linking...
Program Size: Code=13152 RO-data=696 RW-data=64 ZI-data=12456  
".\flash\Objects\getting-started.axf" - 0 Error(s), 6 Warning(s).

<h2>Collection of Component include folders:</h2>
  C:\Keil_v5\ARM\examples\Atmel\SAMV71_Xplained_Ultra\examples\SoC_Lab09\build\mdk\RTE
  C:\Keil_v5\ARM\PACK\Keil\SAM-V_DFP\2.2.0\SAMV71\include

<h2>Collection of Component Files used:</h2>
Build Time Elapsed:  00:00:03
</pre>
</body>
</html>
