<html>
<body>
<pre>
<h1>µVision Build Log</h1>
<h2>Tool Versions:</h2>
IDE-Version: µVision V5.17.0.0
Copyright (C) 2015 ARM Ltd and ARM Germany GmbH. All rights reserved.
License Information: Gabriel Stroe LTU Flex license: MDK-ARM Professional: 100 user(s) (mdk_pro) Operation stops: 11 Jan 2017
 
Tool Versions:
Toolchain:       MDK-ARM Professional: 100 user(s)  Version: 5.17
Toolchain Path:  C:\Keil_v5\ARM\ARMCC\Bin
C Compiler:      Armcc.exe V5.06 update 1 (build 61)
Assembler:       Armasm.exe V5.06 update 1 (build 61)
Linker/Locator:  ArmLink.exe V5.06 update 1 (build 61)
Library Manager: ArmAr.exe V5.06 update 1 (build 61)
Hex Converter:   FromElf.exe V5.06 update 1 (build 61)
CPU DLL:         SARMCM3.DLL V5.17
Dialog DLL:      DCM.DLL V1.13.4.0
Target DLL:      CMSIS_AGDI.dll V1.23.1.0
Dialog DLL:      TCM.DLL V1.14.6.0
 
<h2>Project:</h2>
C:\Keil_v5\ARM\examples\Atmel\SAMV71_Xplained_Ultra\examples\uart\build\mdk\uart.uvprojx
Project File Date:  01/20/2016

<h2>Output:</h2>
*** Using Compiler 'V5.06 update 1 (build 61)', folder: 'C:\Keil_v5\ARM\ARMCC\Bin'
Build Project 'uart' - Target 'sram'
assembling workaround.s...
compiling exceptions.c...
compiling mpu.c...
compiling main.c...
compiling pio_it.c...
compiling pio.c...
compiling pmc.c...
compiling supc.c...
compiling tc.c...
compiling timetick.c...
compiling uart.c...
compiling xdma_hardware_interface.c...
compiling wdt.c...
compiling xdmad.c...
compiling xdmac.c...
compiling retarget.c...
compiling system_samv71.c...
compiling startup_sam.c...
compiling uart_dma.c...
compiling board_memories.c...
compiling dbg_console.c...
compiling board_lowlevel.c...
compiling trace.c...
compiling led.c...
linking...
Program Size: Code=13668 RO-data=1008 RW-data=152 ZI-data=13004  
".\sram\Objects\uart.axf" - 0 Error(s), 0 Warning(s).

<h2>Collection of Component include folders:</h2>
  C:\Keil_v5\ARM\examples\Atmel\SAMV71_Xplained_Ultra\examples\uart\build\mdk\RTE
  C:\Keil_v5\ARM\PACK\Keil\SAM-V_DFP\2.2.0\SAMV71\include

<h2>Collection of Component Files used:</h2>
Build Time Elapsed:  00:00:31
</pre>
</body>
</html>
