<!doctype html public "-//w3c//dtd html 4.0 transitional//en">
<html><head>
<title>Static Call Graph - [.\sram\Objects\uart.axf]</title></head>
<body><HR>
<H1>Static Call Graph for image .\sram\Objects\uart.axf</H1><HR>
<BR><P>#&#060CALLGRAPH&#062# ARM Linker, 5060061: Last Updated: Wed Jan 20 12:19:46 2016
<BR><P>
<H3>Maximum Stack Usage =        336 bytes + Unknown(Cycles, Untraceable Function Pointers)</H3><H3>
Call chain for Maximum Stack Depth:</H3>
__rt_entry_main &rArr; main &rArr; UARTD_EnableTxChannels &rArr; _configureUartTxDma &rArr; XDMAD_ConfigureTransfer &rArr; XDMAC_SetDescriptorAddr &rArr; __aeabi_assert &rArr; __assert_puts &rArr; __2printf &rArr; _printf_char_file &rArr; _printf_char_common &rArr; __printf
<P>
<H3>
Mutually Recursive functions
</H3> <LI><a href="#[8b]">PMC_EnablePeripheral</a>&nbsp;&nbsp;&nbsp;&rArr;&nbsp;&nbsp;&nbsp;<a href="#[71]">__aeabi_assert</a><BR>
</UL>
<P>
<H3>
Function Pointers
</H3><UL>
 <LI><a href="#[32]">ACC_Handler</a> from startup_sam.o(i.Dummy_Handler) referenced from startup_sam.o(vectors)
 <LI><a href="#[47]">AES_Handler</a> from startup_sam.o(i.Dummy_Handler) referenced from startup_sam.o(vectors)
 <LI><a href="#[2e]">AFEC0_Handler</a> from startup_sam.o(i.Dummy_Handler) referenced from startup_sam.o(vectors)
 <LI><a href="#[39]">AFEC1_Handler</a> from startup_sam.o(i.Dummy_Handler) referenced from startup_sam.o(vectors)
 <LI><a href="#[c]">BusFault_Handler</a> from exceptions.o(i.BusFault_Handler) referenced from startup_sam.o(vectors)
 <LI><a href="#[2f]">DACC_Handler</a> from startup_sam.o(i.Dummy_Handler) referenced from startup_sam.o(vectors)
 <LI><a href="#[f]">DebugMon_Handler</a> from startup_sam.o(i.Dummy_Handler) referenced from startup_sam.o(vectors)
 <LI><a href="#[18]">EFC_Handler</a> from startup_sam.o(i.Dummy_Handler) referenced from startup_sam.o(vectors)
 <LI><a href="#[38]">GMAC_Handler</a> from startup_sam.o(i.Dummy_Handler) referenced from startup_sam.o(vectors)
 <LI><a href="#[23]">HSMCI_Handler</a> from startup_sam.o(i.Dummy_Handler) referenced from startup_sam.o(vectors)
 <LI><a href="#[a]">HardFault_Handler</a> from exceptions.o(i.HardFault_Handler) referenced from startup_sam.o(vectors)
 <LI><a href="#[31]">ICM_Handler</a> from startup_sam.o(i.Dummy_Handler) referenced from startup_sam.o(vectors)
 <LI><a href="#[4a]">ISI_Handler</a> from startup_sam.o(i.Dummy_Handler) referenced from startup_sam.o(vectors)
 <LI><a href="#[34]">MCAN0_Handler</a> from startup_sam.o(i.Dummy_Handler) referenced from startup_sam.o(vectors)
 <LI><a href="#[35]">MCAN0_Line1_Handler</a> from startup_sam.o(i.Dummy_Handler) referenced from startup_sam.o(vectors)
 <LI><a href="#[36]">MCAN1_Handler</a> from startup_sam.o(i.Dummy_Handler) referenced from startup_sam.o(vectors)
 <LI><a href="#[37]">MCAN1_Line1_Handler</a> from startup_sam.o(i.Dummy_Handler) referenced from startup_sam.o(vectors)
 <LI><a href="#[46]">MLB_Handler</a> from startup_sam.o(i.Dummy_Handler) referenced from startup_sam.o(vectors)
 <LI><a href="#[b]">MemManage_Handler</a> from exceptions.o(i.MemManage_Handler) referenced from startup_sam.o(vectors)
 <LI><a href="#[9]">NMI_Handler</a> from exceptions.o(i.NMI_Handler) referenced from startup_sam.o(vectors)
 <LI><a href="#[1b]">PIOA_Handler</a> from pio_it.o(i.PIOA_Handler) referenced from startup_sam.o(vectors)
 <LI><a href="#[1c]">PIOB_Handler</a> from pio_it.o(i.PIOB_Handler) referenced from startup_sam.o(vectors)
 <LI><a href="#[1d]">PIOC_Handler</a> from pio_it.o(i.PIOC_Handler) referenced from startup_sam.o(vectors)
 <LI><a href="#[21]">PIOD_Handler</a> from pio_it.o(i.PIOD_Handler) referenced from startup_sam.o(vectors)
 <LI><a href="#[22]">PIOE_Handler</a> from pio_it.o(i.PIOE_Handler) referenced from startup_sam.o(vectors)
 <LI><a href="#[17]">PMC_Handler</a> from startup_sam.o(i.Dummy_Handler) referenced from startup_sam.o(vectors)
 <LI><a href="#[30]">PWM0_Handler</a> from startup_sam.o(i.Dummy_Handler) referenced from startup_sam.o(vectors)
 <LI><a href="#[4b]">PWM1_Handler</a> from startup_sam.o(i.Dummy_Handler) referenced from startup_sam.o(vectors)
 <LI><a href="#[10]">PendSV_Handler</a> from startup_sam.o(i.Dummy_Handler) referenced from startup_sam.o(vectors)
 <LI><a href="#[3c]">QSPI_Handler</a> from startup_sam.o(i.Dummy_Handler) referenced from startup_sam.o(vectors)
 <LI><a href="#[13]">RSTC_Handler</a> from startup_sam.o(i.Dummy_Handler) referenced from startup_sam.o(vectors)
 <LI><a href="#[4d]">RSWDT_Handler</a> from startup_sam.o(i.Dummy_Handler) referenced from startup_sam.o(vectors)
 <LI><a href="#[14]">RTC_Handler</a> from startup_sam.o(i.Dummy_Handler) referenced from startup_sam.o(vectors)
 <LI><a href="#[15]">RTT_Handler</a> from startup_sam.o(i.Dummy_Handler) referenced from startup_sam.o(vectors)
 <LI><a href="#[8]">Reset_Handler</a> from startup_sam.o(i.Reset_Handler) referenced from startup_sam.o(vectors)
 <LI><a href="#[4c]">SDRAMC_Handler</a> from startup_sam.o(i.Dummy_Handler) referenced from startup_sam.o(vectors)
 <LI><a href="#[26]">SPI0_Handler</a> from startup_sam.o(i.Dummy_Handler) referenced from startup_sam.o(vectors)
 <LI><a href="#[3b]">SPI1_Handler</a> from startup_sam.o(i.Dummy_Handler) referenced from startup_sam.o(vectors)
 <LI><a href="#[27]">SSC_Handler</a> from startup_sam.o(i.Dummy_Handler) referenced from startup_sam.o(vectors)
 <LI><a href="#[12]">SUPC_Handler</a> from startup_sam.o(i.Dummy_Handler) referenced from startup_sam.o(vectors)
 <LI><a href="#[e]">SVC_Handler</a> from startup_sam.o(i.Dummy_Handler) referenced from startup_sam.o(vectors)
 <LI><a href="#[11]">SysTick_Handler</a> from timetick.o(i.SysTick_Handler) referenced from startup_sam.o(vectors)
 <LI><a href="#[28]">TC0_Handler</a> from startup_sam.o(i.Dummy_Handler) referenced from startup_sam.o(vectors)
 <LI><a href="#[44]">TC10_Handler</a> from startup_sam.o(i.Dummy_Handler) referenced from startup_sam.o(vectors)
 <LI><a href="#[45]">TC11_Handler</a> from startup_sam.o(i.Dummy_Handler) referenced from startup_sam.o(vectors)
 <LI><a href="#[29]">TC1_Handler</a> from startup_sam.o(i.Dummy_Handler) referenced from startup_sam.o(vectors)
 <LI><a href="#[2a]">TC2_Handler</a> from startup_sam.o(i.Dummy_Handler) referenced from startup_sam.o(vectors)
 <LI><a href="#[2b]">TC3_Handler</a> from startup_sam.o(i.Dummy_Handler) referenced from startup_sam.o(vectors)
 <LI><a href="#[2c]">TC4_Handler</a> from startup_sam.o(i.Dummy_Handler) referenced from startup_sam.o(vectors)
 <LI><a href="#[2d]">TC5_Handler</a> from startup_sam.o(i.Dummy_Handler) referenced from startup_sam.o(vectors)
 <LI><a href="#[40]">TC6_Handler</a> from startup_sam.o(i.Dummy_Handler) referenced from startup_sam.o(vectors)
 <LI><a href="#[41]">TC7_Handler</a> from startup_sam.o(i.Dummy_Handler) referenced from startup_sam.o(vectors)
 <LI><a href="#[42]">TC8_Handler</a> from startup_sam.o(i.Dummy_Handler) referenced from startup_sam.o(vectors)
 <LI><a href="#[43]">TC9_Handler</a> from startup_sam.o(i.Dummy_Handler) referenced from startup_sam.o(vectors)
 <LI><a href="#[48]">TRNG_Handler</a> from startup_sam.o(i.Dummy_Handler) referenced from startup_sam.o(vectors)
 <LI><a href="#[24]">TWIHS0_Handler</a> from startup_sam.o(i.Dummy_Handler) referenced from startup_sam.o(vectors)
 <LI><a href="#[25]">TWIHS1_Handler</a> from startup_sam.o(i.Dummy_Handler) referenced from startup_sam.o(vectors)
 <LI><a href="#[3a]">TWIHS2_Handler</a> from startup_sam.o(i.Dummy_Handler) referenced from startup_sam.o(vectors)
 <LI><a href="#[19]">UART0_Handler</a> from startup_sam.o(i.Dummy_Handler) referenced from startup_sam.o(vectors)
 <LI><a href="#[1a]">UART1_Handler</a> from startup_sam.o(i.Dummy_Handler) referenced from startup_sam.o(vectors)
 <LI><a href="#[3d]">UART2_Handler</a> from startup_sam.o(i.Dummy_Handler) referenced from startup_sam.o(vectors)
 <LI><a href="#[3e]">UART3_Handler</a> from startup_sam.o(i.Dummy_Handler) referenced from startup_sam.o(vectors)
 <LI><a href="#[3f]">UART4_Handler</a> from main.o(i.UART4_Handler) referenced from startup_sam.o(vectors)
 <LI><a href="#[50]">UARTD_Rx_Cb</a> from uart_dma.o(i.UARTD_Rx_Cb) referenced from uart_dma.o(i.UARTD_EnableRxChannels)
 <LI><a href="#[51]">UARTD_Tx_Cb</a> from uart_dma.o(i.UARTD_Tx_Cb) referenced from uart_dma.o(i.UARTD_EnableTxChannels)
 <LI><a href="#[1e]">USART0_Handler</a> from startup_sam.o(i.Dummy_Handler) referenced from startup_sam.o(vectors)
 <LI><a href="#[1f]">USART1_Handler</a> from startup_sam.o(i.Dummy_Handler) referenced from startup_sam.o(vectors)
 <LI><a href="#[20]">USART2_Handler</a> from startup_sam.o(i.Dummy_Handler) referenced from startup_sam.o(vectors)
 <LI><a href="#[33]">USBHS_Handler</a> from startup_sam.o(i.Dummy_Handler) referenced from startup_sam.o(vectors)
 <LI><a href="#[d]">UsageFault_Handler</a> from exceptions.o(i.UsageFault_Handler) referenced from startup_sam.o(vectors)
 <LI><a href="#[16]">WDT_Handler</a> from startup_sam.o(i.Dummy_Handler) referenced from startup_sam.o(vectors)
 <LI><a href="#[49]">XDMAC_Handler</a> from main.o(i.XDMAC_Handler) referenced from startup_sam.o(vectors)
 <LI><a href="#[4f]">_printf_input_char</a> from _printf_char_common.o(.text) referenced from _printf_char_common.o(.text)
 <LI><a href="#[4e]">fputc</a> from retarget.o(i.fputc) referenced from _printf_char_file.o(.text)
</UL>
<P>
<H3>
Global Symbols
</H3>
<P><STRONG><a name="[52]"></a>__main</STRONG> (Thumb, 8 bytes, Stack size 0 bytes, __main.o(!!!main))
<BR><BR>[Calls]<UL><LI><a href="#[54]">&gt;&gt;</a>&nbsp;&nbsp;&nbsp;__rt_entry
<LI><a href="#[53]">&gt;&gt;</a>&nbsp;&nbsp;&nbsp;__scatterload
</UL>
<BR>[Called By]<UL><LI><a href="#[8]">&gt;&gt;</a>&nbsp;&nbsp;&nbsp;Reset_Handler
</UL>

<P><STRONG><a name="[53]"></a>__scatterload</STRONG> (Thumb, 0 bytes, Stack size unknown bytes, __scatter.o(!!!scatter))
<BR><BR>[Called By]<UL><LI><a href="#[52]">&gt;&gt;</a>&nbsp;&nbsp;&nbsp;__main
</UL>

<P><STRONG><a name="[55]"></a>__scatterload_rt2</STRONG> (Thumb, 44 bytes, Stack size unknown bytes, __scatter.o(!!!scatter), UNUSED)
<BR><BR>[Calls]<UL><LI><a href="#[54]">&gt;&gt;</a>&nbsp;&nbsp;&nbsp;__rt_entry
</UL>

<P><STRONG><a name="[de]"></a>__scatterload_rt2_thumb_only</STRONG> (Thumb, 0 bytes, Stack size unknown bytes, __scatter.o(!!!scatter), UNUSED)

<P><STRONG><a name="[df]"></a>__scatterload_null</STRONG> (Thumb, 0 bytes, Stack size unknown bytes, __scatter.o(!!!scatter), UNUSED)

<P><STRONG><a name="[e0]"></a>__scatterload_zeroinit</STRONG> (Thumb, 28 bytes, Stack size unknown bytes, __scatter_zi.o(!!handler_zi), UNUSED)

<P><STRONG><a name="[70]"></a>_printf_percent</STRONG> (Thumb, 0 bytes, Stack size unknown bytes, _printf_percent.o(.ARM.Collect$$_printf_percent$$00000000))
<BR><BR>[Called By]<UL><LI><a href="#[6e]">&gt;&gt;</a>&nbsp;&nbsp;&nbsp;__printf
</UL>

<P><STRONG><a name="[56]"></a>_printf_x</STRONG> (Thumb, 0 bytes, Stack size unknown bytes, _printf_x.o(.ARM.Collect$$_printf_percent$$0000000C))
<BR><BR>[Stack]<UL><LI>Max Depth = 48 + Unknown Stack Size
<LI>Call Chain = _printf_x &rArr; _printf_int_hex &rArr; _printf_int_common
</UL>
<BR>[Calls]<UL><LI><a href="#[57]">&gt;&gt;</a>&nbsp;&nbsp;&nbsp;_printf_int_hex
</UL>

<P><STRONG><a name="[58]"></a>_printf_c</STRONG> (Thumb, 0 bytes, Stack size unknown bytes, _printf_c.o(.ARM.Collect$$_printf_percent$$00000013))
<BR><BR>[Stack]<UL><LI>Max Depth = 24 + Unknown Stack Size
<LI>Call Chain = _printf_c &rArr; _printf_char &rArr; _printf_cs_common &rArr; _printf_str
</UL>
<BR>[Calls]<UL><LI><a href="#[59]">&gt;&gt;</a>&nbsp;&nbsp;&nbsp;_printf_char
</UL>

<P><STRONG><a name="[5a]"></a>_printf_s</STRONG> (Thumb, 0 bytes, Stack size unknown bytes, _printf_s.o(.ARM.Collect$$_printf_percent$$00000014))
<BR><BR>[Stack]<UL><LI>Max Depth = 24 + Unknown Stack Size
<LI>Call Chain = _printf_s &rArr; _printf_string &rArr; _printf_cs_common &rArr; _printf_str
</UL>
<BR>[Calls]<UL><LI><a href="#[5b]">&gt;&gt;</a>&nbsp;&nbsp;&nbsp;_printf_string
</UL>

<P><STRONG><a name="[e1]"></a>_printf_percent_end</STRONG> (Thumb, 0 bytes, Stack size unknown bytes, _printf_percent_end.o(.ARM.Collect$$_printf_percent$$00000017))

<P><STRONG><a name="[5f]"></a>__rt_lib_init</STRONG> (Thumb, 0 bytes, Stack size unknown bytes, libinit.o(.ARM.Collect$$libinit$$00000000))
<BR><BR>[Called By]<UL><LI><a href="#[5e]">&gt;&gt;</a>&nbsp;&nbsp;&nbsp;__rt_entry_li
</UL>

<P><STRONG><a name="[e2]"></a>__rt_lib_init_fp_1</STRONG> (Thumb, 0 bytes, Stack size unknown bytes, libinit2.o(.ARM.Collect$$libinit$$00000002))

<P><STRONG><a name="[5c]"></a>__rt_lib_init_heap_2</STRONG> (Thumb, 0 bytes, Stack size unknown bytes, libinit5.o(.ARM.Collect$$libinit$$00000008))
<BR><BR>[Stack]<UL><LI>Max Depth = 156 + Unknown Stack Size
<LI>Call Chain = __rt_lib_init_heap_2 &rArr; _init_alloc &rArr; __rt_SIGRTMEM &rArr; __rt_SIGRTMEM_inner &rArr; __default_signal_display &rArr; _ttywrch &rArr; DBG_PutChar &rArr; DBG_Configure &rArr; PIO_Configure &rArr; PIO_SetPeripheralD
</UL>
<BR>[Calls]<UL><LI><a href="#[5d]">&gt;&gt;</a>&nbsp;&nbsp;&nbsp;_init_alloc
</UL>

<P><STRONG><a name="[e3]"></a>__rt_lib_init_preinit_1</STRONG> (Thumb, 0 bytes, Stack size unknown bytes, libinit2.o(.ARM.Collect$$libinit$$00000004))

<P><STRONG><a name="[e4]"></a>__rt_lib_init_alloca_1</STRONG> (Thumb, 0 bytes, Stack size unknown bytes, libinit2.o(.ARM.Collect$$libinit$$0000002E))

<P><STRONG><a name="[e5]"></a>__rt_lib_init_argv_1</STRONG> (Thumb, 0 bytes, Stack size unknown bytes, libinit2.o(.ARM.Collect$$libinit$$0000002C))

<P><STRONG><a name="[e6]"></a>__rt_lib_init_atexit_1</STRONG> (Thumb, 0 bytes, Stack size unknown bytes, libinit2.o(.ARM.Collect$$libinit$$0000001B))

<P><STRONG><a name="[e7]"></a>__rt_lib_init_clock_1</STRONG> (Thumb, 0 bytes, Stack size unknown bytes, libinit2.o(.ARM.Collect$$libinit$$00000021))

<P><STRONG><a name="[e8]"></a>__rt_lib_init_cpp_1</STRONG> (Thumb, 0 bytes, Stack size unknown bytes, libinit2.o(.ARM.Collect$$libinit$$00000032))

<P><STRONG><a name="[e9]"></a>__rt_lib_init_exceptions_1</STRONG> (Thumb, 0 bytes, Stack size unknown bytes, libinit2.o(.ARM.Collect$$libinit$$00000030))

<P><STRONG><a name="[ea]"></a>__rt_lib_init_fp_trap_1</STRONG> (Thumb, 0 bytes, Stack size unknown bytes, libinit2.o(.ARM.Collect$$libinit$$0000001F))

<P><STRONG><a name="[eb]"></a>__rt_lib_init_getenv_1</STRONG> (Thumb, 0 bytes, Stack size unknown bytes, libinit2.o(.ARM.Collect$$libinit$$00000023))

<P><STRONG><a name="[ec]"></a>__rt_lib_init_heap_1</STRONG> (Thumb, 0 bytes, Stack size unknown bytes, libinit2.o(.ARM.Collect$$libinit$$0000000A))

<P><STRONG><a name="[ed]"></a>__rt_lib_init_lc_collate_1</STRONG> (Thumb, 0 bytes, Stack size unknown bytes, libinit2.o(.ARM.Collect$$libinit$$00000011))

<P><STRONG><a name="[ee]"></a>__rt_lib_init_lc_ctype_1</STRONG> (Thumb, 0 bytes, Stack size unknown bytes, libinit2.o(.ARM.Collect$$libinit$$00000013))

<P><STRONG><a name="[ef]"></a>__rt_lib_init_lc_monetary_1</STRONG> (Thumb, 0 bytes, Stack size unknown bytes, libinit2.o(.ARM.Collect$$libinit$$00000015))

<P><STRONG><a name="[f0]"></a>__rt_lib_init_lc_numeric_1</STRONG> (Thumb, 0 bytes, Stack size unknown bytes, libinit2.o(.ARM.Collect$$libinit$$00000017))

<P><STRONG><a name="[f1]"></a>__rt_lib_init_lc_time_1</STRONG> (Thumb, 0 bytes, Stack size unknown bytes, libinit2.o(.ARM.Collect$$libinit$$00000019))

<P><STRONG><a name="[f2]"></a>__rt_lib_init_rand_1</STRONG> (Thumb, 0 bytes, Stack size unknown bytes, libinit2.o(.ARM.Collect$$libinit$$0000000E))

<P><STRONG><a name="[f3]"></a>__rt_lib_init_return</STRONG> (Thumb, 0 bytes, Stack size unknown bytes, libinit2.o(.ARM.Collect$$libinit$$00000033))

<P><STRONG><a name="[f4]"></a>__rt_lib_init_signal_1</STRONG> (Thumb, 0 bytes, Stack size unknown bytes, libinit2.o(.ARM.Collect$$libinit$$0000001D))

<P><STRONG><a name="[f5]"></a>__rt_lib_init_stdio_1</STRONG> (Thumb, 0 bytes, Stack size unknown bytes, libinit2.o(.ARM.Collect$$libinit$$00000025))

<P><STRONG><a name="[f6]"></a>__rt_lib_init_user_alloc_1</STRONG> (Thumb, 0 bytes, Stack size unknown bytes, libinit2.o(.ARM.Collect$$libinit$$0000000C))

<P><STRONG><a name="[64]"></a>__rt_lib_shutdown</STRONG> (Thumb, 0 bytes, Stack size unknown bytes, libshutdown.o(.ARM.Collect$$libshutdown$$00000000))
<BR><BR>[Called By]<UL><LI><a href="#[73]">&gt;&gt;</a>&nbsp;&nbsp;&nbsp;abort
<LI><a href="#[63]">&gt;&gt;</a>&nbsp;&nbsp;&nbsp;__rt_exit_ls
</UL>

<P><STRONG><a name="[f7]"></a>__rt_lib_shutdown_cpp_1</STRONG> (Thumb, 0 bytes, Stack size unknown bytes, libshutdown2.o(.ARM.Collect$$libshutdown$$00000002))

<P><STRONG><a name="[f8]"></a>__rt_lib_shutdown_fp_trap_1</STRONG> (Thumb, 0 bytes, Stack size unknown bytes, libshutdown2.o(.ARM.Collect$$libshutdown$$00000007))

<P><STRONG><a name="[f9]"></a>__rt_lib_shutdown_heap_1</STRONG> (Thumb, 0 bytes, Stack size unknown bytes, libshutdown2.o(.ARM.Collect$$libshutdown$$0000000F))

<P><STRONG><a name="[fa]"></a>__rt_lib_shutdown_return</STRONG> (Thumb, 0 bytes, Stack size unknown bytes, libshutdown2.o(.ARM.Collect$$libshutdown$$00000010))

<P><STRONG><a name="[fb]"></a>__rt_lib_shutdown_signal_1</STRONG> (Thumb, 0 bytes, Stack size unknown bytes, libshutdown2.o(.ARM.Collect$$libshutdown$$0000000A))

<P><STRONG><a name="[fc]"></a>__rt_lib_shutdown_stdio_1</STRONG> (Thumb, 0 bytes, Stack size unknown bytes, libshutdown2.o(.ARM.Collect$$libshutdown$$00000004))

<P><STRONG><a name="[fd]"></a>__rt_lib_shutdown_user_alloc_1</STRONG> (Thumb, 0 bytes, Stack size unknown bytes, libshutdown2.o(.ARM.Collect$$libshutdown$$0000000C))

<P><STRONG><a name="[54]"></a>__rt_entry</STRONG> (Thumb, 0 bytes, Stack size unknown bytes, __rtentry.o(.ARM.Collect$$rtentry$$00000000))
<BR><BR>[Called By]<UL><LI><a href="#[52]">&gt;&gt;</a>&nbsp;&nbsp;&nbsp;__main
<LI><a href="#[55]">&gt;&gt;</a>&nbsp;&nbsp;&nbsp;__scatterload_rt2
</UL>

<P><STRONG><a name="[fe]"></a>__rt_entry_presh_1</STRONG> (Thumb, 0 bytes, Stack size unknown bytes, __rtentry2.o(.ARM.Collect$$rtentry$$00000002))

<P><STRONG><a name="[ff]"></a>__rt_entry_sh</STRONG> (Thumb, 0 bytes, Stack size unknown bytes, __rtentry7.o(.ARM.Collect$$rtentry$$00000007))

<P><STRONG><a name="[5e]"></a>__rt_entry_li</STRONG> (Thumb, 0 bytes, Stack size unknown bytes, __rtentry2.o(.ARM.Collect$$rtentry$$0000000A))
<BR><BR>[Calls]<UL><LI><a href="#[5f]">&gt;&gt;</a>&nbsp;&nbsp;&nbsp;__rt_lib_init
</UL>

<P><STRONG><a name="[100]"></a>__rt_entry_postsh_1</STRONG> (Thumb, 0 bytes, Stack size unknown bytes, __rtentry2.o(.ARM.Collect$$rtentry$$00000009))

<P><STRONG><a name="[60]"></a>__rt_entry_main</STRONG> (Thumb, 0 bytes, Stack size unknown bytes, __rtentry2.o(.ARM.Collect$$rtentry$$0000000D))
<BR><BR>[Stack]<UL><LI>Max Depth = 336 + Unknown Stack Size
<LI>Call Chain = __rt_entry_main &rArr; main &rArr; UARTD_EnableTxChannels &rArr; _configureUartTxDma &rArr; XDMAD_ConfigureTransfer &rArr; XDMAC_SetDescriptorAddr &rArr; __aeabi_assert &rArr; __assert_puts &rArr; __2printf &rArr; _printf_char_file &rArr; _printf_char_common &rArr; __printf
</UL>
<BR>[Calls]<UL><LI><a href="#[62]">&gt;&gt;</a>&nbsp;&nbsp;&nbsp;exit
<LI><a href="#[61]">&gt;&gt;</a>&nbsp;&nbsp;&nbsp;main
</UL>

<P><STRONG><a name="[101]"></a>__rt_entry_postli_1</STRONG> (Thumb, 0 bytes, Stack size unknown bytes, __rtentry2.o(.ARM.Collect$$rtentry$$0000000C))

<P><STRONG><a name="[84]"></a>__rt_exit</STRONG> (Thumb, 0 bytes, Stack size unknown bytes, rtexit.o(.ARM.Collect$$rtexit$$00000000))
<BR><BR>[Called By]<UL><LI><a href="#[62]">&gt;&gt;</a>&nbsp;&nbsp;&nbsp;exit
</UL>

<P><STRONG><a name="[63]"></a>__rt_exit_ls</STRONG> (Thumb, 0 bytes, Stack size unknown bytes, rtexit2.o(.ARM.Collect$$rtexit$$00000003))
<BR><BR>[Calls]<UL><LI><a href="#[64]">&gt;&gt;</a>&nbsp;&nbsp;&nbsp;__rt_lib_shutdown
</UL>

<P><STRONG><a name="[102]"></a>__rt_exit_prels_1</STRONG> (Thumb, 0 bytes, Stack size unknown bytes, rtexit2.o(.ARM.Collect$$rtexit$$00000002))

<P><STRONG><a name="[65]"></a>__rt_exit_exit</STRONG> (Thumb, 0 bytes, Stack size unknown bytes, rtexit2.o(.ARM.Collect$$rtexit$$00000004))
<BR><BR>[Calls]<UL><LI><a href="#[66]">&gt;&gt;</a>&nbsp;&nbsp;&nbsp;_sys_exit
</UL>

<P><STRONG><a name="[103]"></a>__I$use$semihosting</STRONG> (Thumb, 0 bytes, Stack size 0 bytes, use_no_semi.o(.text), UNUSED)

<P><STRONG><a name="[104]"></a>__use_no_semihosting_swi</STRONG> (Thumb, 2 bytes, Stack size 0 bytes, use_no_semi.o(.text), UNUSED)

<P><STRONG><a name="[105]"></a>_maybe_terminate_alloc</STRONG> (Thumb, 0 bytes, Stack size 0 bytes, maybetermalloc1.o(.emb_text), UNUSED)

<P><STRONG><a name="[67]"></a>malloc</STRONG> (Thumb, 94 bytes, Stack size 16 bytes, h1_alloc.o(.text))
<BR><BR>[Stack]<UL><LI>Max Depth = 48<LI>Call Chain = malloc &rArr; __Heap_Full &rArr; __Heap_ProvideMemory &rArr; free
</UL>
<BR>[Calls]<UL><LI><a href="#[69]">&gt;&gt;</a>&nbsp;&nbsp;&nbsp;__Heap_Full
<LI><a href="#[68]">&gt;&gt;</a>&nbsp;&nbsp;&nbsp;__rt_heap_descriptor
</UL>
<BR>[Called By]<UL><LI><a href="#[ae]">&gt;&gt;</a>&nbsp;&nbsp;&nbsp;_configureUartTxDma
<LI><a href="#[ab]">&gt;&gt;</a>&nbsp;&nbsp;&nbsp;_configureUartRxDma
</UL>

<P><STRONG><a name="[6a]"></a>free</STRONG> (Thumb, 78 bytes, Stack size 16 bytes, h1_free.o(.text))
<BR><BR>[Stack]<UL><LI>Max Depth = 16<LI>Call Chain = free
</UL>
<BR>[Calls]<UL><LI><a href="#[68]">&gt;&gt;</a>&nbsp;&nbsp;&nbsp;__rt_heap_descriptor
</UL>
<BR>[Called By]<UL><LI><a href="#[ae]">&gt;&gt;</a>&nbsp;&nbsp;&nbsp;_configureUartTxDma
<LI><a href="#[ab]">&gt;&gt;</a>&nbsp;&nbsp;&nbsp;_configureUartRxDma
<LI><a href="#[76]">&gt;&gt;</a>&nbsp;&nbsp;&nbsp;__Heap_ProvideMemory
<LI><a href="#[a6]">&gt;&gt;</a>&nbsp;&nbsp;&nbsp;UARTD_DisableTxChannels
<LI><a href="#[a1]">&gt;&gt;</a>&nbsp;&nbsp;&nbsp;UARTD_DisableRxChannels
</UL>

<P><STRONG><a name="[6b]"></a>__2printf</STRONG> (Thumb, 20 bytes, Stack size 24 bytes, noretval__2printf.o(.text))
<BR><BR>[Stack]<UL><LI>Max Depth = 144 + Unknown Stack Size
<LI>Call Chain = __2printf &rArr; _printf_char_file &rArr; _printf_char_common &rArr; __printf
</UL>
<BR>[Calls]<UL><LI><a href="#[6c]">&gt;&gt;</a>&nbsp;&nbsp;&nbsp;_printf_char_file
</UL>
<BR>[Called By]<UL><LI><a href="#[8f]">&gt;&gt;</a>&nbsp;&nbsp;&nbsp;Dummy_Handler
<LI><a href="#[72]">&gt;&gt;</a>&nbsp;&nbsp;&nbsp;__assert_puts
<LI><a href="#[b0]">&gt;&gt;</a>&nbsp;&nbsp;&nbsp;XDMAD_StartTransfer
<LI><a href="#[d1]">&gt;&gt;</a>&nbsp;&nbsp;&nbsp;XDMAD_AllocateXdmacChannel
<LI><a href="#[ae]">&gt;&gt;</a>&nbsp;&nbsp;&nbsp;_configureUartTxDma
<LI><a href="#[ab]">&gt;&gt;</a>&nbsp;&nbsp;&nbsp;_configureUartRxDma
<LI><a href="#[d]">&gt;&gt;</a>&nbsp;&nbsp;&nbsp;UsageFault_Handler
<LI><a href="#[9]">&gt;&gt;</a>&nbsp;&nbsp;&nbsp;NMI_Handler
<LI><a href="#[b]">&gt;&gt;</a>&nbsp;&nbsp;&nbsp;MemManage_Handler
<LI><a href="#[a]">&gt;&gt;</a>&nbsp;&nbsp;&nbsp;HardFault_Handler
<LI><a href="#[c]">&gt;&gt;</a>&nbsp;&nbsp;&nbsp;BusFault_Handler
<LI><a href="#[61]">&gt;&gt;</a>&nbsp;&nbsp;&nbsp;main
<LI><a href="#[3f]">&gt;&gt;</a>&nbsp;&nbsp;&nbsp;UART4_Handler
<LI><a href="#[8e]">&gt;&gt;</a>&nbsp;&nbsp;&nbsp;DisplayMenu
</UL>

<P><STRONG><a name="[7b]"></a>_printf_str</STRONG> (Thumb, 82 bytes, Stack size 16 bytes, _printf_str.o(.text))
<BR><BR>[Stack]<UL><LI>Max Depth = 16<LI>Call Chain = _printf_str
</UL>
<BR>[Called By]<UL><LI><a href="#[7a]">&gt;&gt;</a>&nbsp;&nbsp;&nbsp;_printf_cs_common
</UL>

<P><STRONG><a name="[57]"></a>_printf_int_hex</STRONG> (Thumb, 84 bytes, Stack size 16 bytes, _printf_hex_int.o(.text))
<BR><BR>[Stack]<UL><LI>Max Depth = 48<LI>Call Chain = _printf_int_hex &rArr; _printf_int_common
</UL>
<BR>[Calls]<UL><LI><a href="#[6d]">&gt;&gt;</a>&nbsp;&nbsp;&nbsp;_printf_int_common
</UL>
<BR>[Called By]<UL><LI><a href="#[56]">&gt;&gt;</a>&nbsp;&nbsp;&nbsp;_printf_x
</UL>

<P><STRONG><a name="[106]"></a>_printf_longlong_hex</STRONG> (Thumb, 0 bytes, Stack size 16 bytes, _printf_hex_int.o(.text), UNUSED)

<P><STRONG><a name="[6e]"></a>__printf</STRONG> (Thumb, 308 bytes, Stack size 40 bytes, __printf_flags_wp.o(.text))
<BR><BR>[Stack]<UL><LI>Max Depth = 40 + Unknown Stack Size
<LI>Call Chain = __printf
</UL>
<BR>[Calls]<UL><LI><a href="#[70]">&gt;&gt;</a>&nbsp;&nbsp;&nbsp;_printf_percent
<LI><a href="#[6f]">&gt;&gt;</a>&nbsp;&nbsp;&nbsp;_is_digit
</UL>
<BR>[Called By]<UL><LI><a href="#[7c]">&gt;&gt;</a>&nbsp;&nbsp;&nbsp;_printf_char_common
</UL>

<P><STRONG><a name="[71]"></a>__aeabi_assert</STRONG> (Thumb, 86 bytes, Stack size 16 bytes, assert.o(.text))
<BR><BR>[Stack]<UL><LI>Max Depth = 168 + Unknown Stack Size
<LI>Call Chain = __aeabi_assert &rArr; __assert_puts &rArr; __2printf &rArr; _printf_char_file &rArr; _printf_char_common &rArr; __printf
</UL>
<BR>[Calls]<UL><LI><a href="#[72]">&gt;&gt;</a>&nbsp;&nbsp;&nbsp;__assert_puts
<LI><a href="#[73]">&gt;&gt;</a>&nbsp;&nbsp;&nbsp;abort
</UL>
<BR>[Called By]<UL><LI><a href="#[c4]">&gt;&gt;</a>&nbsp;&nbsp;&nbsp;XDMAC_GetType
<LI><a href="#[9b]">&gt;&gt;</a>&nbsp;&nbsp;&nbsp;PMC_IsPeriphEnabled
<LI><a href="#[94]">&gt;&gt;</a>&nbsp;&nbsp;&nbsp;PioInterruptHandler
<LI><a href="#[a3]">&gt;&gt;</a>&nbsp;&nbsp;&nbsp;XDMAD_StopTransfer
<LI><a href="#[b0]">&gt;&gt;</a>&nbsp;&nbsp;&nbsp;XDMAD_StartTransfer
<LI><a href="#[a4]">&gt;&gt;</a>&nbsp;&nbsp;&nbsp;XDMAD_SetCallback
<LI><a href="#[aa]">&gt;&gt;</a>&nbsp;&nbsp;&nbsp;XDMAD_PrepareChannel
<LI><a href="#[9f]">&gt;&gt;</a>&nbsp;&nbsp;&nbsp;XDMAD_Initialize
<LI><a href="#[a5]">&gt;&gt;</a>&nbsp;&nbsp;&nbsp;XDMAD_FreeChannel
<LI><a href="#[d5]">&gt;&gt;</a>&nbsp;&nbsp;&nbsp;XDMAD_ConfigureTransfer
<LI><a href="#[cf]">&gt;&gt;</a>&nbsp;&nbsp;&nbsp;XDMAC_SetSourceMicroBlockStride
<LI><a href="#[ce]">&gt;&gt;</a>&nbsp;&nbsp;&nbsp;XDMAC_SetSourceAddr
<LI><a href="#[cd]">&gt;&gt;</a>&nbsp;&nbsp;&nbsp;XDMAC_SetMicroblockControl
<LI><a href="#[cc]">&gt;&gt;</a>&nbsp;&nbsp;&nbsp;XDMAC_SetDestinationMicroBlockStride
<LI><a href="#[cb]">&gt;&gt;</a>&nbsp;&nbsp;&nbsp;XDMAC_SetDestinationAddr
<LI><a href="#[ca]">&gt;&gt;</a>&nbsp;&nbsp;&nbsp;XDMAC_SetDescriptorControl
<LI><a href="#[c9]">&gt;&gt;</a>&nbsp;&nbsp;&nbsp;XDMAC_SetDescriptorAddr
<LI><a href="#[c8]">&gt;&gt;</a>&nbsp;&nbsp;&nbsp;XDMAC_SetDataStride_MemPattern
<LI><a href="#[c7]">&gt;&gt;</a>&nbsp;&nbsp;&nbsp;XDMAC_SetChannelConfig
<LI><a href="#[c6]">&gt;&gt;</a>&nbsp;&nbsp;&nbsp;XDMAC_SetBlockControl
<LI><a href="#[c3]">&gt;&gt;</a>&nbsp;&nbsp;&nbsp;XDMAC_GetMaskChannelIsr
<LI><a href="#[c2]">&gt;&gt;</a>&nbsp;&nbsp;&nbsp;XDMAC_GetGlobalChStatus
<LI><a href="#[c1]">&gt;&gt;</a>&nbsp;&nbsp;&nbsp;XDMAC_GetGIsr
<LI><a href="#[c0]">&gt;&gt;</a>&nbsp;&nbsp;&nbsp;XDMAC_GetChannelItMask
<LI><a href="#[bf]">&gt;&gt;</a>&nbsp;&nbsp;&nbsp;XDMAC_GetChannelIsr
<LI><a href="#[be]">&gt;&gt;</a>&nbsp;&nbsp;&nbsp;XDMAC_EnableGIt
<LI><a href="#[bd]">&gt;&gt;</a>&nbsp;&nbsp;&nbsp;XDMAC_EnableChannelIt
<LI><a href="#[bc]">&gt;&gt;</a>&nbsp;&nbsp;&nbsp;XDMAC_EnableChannel
<LI><a href="#[bb]">&gt;&gt;</a>&nbsp;&nbsp;&nbsp;XDMAC_DisableGIt
<LI><a href="#[ba]">&gt;&gt;</a>&nbsp;&nbsp;&nbsp;XDMAC_DisableChannelIt
<LI><a href="#[b9]">&gt;&gt;</a>&nbsp;&nbsp;&nbsp;XDMAC_DisableChannel
<LI><a href="#[c5]">&gt;&gt;</a>&nbsp;&nbsp;&nbsp;XDMAD_Handler
<LI><a href="#[a8]">&gt;&gt;</a>&nbsp;&nbsp;&nbsp;UARTD_EnableRxChannels
<LI><a href="#[a6]">&gt;&gt;</a>&nbsp;&nbsp;&nbsp;UARTD_DisableTxChannels
<LI><a href="#[a1]">&gt;&gt;</a>&nbsp;&nbsp;&nbsp;UARTD_DisableRxChannels
<LI><a href="#[8b]">&gt;&gt;</a>&nbsp;&nbsp;&nbsp;PMC_EnablePeripheral
</UL>

<P><STRONG><a name="[107]"></a>__assert</STRONG> (Thumb, 0 bytes, Stack size 16 bytes, assert.o(.text), UNUSED)

<P><STRONG><a name="[89]"></a>__aeabi_memcpy4</STRONG> (Thumb, 0 bytes, Stack size 8 bytes, rt_memcpy_w.o(.text))
<BR><BR>[Stack]<UL><LI>Max Depth = 8<LI>Call Chain = __aeabi_memcpy4
</UL>
<BR>[Called By]<UL><LI><a href="#[88]">&gt;&gt;</a>&nbsp;&nbsp;&nbsp;DBG_Configure
</UL>

<P><STRONG><a name="[108]"></a>__aeabi_memcpy8</STRONG> (Thumb, 0 bytes, Stack size 8 bytes, rt_memcpy_w.o(.text), UNUSED)

<P><STRONG><a name="[109]"></a>__rt_memcpy_w</STRONG> (Thumb, 100 bytes, Stack size 8 bytes, rt_memcpy_w.o(.text), UNUSED)

<P><STRONG><a name="[10a]"></a>_memcpy_lastbytes_aligned</STRONG> (Thumb, 0 bytes, Stack size unknown bytes, rt_memcpy_w.o(.text), UNUSED)

<P><STRONG><a name="[74]"></a>__aeabi_memset</STRONG> (Thumb, 16 bytes, Stack size 0 bytes, aeabi_memset.o(.text))
<BR><BR>[Calls]<UL><LI><a href="#[75]">&gt;&gt;</a>&nbsp;&nbsp;&nbsp;_memset
</UL>
<BR>[Called By]<UL><LI><a href="#[61]">&gt;&gt;</a>&nbsp;&nbsp;&nbsp;main
</UL>

<P><STRONG><a name="[da]"></a>__aeabi_memclr4</STRONG> (Thumb, 0 bytes, Stack size 4 bytes, rt_memclr_w.o(.text))
<BR><BR>[Stack]<UL><LI>Max Depth = 4<LI>Call Chain = __aeabi_memclr4
</UL>
<BR>[Called By]<UL><LI><a href="#[d9]">&gt;&gt;</a>&nbsp;&nbsp;&nbsp;_UartdConfigLB
</UL>

<P><STRONG><a name="[10b]"></a>__aeabi_memclr8</STRONG> (Thumb, 0 bytes, Stack size 4 bytes, rt_memclr_w.o(.text), UNUSED)

<P><STRONG><a name="[10c]"></a>__rt_memclr_w</STRONG> (Thumb, 78 bytes, Stack size 4 bytes, rt_memclr_w.o(.text), UNUSED)

<P><STRONG><a name="[80]"></a>_memset_w</STRONG> (Thumb, 0 bytes, Stack size unknown bytes, rt_memclr_w.o(.text), UNUSED)
<BR><BR>[Called By]<UL><LI><a href="#[7f]">&gt;&gt;</a>&nbsp;&nbsp;&nbsp;__rt_memclr
</UL>

<P><STRONG><a name="[68]"></a>__rt_heap_descriptor</STRONG> (Thumb, 8 bytes, Stack size 0 bytes, rt_heap_descriptor_intlibspace.o(.text))
<BR><BR>[Called By]<UL><LI><a href="#[5d]">&gt;&gt;</a>&nbsp;&nbsp;&nbsp;_init_alloc
<LI><a href="#[6a]">&gt;&gt;</a>&nbsp;&nbsp;&nbsp;free
<LI><a href="#[67]">&gt;&gt;</a>&nbsp;&nbsp;&nbsp;malloc
</UL>

<P><STRONG><a name="[10d]"></a>__use_no_heap</STRONG> (Thumb, 2 bytes, Stack size 0 bytes, hguard.o(.text), UNUSED)

<P><STRONG><a name="[10e]"></a>__heap$guard</STRONG> (Thumb, 2 bytes, Stack size 0 bytes, hguard.o(.text), UNUSED)

<P><STRONG><a name="[6]"></a>_terminate_user_alloc</STRONG> (Thumb, 2 bytes, Stack size 0 bytes, init_alloc.o(.text), UNUSED)

<P><STRONG><a name="[4]"></a>_init_user_alloc</STRONG> (Thumb, 2 bytes, Stack size 0 bytes, init_alloc.o(.text), UNUSED)

<P><STRONG><a name="[69]"></a>__Heap_Full</STRONG> (Thumb, 34 bytes, Stack size 16 bytes, init_alloc.o(.text))
<BR><BR>[Stack]<UL><LI>Max Depth = 32<LI>Call Chain = __Heap_Full &rArr; __Heap_ProvideMemory &rArr; free
</UL>
<BR>[Calls]<UL><LI><a href="#[76]">&gt;&gt;</a>&nbsp;&nbsp;&nbsp;__Heap_ProvideMemory
</UL>
<BR>[Called By]<UL><LI><a href="#[67]">&gt;&gt;</a>&nbsp;&nbsp;&nbsp;malloc
</UL>

<P><STRONG><a name="[77]"></a>__Heap_Broken</STRONG> (Thumb, 6 bytes, Stack size 0 bytes, init_alloc.o(.text), UNUSED)
<BR><BR>[Calls]<UL><LI><a href="#[78]">&gt;&gt;</a>&nbsp;&nbsp;&nbsp;__rt_SIGRTMEM
</UL>

<P><STRONG><a name="[5d]"></a>_init_alloc</STRONG> (Thumb, 94 bytes, Stack size 24 bytes, init_alloc.o(.text))
<BR><BR>[Stack]<UL><LI>Max Depth = 156<LI>Call Chain = _init_alloc &rArr; __rt_SIGRTMEM &rArr; __rt_SIGRTMEM_inner &rArr; __default_signal_display &rArr; _ttywrch &rArr; DBG_PutChar &rArr; DBG_Configure &rArr; PIO_Configure &rArr; PIO_SetPeripheralD
</UL>
<BR>[Calls]<UL><LI><a href="#[79]">&gt;&gt;</a>&nbsp;&nbsp;&nbsp;__Heap_Initialize
<LI><a href="#[68]">&gt;&gt;</a>&nbsp;&nbsp;&nbsp;__rt_heap_descriptor
<LI><a href="#[78]">&gt;&gt;</a>&nbsp;&nbsp;&nbsp;__rt_SIGRTMEM
<LI><a href="#[76]">&gt;&gt;</a>&nbsp;&nbsp;&nbsp;__Heap_ProvideMemory
</UL>
<BR>[Called By]<UL><LI><a href="#[5c]">&gt;&gt;</a>&nbsp;&nbsp;&nbsp;__rt_lib_init_heap_2
</UL>

<P><STRONG><a name="[79]"></a>__Heap_Initialize</STRONG> (Thumb, 10 bytes, Stack size 0 bytes, h1_init.o(.text))
<BR><BR>[Called By]<UL><LI><a href="#[5d]">&gt;&gt;</a>&nbsp;&nbsp;&nbsp;_init_alloc
</UL>

<P><STRONG><a name="[2]"></a>__Heap_DescSize</STRONG> (Thumb, 4 bytes, Stack size 0 bytes, h1_init.o(.text), UNUSED)

<P><STRONG><a name="[6d]"></a>_printf_int_common</STRONG> (Thumb, 178 bytes, Stack size 32 bytes, _printf_intcommon.o(.text))
<BR><BR>[Stack]<UL><LI>Max Depth = 32<LI>Call Chain = _printf_int_common
</UL>
<BR>[Called By]<UL><LI><a href="#[57]">&gt;&gt;</a>&nbsp;&nbsp;&nbsp;_printf_int_hex
</UL>

<P><STRONG><a name="[7a]"></a>_printf_cs_common</STRONG> (Thumb, 20 bytes, Stack size 8 bytes, _printf_char.o(.text))
<BR><BR>[Stack]<UL><LI>Max Depth = 24<LI>Call Chain = _printf_cs_common &rArr; _printf_str
</UL>
<BR>[Calls]<UL><LI><a href="#[7b]">&gt;&gt;</a>&nbsp;&nbsp;&nbsp;_printf_str
</UL>
<BR>[Called By]<UL><LI><a href="#[5b]">&gt;&gt;</a>&nbsp;&nbsp;&nbsp;_printf_string
<LI><a href="#[59]">&gt;&gt;</a>&nbsp;&nbsp;&nbsp;_printf_char
</UL>

<P><STRONG><a name="[59]"></a>_printf_char</STRONG> (Thumb, 16 bytes, Stack size 0 bytes, _printf_char.o(.text))
<BR><BR>[Stack]<UL><LI>Max Depth = 24<LI>Call Chain = _printf_char &rArr; _printf_cs_common &rArr; _printf_str
</UL>
<BR>[Calls]<UL><LI><a href="#[7a]">&gt;&gt;</a>&nbsp;&nbsp;&nbsp;_printf_cs_common
</UL>
<BR>[Called By]<UL><LI><a href="#[58]">&gt;&gt;</a>&nbsp;&nbsp;&nbsp;_printf_c
</UL>

<P><STRONG><a name="[5b]"></a>_printf_string</STRONG> (Thumb, 8 bytes, Stack size 0 bytes, _printf_char.o(.text))
<BR><BR>[Stack]<UL><LI>Max Depth = 24<LI>Call Chain = _printf_string &rArr; _printf_cs_common &rArr; _printf_str
</UL>
<BR>[Calls]<UL><LI><a href="#[7a]">&gt;&gt;</a>&nbsp;&nbsp;&nbsp;_printf_cs_common
</UL>
<BR>[Called By]<UL><LI><a href="#[5a]">&gt;&gt;</a>&nbsp;&nbsp;&nbsp;_printf_s
</UL>

<P><STRONG><a name="[6c]"></a>_printf_char_file</STRONG> (Thumb, 32 bytes, Stack size 16 bytes, _printf_char_file.o(.text))
<BR><BR>[Stack]<UL><LI>Max Depth = 120 + Unknown Stack Size
<LI>Call Chain = _printf_char_file &rArr; _printf_char_common &rArr; __printf
</UL>
<BR>[Calls]<UL><LI><a href="#[7d]">&gt;&gt;</a>&nbsp;&nbsp;&nbsp;ferror
<LI><a href="#[7c]">&gt;&gt;</a>&nbsp;&nbsp;&nbsp;_printf_char_common
</UL>
<BR>[Called By]<UL><LI><a href="#[6b]">&gt;&gt;</a>&nbsp;&nbsp;&nbsp;__2printf
</UL>

<P><STRONG><a name="[73]"></a>abort</STRONG> (Thumb, 22 bytes, Stack size 8 bytes, abort.o(.text))
<BR><BR>[Stack]<UL><LI>Max Depth = 140 + Unknown Stack Size
<LI>Call Chain = abort &rArr; __rt_SIGABRT &rArr; __rt_SIGABRT_inner &rArr; __default_signal_display &rArr; _ttywrch &rArr; DBG_PutChar &rArr; DBG_Configure &rArr; PIO_Configure &rArr; PIO_SetPeripheralD
</UL>
<BR>[Calls]<UL><LI><a href="#[66]">&gt;&gt;</a>&nbsp;&nbsp;&nbsp;_sys_exit
<LI><a href="#[64]">&gt;&gt;</a>&nbsp;&nbsp;&nbsp;__rt_lib_shutdown
<LI><a href="#[7e]">&gt;&gt;</a>&nbsp;&nbsp;&nbsp;__rt_SIGABRT
</UL>
<BR>[Called By]<UL><LI><a href="#[71]">&gt;&gt;</a>&nbsp;&nbsp;&nbsp;__aeabi_assert
</UL>

<P><STRONG><a name="[10f]"></a>__aeabi_memclr</STRONG> (Thumb, 0 bytes, Stack size 0 bytes, rt_memclr.o(.text), UNUSED)

<P><STRONG><a name="[7f]"></a>__rt_memclr</STRONG> (Thumb, 68 bytes, Stack size 0 bytes, rt_memclr.o(.text), UNUSED)
<BR><BR>[Calls]<UL><LI><a href="#[80]">&gt;&gt;</a>&nbsp;&nbsp;&nbsp;_memset_w
</UL>

<P><STRONG><a name="[75]"></a>_memset</STRONG> (Thumb, 0 bytes, Stack size unknown bytes, rt_memclr.o(.text))
<BR><BR>[Called By]<UL><LI><a href="#[74]">&gt;&gt;</a>&nbsp;&nbsp;&nbsp;__aeabi_memset
</UL>

<P><STRONG><a name="[76]"></a>__Heap_ProvideMemory</STRONG> (Thumb, 52 bytes, Stack size 0 bytes, h1_extend.o(.text))
<BR><BR>[Stack]<UL><LI>Max Depth = 16<LI>Call Chain = __Heap_ProvideMemory &rArr; free
</UL>
<BR>[Calls]<UL><LI><a href="#[6a]">&gt;&gt;</a>&nbsp;&nbsp;&nbsp;free
</UL>
<BR>[Called By]<UL><LI><a href="#[5d]">&gt;&gt;</a>&nbsp;&nbsp;&nbsp;_init_alloc
<LI><a href="#[69]">&gt;&gt;</a>&nbsp;&nbsp;&nbsp;__Heap_Full
</UL>

<P><STRONG><a name="[7c]"></a>_printf_char_common</STRONG> (Thumb, 32 bytes, Stack size 64 bytes, _printf_char_common.o(.text))
<BR><BR>[Stack]<UL><LI>Max Depth = 104 + Unknown Stack Size
<LI>Call Chain = _printf_char_common &rArr; __printf
</UL>
<BR>[Calls]<UL><LI><a href="#[6e]">&gt;&gt;</a>&nbsp;&nbsp;&nbsp;__printf
</UL>
<BR>[Called By]<UL><LI><a href="#[6c]">&gt;&gt;</a>&nbsp;&nbsp;&nbsp;_printf_char_file
</UL>

<P><STRONG><a name="[7e]"></a>__rt_SIGABRT</STRONG> (Thumb, 14 bytes, Stack size 8 bytes, defsig_abrt_outer.o(.text))
<BR><BR>[Stack]<UL><LI>Max Depth = 132<LI>Call Chain = __rt_SIGABRT &rArr; __rt_SIGABRT_inner &rArr; __default_signal_display &rArr; _ttywrch &rArr; DBG_PutChar &rArr; DBG_Configure &rArr; PIO_Configure &rArr; PIO_SetPeripheralD
</UL>
<BR>[Calls]<UL><LI><a href="#[81]">&gt;&gt;</a>&nbsp;&nbsp;&nbsp;__rt_SIGABRT_inner
<LI><a href="#[82]">&gt;&gt;</a>&nbsp;&nbsp;&nbsp;__sig_exit
</UL>
<BR>[Called By]<UL><LI><a href="#[73]">&gt;&gt;</a>&nbsp;&nbsp;&nbsp;abort
</UL>

<P><STRONG><a name="[78]"></a>__rt_SIGRTMEM</STRONG> (Thumb, 14 bytes, Stack size 8 bytes, defsig_rtmem_outer.o(.text))
<BR><BR>[Stack]<UL><LI>Max Depth = 132<LI>Call Chain = __rt_SIGRTMEM &rArr; __rt_SIGRTMEM_inner &rArr; __default_signal_display &rArr; _ttywrch &rArr; DBG_PutChar &rArr; DBG_Configure &rArr; PIO_Configure &rArr; PIO_SetPeripheralD
</UL>
<BR>[Calls]<UL><LI><a href="#[83]">&gt;&gt;</a>&nbsp;&nbsp;&nbsp;__rt_SIGRTMEM_inner
<LI><a href="#[82]">&gt;&gt;</a>&nbsp;&nbsp;&nbsp;__sig_exit
</UL>
<BR>[Called By]<UL><LI><a href="#[5d]">&gt;&gt;</a>&nbsp;&nbsp;&nbsp;_init_alloc
<LI><a href="#[77]">&gt;&gt;</a>&nbsp;&nbsp;&nbsp;__Heap_Broken
</UL>

<P><STRONG><a name="[62]"></a>exit</STRONG> (Thumb, 18 bytes, Stack size 8 bytes, exit.o(.text))
<BR><BR>[Stack]<UL><LI>Max Depth = 8 + Unknown Stack Size
<LI>Call Chain = exit
</UL>
<BR>[Calls]<UL><LI><a href="#[84]">&gt;&gt;</a>&nbsp;&nbsp;&nbsp;__rt_exit
</UL>
<BR>[Called By]<UL><LI><a href="#[60]">&gt;&gt;</a>&nbsp;&nbsp;&nbsp;__rt_entry_main
</UL>

<P><STRONG><a name="[82]"></a>__sig_exit</STRONG> (Thumb, 10 bytes, Stack size 0 bytes, defsig_exit.o(.text))
<BR><BR>[Calls]<UL><LI><a href="#[66]">&gt;&gt;</a>&nbsp;&nbsp;&nbsp;_sys_exit
</UL>
<BR>[Called By]<UL><LI><a href="#[78]">&gt;&gt;</a>&nbsp;&nbsp;&nbsp;__rt_SIGRTMEM
<LI><a href="#[7e]">&gt;&gt;</a>&nbsp;&nbsp;&nbsp;__rt_SIGABRT
</UL>

<P><STRONG><a name="[81]"></a>__rt_SIGABRT_inner</STRONG> (Thumb, 14 bytes, Stack size 8 bytes, defsig_abrt_inner.o(.text))
<BR><BR>[Stack]<UL><LI>Max Depth = 124<LI>Call Chain = __rt_SIGABRT_inner &rArr; __default_signal_display &rArr; _ttywrch &rArr; DBG_PutChar &rArr; DBG_Configure &rArr; PIO_Configure &rArr; PIO_SetPeripheralD
</UL>
<BR>[Calls]<UL><LI><a href="#[85]">&gt;&gt;</a>&nbsp;&nbsp;&nbsp;__default_signal_display
</UL>
<BR>[Called By]<UL><LI><a href="#[7e]">&gt;&gt;</a>&nbsp;&nbsp;&nbsp;__rt_SIGABRT
</UL>

<P><STRONG><a name="[83]"></a>__rt_SIGRTMEM_inner</STRONG> (Thumb, 22 bytes, Stack size 8 bytes, defsig_rtmem_inner.o(.text))
<BR><BR>[Stack]<UL><LI>Max Depth = 124<LI>Call Chain = __rt_SIGRTMEM_inner &rArr; __default_signal_display &rArr; _ttywrch &rArr; DBG_PutChar &rArr; DBG_Configure &rArr; PIO_Configure &rArr; PIO_SetPeripheralD
</UL>
<BR>[Calls]<UL><LI><a href="#[85]">&gt;&gt;</a>&nbsp;&nbsp;&nbsp;__default_signal_display
</UL>
<BR>[Called By]<UL><LI><a href="#[78]">&gt;&gt;</a>&nbsp;&nbsp;&nbsp;__rt_SIGRTMEM
</UL>

<P><STRONG><a name="[85]"></a>__default_signal_display</STRONG> (Thumb, 50 bytes, Stack size 16 bytes, defsig_general.o(.text))
<BR><BR>[Stack]<UL><LI>Max Depth = 116<LI>Call Chain = __default_signal_display &rArr; _ttywrch &rArr; DBG_PutChar &rArr; DBG_Configure &rArr; PIO_Configure &rArr; PIO_SetPeripheralD
</UL>
<BR>[Calls]<UL><LI><a href="#[86]">&gt;&gt;</a>&nbsp;&nbsp;&nbsp;_ttywrch
</UL>
<BR>[Called By]<UL><LI><a href="#[83]">&gt;&gt;</a>&nbsp;&nbsp;&nbsp;__rt_SIGRTMEM_inner
<LI><a href="#[81]">&gt;&gt;</a>&nbsp;&nbsp;&nbsp;__rt_SIGABRT_inner
</UL>

<P><STRONG><a name="[c]"></a>BusFault_Handler</STRONG> (Thumb, 56 bytes, Stack size 8 bytes, exceptions.o(i.BusFault_Handler))
<BR><BR>[Stack]<UL><LI>Max Depth = 152 + Unknown Stack Size
<LI>Call Chain = BusFault_Handler &rArr; __2printf &rArr; _printf_char_file &rArr; _printf_char_common &rArr; __printf
</UL>
<BR>[Calls]<UL><LI><a href="#[6b]">&gt;&gt;</a>&nbsp;&nbsp;&nbsp;__2printf
<LI><a href="#[87]">&gt;&gt;</a>&nbsp;&nbsp;&nbsp;StackUnwind
</UL>
<BR>[Address Reference Count : 1]<UL><LI> startup_sam.o(vectors)
</UL>
<P><STRONG><a name="[88]"></a>DBG_Configure</STRONG> (Thumb, 96 bytes, Stack size 40 bytes, dbg_console.o(i.DBG_Configure))
<BR><BR>[Stack]<UL><LI>Max Depth = 76<LI>Call Chain = DBG_Configure &rArr; PIO_Configure &rArr; PIO_SetPeripheralD
</UL>
<BR>[Calls]<UL><LI><a href="#[8a]">&gt;&gt;</a>&nbsp;&nbsp;&nbsp;PIO_Configure
<LI><a href="#[89]">&gt;&gt;</a>&nbsp;&nbsp;&nbsp;__aeabi_memcpy4
<LI><a href="#[8b]">&gt;&gt;</a>&nbsp;&nbsp;&nbsp;PMC_EnablePeripheral
</UL>
<BR>[Called By]<UL><LI><a href="#[8d]">&gt;&gt;</a>&nbsp;&nbsp;&nbsp;DBG_PutChar
<LI><a href="#[8c]">&gt;&gt;</a>&nbsp;&nbsp;&nbsp;DBG_GetChar
</UL>

<P><STRONG><a name="[8c]"></a>DBG_GetChar</STRONG> (Thumb, 36 bytes, Stack size 8 bytes, dbg_console.o(i.DBG_GetChar))
<BR><BR>[Stack]<UL><LI>Max Depth = 84<LI>Call Chain = DBG_GetChar &rArr; DBG_Configure &rArr; PIO_Configure &rArr; PIO_SetPeripheralD
</UL>
<BR>[Calls]<UL><LI><a href="#[88]">&gt;&gt;</a>&nbsp;&nbsp;&nbsp;DBG_Configure
</UL>
<BR>[Called By]<UL><LI><a href="#[61]">&gt;&gt;</a>&nbsp;&nbsp;&nbsp;main
</UL>

<P><STRONG><a name="[8d]"></a>DBG_PutChar</STRONG> (Thumb, 50 bytes, Stack size 16 bytes, dbg_console.o(i.DBG_PutChar))
<BR><BR>[Stack]<UL><LI>Max Depth = 92<LI>Call Chain = DBG_PutChar &rArr; DBG_Configure &rArr; PIO_Configure &rArr; PIO_SetPeripheralD
</UL>
<BR>[Calls]<UL><LI><a href="#[88]">&gt;&gt;</a>&nbsp;&nbsp;&nbsp;DBG_Configure
</UL>
<BR>[Called By]<UL><LI><a href="#[4e]">&gt;&gt;</a>&nbsp;&nbsp;&nbsp;fputc
<LI><a href="#[86]">&gt;&gt;</a>&nbsp;&nbsp;&nbsp;_ttywrch
<LI><a href="#[dd]">&gt;&gt;</a>&nbsp;&nbsp;&nbsp;puts
</UL>

<P><STRONG><a name="[32]"></a>ACC_Handler</STRONG> (Thumb, 0 bytes, Stack size 0 bytes, startup_sam.o(i.Dummy_Handler))
<BR>[Address Reference Count : 1]<UL><LI> startup_sam.o(vectors)
</UL>
<P><STRONG><a name="[47]"></a>AES_Handler</STRONG> (Thumb, 0 bytes, Stack size 0 bytes, startup_sam.o(i.Dummy_Handler))
<BR>[Address Reference Count : 1]<UL><LI> startup_sam.o(vectors)
</UL>
<P><STRONG><a name="[2e]"></a>AFEC0_Handler</STRONG> (Thumb, 0 bytes, Stack size 0 bytes, startup_sam.o(i.Dummy_Handler))
<BR>[Address Reference Count : 1]<UL><LI> startup_sam.o(vectors)
</UL>
<P><STRONG><a name="[39]"></a>AFEC1_Handler</STRONG> (Thumb, 0 bytes, Stack size 0 bytes, startup_sam.o(i.Dummy_Handler))
<BR>[Address Reference Count : 1]<UL><LI> startup_sam.o(vectors)
</UL>
<P><STRONG><a name="[110]"></a>CCF_Handler</STRONG> (Thumb, 0 bytes, Stack size 0 bytes, startup_sam.o(i.Dummy_Handler), UNUSED)

<P><STRONG><a name="[111]"></a>CCW_Handler</STRONG> (Thumb, 0 bytes, Stack size 0 bytes, startup_sam.o(i.Dummy_Handler), UNUSED)

<P><STRONG><a name="[2f]"></a>DACC_Handler</STRONG> (Thumb, 0 bytes, Stack size 0 bytes, startup_sam.o(i.Dummy_Handler))
<BR>[Address Reference Count : 1]<UL><LI> startup_sam.o(vectors)
</UL>
<P><STRONG><a name="[f]"></a>DebugMon_Handler</STRONG> (Thumb, 0 bytes, Stack size 0 bytes, startup_sam.o(i.Dummy_Handler))
<BR>[Address Reference Count : 1]<UL><LI> startup_sam.o(vectors)
</UL>
<P><STRONG><a name="[8f]"></a>Dummy_Handler</STRONG> (Thumb, 10 bytes, Stack size 0 bytes, startup_sam.o(i.Dummy_Handler), UNUSED)
<BR><BR>[Calls]<UL><LI><a href="#[6b]">&gt;&gt;</a>&nbsp;&nbsp;&nbsp;__2printf
</UL>

<P><STRONG><a name="[18]"></a>EFC_Handler</STRONG> (Thumb, 0 bytes, Stack size 0 bytes, startup_sam.o(i.Dummy_Handler))
<BR>[Address Reference Count : 1]<UL><LI> startup_sam.o(vectors)
</UL>
<P><STRONG><a name="[112]"></a>FPU_Handler</STRONG> (Thumb, 0 bytes, Stack size 0 bytes, startup_sam.o(i.Dummy_Handler), UNUSED)

<P><STRONG><a name="[113]"></a>GMACQ1_Handler</STRONG> (Thumb, 0 bytes, Stack size 0 bytes, startup_sam.o(i.Dummy_Handler), UNUSED)

<P><STRONG><a name="[114]"></a>GMACQ2_Handler</STRONG> (Thumb, 0 bytes, Stack size 0 bytes, startup_sam.o(i.Dummy_Handler), UNUSED)

<P><STRONG><a name="[38]"></a>GMAC_Handler</STRONG> (Thumb, 0 bytes, Stack size 0 bytes, startup_sam.o(i.Dummy_Handler))
<BR>[Address Reference Count : 1]<UL><LI> startup_sam.o(vectors)
</UL>
<P><STRONG><a name="[23]"></a>HSMCI_Handler</STRONG> (Thumb, 0 bytes, Stack size 0 bytes, startup_sam.o(i.Dummy_Handler))
<BR>[Address Reference Count : 1]<UL><LI> startup_sam.o(vectors)
</UL>
<P><STRONG><a name="[31]"></a>ICM_Handler</STRONG> (Thumb, 0 bytes, Stack size 0 bytes, startup_sam.o(i.Dummy_Handler))
<BR>[Address Reference Count : 1]<UL><LI> startup_sam.o(vectors)
</UL>
<P><STRONG><a name="[4a]"></a>ISI_Handler</STRONG> (Thumb, 0 bytes, Stack size 0 bytes, startup_sam.o(i.Dummy_Handler))
<BR>[Address Reference Count : 1]<UL><LI> startup_sam.o(vectors)
</UL>
<P><STRONG><a name="[34]"></a>MCAN0_Handler</STRONG> (Thumb, 0 bytes, Stack size 0 bytes, startup_sam.o(i.Dummy_Handler))
<BR>[Address Reference Count : 1]<UL><LI> startup_sam.o(vectors)
</UL>
<P><STRONG><a name="[35]"></a>MCAN0_Line1_Handler</STRONG> (Thumb, 0 bytes, Stack size 0 bytes, startup_sam.o(i.Dummy_Handler))
<BR>[Address Reference Count : 1]<UL><LI> startup_sam.o(vectors)
</UL>
<P><STRONG><a name="[36]"></a>MCAN1_Handler</STRONG> (Thumb, 0 bytes, Stack size 0 bytes, startup_sam.o(i.Dummy_Handler))
<BR>[Address Reference Count : 1]<UL><LI> startup_sam.o(vectors)
</UL>
<P><STRONG><a name="[37]"></a>MCAN1_Line1_Handler</STRONG> (Thumb, 0 bytes, Stack size 0 bytes, startup_sam.o(i.Dummy_Handler))
<BR>[Address Reference Count : 1]<UL><LI> startup_sam.o(vectors)
</UL>
<P><STRONG><a name="[46]"></a>MLB_Handler</STRONG> (Thumb, 0 bytes, Stack size 0 bytes, startup_sam.o(i.Dummy_Handler))
<BR>[Address Reference Count : 1]<UL><LI> startup_sam.o(vectors)
</UL>
<P><STRONG><a name="[17]"></a>PMC_Handler</STRONG> (Thumb, 0 bytes, Stack size 0 bytes, startup_sam.o(i.Dummy_Handler))
<BR>[Address Reference Count : 1]<UL><LI> startup_sam.o(vectors)
</UL>
<P><STRONG><a name="[30]"></a>PWM0_Handler</STRONG> (Thumb, 0 bytes, Stack size 0 bytes, startup_sam.o(i.Dummy_Handler))
<BR>[Address Reference Count : 1]<UL><LI> startup_sam.o(vectors)
</UL>
<P><STRONG><a name="[4b]"></a>PWM1_Handler</STRONG> (Thumb, 0 bytes, Stack size 0 bytes, startup_sam.o(i.Dummy_Handler))
<BR>[Address Reference Count : 1]<UL><LI> startup_sam.o(vectors)
</UL>
<P><STRONG><a name="[10]"></a>PendSV_Handler</STRONG> (Thumb, 0 bytes, Stack size 0 bytes, startup_sam.o(i.Dummy_Handler))
<BR>[Address Reference Count : 1]<UL><LI> startup_sam.o(vectors)
</UL>
<P><STRONG><a name="[3c]"></a>QSPI_Handler</STRONG> (Thumb, 0 bytes, Stack size 0 bytes, startup_sam.o(i.Dummy_Handler))
<BR>[Address Reference Count : 1]<UL><LI> startup_sam.o(vectors)
</UL>
<P><STRONG><a name="[13]"></a>RSTC_Handler</STRONG> (Thumb, 0 bytes, Stack size 0 bytes, startup_sam.o(i.Dummy_Handler))
<BR>[Address Reference Count : 1]<UL><LI> startup_sam.o(vectors)
</UL>
<P><STRONG><a name="[4d]"></a>RSWDT_Handler</STRONG> (Thumb, 0 bytes, Stack size 0 bytes, startup_sam.o(i.Dummy_Handler))
<BR>[Address Reference Count : 1]<UL><LI> startup_sam.o(vectors)
</UL>
<P><STRONG><a name="[14]"></a>RTC_Handler</STRONG> (Thumb, 0 bytes, Stack size 0 bytes, startup_sam.o(i.Dummy_Handler))
<BR>[Address Reference Count : 1]<UL><LI> startup_sam.o(vectors)
</UL>
<P><STRONG><a name="[15]"></a>RTT_Handler</STRONG> (Thumb, 0 bytes, Stack size 0 bytes, startup_sam.o(i.Dummy_Handler))
<BR>[Address Reference Count : 1]<UL><LI> startup_sam.o(vectors)
</UL>
<P><STRONG><a name="[4c]"></a>SDRAMC_Handler</STRONG> (Thumb, 0 bytes, Stack size 0 bytes, startup_sam.o(i.Dummy_Handler))
<BR>[Address Reference Count : 1]<UL><LI> startup_sam.o(vectors)
</UL>
<P><STRONG><a name="[26]"></a>SPI0_Handler</STRONG> (Thumb, 0 bytes, Stack size 0 bytes, startup_sam.o(i.Dummy_Handler))
<BR>[Address Reference Count : 1]<UL><LI> startup_sam.o(vectors)
</UL>
<P><STRONG><a name="[3b]"></a>SPI1_Handler</STRONG> (Thumb, 0 bytes, Stack size 0 bytes, startup_sam.o(i.Dummy_Handler))
<BR>[Address Reference Count : 1]<UL><LI> startup_sam.o(vectors)
</UL>
<P><STRONG><a name="[27]"></a>SSC_Handler</STRONG> (Thumb, 0 bytes, Stack size 0 bytes, startup_sam.o(i.Dummy_Handler))
<BR>[Address Reference Count : 1]<UL><LI> startup_sam.o(vectors)
</UL>
<P><STRONG><a name="[12]"></a>SUPC_Handler</STRONG> (Thumb, 0 bytes, Stack size 0 bytes, startup_sam.o(i.Dummy_Handler))
<BR>[Address Reference Count : 1]<UL><LI> startup_sam.o(vectors)
</UL>
<P><STRONG><a name="[e]"></a>SVC_Handler</STRONG> (Thumb, 0 bytes, Stack size 0 bytes, startup_sam.o(i.Dummy_Handler))
<BR>[Address Reference Count : 1]<UL><LI> startup_sam.o(vectors)
</UL>
<P><STRONG><a name="[28]"></a>TC0_Handler</STRONG> (Thumb, 0 bytes, Stack size 0 bytes, startup_sam.o(i.Dummy_Handler))
<BR>[Address Reference Count : 1]<UL><LI> startup_sam.o(vectors)
</UL>
<P><STRONG><a name="[44]"></a>TC10_Handler</STRONG> (Thumb, 0 bytes, Stack size 0 bytes, startup_sam.o(i.Dummy_Handler))
<BR>[Address Reference Count : 1]<UL><LI> startup_sam.o(vectors)
</UL>
<P><STRONG><a name="[45]"></a>TC11_Handler</STRONG> (Thumb, 0 bytes, Stack size 0 bytes, startup_sam.o(i.Dummy_Handler))
<BR>[Address Reference Count : 1]<UL><LI> startup_sam.o(vectors)
</UL>
<P><STRONG><a name="[29]"></a>TC1_Handler</STRONG> (Thumb, 0 bytes, Stack size 0 bytes, startup_sam.o(i.Dummy_Handler))
<BR>[Address Reference Count : 1]<UL><LI> startup_sam.o(vectors)
</UL>
<P><STRONG><a name="[2a]"></a>TC2_Handler</STRONG> (Thumb, 0 bytes, Stack size 0 bytes, startup_sam.o(i.Dummy_Handler))
<BR>[Address Reference Count : 1]<UL><LI> startup_sam.o(vectors)
</UL>
<P><STRONG><a name="[2b]"></a>TC3_Handler</STRONG> (Thumb, 0 bytes, Stack size 0 bytes, startup_sam.o(i.Dummy_Handler))
<BR>[Address Reference Count : 1]<UL><LI> startup_sam.o(vectors)
</UL>
<P><STRONG><a name="[2c]"></a>TC4_Handler</STRONG> (Thumb, 0 bytes, Stack size 0 bytes, startup_sam.o(i.Dummy_Handler))
<BR>[Address Reference Count : 1]<UL><LI> startup_sam.o(vectors)
</UL>
<P><STRONG><a name="[2d]"></a>TC5_Handler</STRONG> (Thumb, 0 bytes, Stack size 0 bytes, startup_sam.o(i.Dummy_Handler))
<BR>[Address Reference Count : 1]<UL><LI> startup_sam.o(vectors)
</UL>
<P><STRONG><a name="[40]"></a>TC6_Handler</STRONG> (Thumb, 0 bytes, Stack size 0 bytes, startup_sam.o(i.Dummy_Handler))
<BR>[Address Reference Count : 1]<UL><LI> startup_sam.o(vectors)
</UL>
<P><STRONG><a name="[41]"></a>TC7_Handler</STRONG> (Thumb, 0 bytes, Stack size 0 bytes, startup_sam.o(i.Dummy_Handler))
<BR>[Address Reference Count : 1]<UL><LI> startup_sam.o(vectors)
</UL>
<P><STRONG><a name="[42]"></a>TC8_Handler</STRONG> (Thumb, 0 bytes, Stack size 0 bytes, startup_sam.o(i.Dummy_Handler))
<BR>[Address Reference Count : 1]<UL><LI> startup_sam.o(vectors)
</UL>
<P><STRONG><a name="[43]"></a>TC9_Handler</STRONG> (Thumb, 0 bytes, Stack size 0 bytes, startup_sam.o(i.Dummy_Handler))
<BR>[Address Reference Count : 1]<UL><LI> startup_sam.o(vectors)
</UL>
<P><STRONG><a name="[48]"></a>TRNG_Handler</STRONG> (Thumb, 0 bytes, Stack size 0 bytes, startup_sam.o(i.Dummy_Handler))
<BR>[Address Reference Count : 1]<UL><LI> startup_sam.o(vectors)
</UL>
<P><STRONG><a name="[24]"></a>TWIHS0_Handler</STRONG> (Thumb, 0 bytes, Stack size 0 bytes, startup_sam.o(i.Dummy_Handler))
<BR>[Address Reference Count : 1]<UL><LI> startup_sam.o(vectors)
</UL>
<P><STRONG><a name="[25]"></a>TWIHS1_Handler</STRONG> (Thumb, 0 bytes, Stack size 0 bytes, startup_sam.o(i.Dummy_Handler))
<BR>[Address Reference Count : 1]<UL><LI> startup_sam.o(vectors)
</UL>
<P><STRONG><a name="[3a]"></a>TWIHS2_Handler</STRONG> (Thumb, 0 bytes, Stack size 0 bytes, startup_sam.o(i.Dummy_Handler))
<BR>[Address Reference Count : 1]<UL><LI> startup_sam.o(vectors)
</UL>
<P><STRONG><a name="[19]"></a>UART0_Handler</STRONG> (Thumb, 0 bytes, Stack size 0 bytes, startup_sam.o(i.Dummy_Handler))
<BR>[Address Reference Count : 1]<UL><LI> startup_sam.o(vectors)
</UL>
<P><STRONG><a name="[1a]"></a>UART1_Handler</STRONG> (Thumb, 0 bytes, Stack size 0 bytes, startup_sam.o(i.Dummy_Handler))
<BR>[Address Reference Count : 1]<UL><LI> startup_sam.o(vectors)
</UL>
<P><STRONG><a name="[3d]"></a>UART2_Handler</STRONG> (Thumb, 0 bytes, Stack size 0 bytes, startup_sam.o(i.Dummy_Handler))
<BR>[Address Reference Count : 1]<UL><LI> startup_sam.o(vectors)
</UL>
<P><STRONG><a name="[3e]"></a>UART3_Handler</STRONG> (Thumb, 0 bytes, Stack size 0 bytes, startup_sam.o(i.Dummy_Handler))
<BR>[Address Reference Count : 1]<UL><LI> startup_sam.o(vectors)
</UL>
<P><STRONG><a name="[1e]"></a>USART0_Handler</STRONG> (Thumb, 0 bytes, Stack size 0 bytes, startup_sam.o(i.Dummy_Handler))
<BR>[Address Reference Count : 1]<UL><LI> startup_sam.o(vectors)
</UL>
<P><STRONG><a name="[1f]"></a>USART1_Handler</STRONG> (Thumb, 0 bytes, Stack size 0 bytes, startup_sam.o(i.Dummy_Handler))
<BR>[Address Reference Count : 1]<UL><LI> startup_sam.o(vectors)
</UL>
<P><STRONG><a name="[20]"></a>USART2_Handler</STRONG> (Thumb, 0 bytes, Stack size 0 bytes, startup_sam.o(i.Dummy_Handler))
<BR>[Address Reference Count : 1]<UL><LI> startup_sam.o(vectors)
</UL>
<P><STRONG><a name="[33]"></a>USBHS_Handler</STRONG> (Thumb, 0 bytes, Stack size 0 bytes, startup_sam.o(i.Dummy_Handler))
<BR>[Address Reference Count : 1]<UL><LI> startup_sam.o(vectors)
</UL>
<P><STRONG><a name="[16]"></a>WDT_Handler</STRONG> (Thumb, 0 bytes, Stack size 0 bytes, startup_sam.o(i.Dummy_Handler))
<BR>[Address Reference Count : 1]<UL><LI> startup_sam.o(vectors)
</UL>
<P><STRONG><a name="[a]"></a>HardFault_Handler</STRONG> (Thumb, 54 bytes, Stack size 8 bytes, exceptions.o(i.HardFault_Handler))
<BR><BR>[Stack]<UL><LI>Max Depth = 152 + Unknown Stack Size
<LI>Call Chain = HardFault_Handler &rArr; __2printf &rArr; _printf_char_file &rArr; _printf_char_common &rArr; __printf
</UL>
<BR>[Calls]<UL><LI><a href="#[6b]">&gt;&gt;</a>&nbsp;&nbsp;&nbsp;__2printf
<LI><a href="#[87]">&gt;&gt;</a>&nbsp;&nbsp;&nbsp;StackUnwind
<LI><a href="#[90]">&gt;&gt;</a>&nbsp;&nbsp;&nbsp;HardFault_reason
</UL>
<BR>[Address Reference Count : 1]<UL><LI> startup_sam.o(vectors)
</UL>
<P><STRONG><a name="[91]"></a>LowLevelInit</STRONG> (Thumb, 12 bytes, Stack size 8 bytes, board_lowlevel.o(i.LowLevelInit))
<BR><BR>[Stack]<UL><LI>Max Depth = 24<LI>Call Chain = LowLevelInit &rArr; _SetupMemoryRegion
</UL>
<BR>[Calls]<UL><LI><a href="#[93]">&gt;&gt;</a>&nbsp;&nbsp;&nbsp;_SetupMemoryRegion
<LI><a href="#[92]">&gt;&gt;</a>&nbsp;&nbsp;&nbsp;SystemInit
</UL>
<BR>[Called By]<UL><LI><a href="#[8]">&gt;&gt;</a>&nbsp;&nbsp;&nbsp;Reset_Handler
</UL>

<P><STRONG><a name="[d6]"></a>MPU_CalMPURegionSize</STRONG> (Thumb, 28 bytes, Stack size 0 bytes, mpu.o(i.MPU_CalMPURegionSize))
<BR><BR>[Called By]<UL><LI><a href="#[93]">&gt;&gt;</a>&nbsp;&nbsp;&nbsp;_SetupMemoryRegion
</UL>

<P><STRONG><a name="[d8]"></a>MPU_Enable</STRONG> (Thumb, 6 bytes, Stack size 0 bytes, mpu.o(i.MPU_Enable))
<BR><BR>[Called By]<UL><LI><a href="#[93]">&gt;&gt;</a>&nbsp;&nbsp;&nbsp;_SetupMemoryRegion
</UL>

<P><STRONG><a name="[d7]"></a>MPU_SetRegion</STRONG> (Thumb, 10 bytes, Stack size 0 bytes, mpu.o(i.MPU_SetRegion))
<BR><BR>[Called By]<UL><LI><a href="#[93]">&gt;&gt;</a>&nbsp;&nbsp;&nbsp;_SetupMemoryRegion
</UL>

<P><STRONG><a name="[b]"></a>MemManage_Handler</STRONG> (Thumb, 52 bytes, Stack size 8 bytes, exceptions.o(i.MemManage_Handler))
<BR><BR>[Stack]<UL><LI>Max Depth = 152 + Unknown Stack Size
<LI>Call Chain = MemManage_Handler &rArr; __2printf &rArr; _printf_char_file &rArr; _printf_char_common &rArr; __printf
</UL>
<BR>[Calls]<UL><LI><a href="#[6b]">&gt;&gt;</a>&nbsp;&nbsp;&nbsp;__2printf
<LI><a href="#[87]">&gt;&gt;</a>&nbsp;&nbsp;&nbsp;StackUnwind
</UL>
<BR>[Address Reference Count : 1]<UL><LI> startup_sam.o(vectors)
</UL>
<P><STRONG><a name="[9]"></a>NMI_Handler</STRONG> (Thumb, 10 bytes, Stack size 0 bytes, exceptions.o(i.NMI_Handler))
<BR><BR>[Stack]<UL><LI>Max Depth = 144 + Unknown Stack Size
<LI>Call Chain = NMI_Handler &rArr; __2printf &rArr; _printf_char_file &rArr; _printf_char_common &rArr; __printf
</UL>
<BR>[Calls]<UL><LI><a href="#[6b]">&gt;&gt;</a>&nbsp;&nbsp;&nbsp;__2printf
</UL>
<BR>[Address Reference Count : 1]<UL><LI> startup_sam.o(vectors)
</UL>
<P><STRONG><a name="[1b]"></a>PIOA_Handler</STRONG> (Thumb, 12 bytes, Stack size 8 bytes, pio_it.o(i.PIOA_Handler))
<BR><BR>[Stack]<UL><LI>Max Depth = 200 + Unknown Stack Size
<LI>Call Chain = PIOA_Handler &rArr; PioInterruptHandler &rArr; __aeabi_assert &rArr; __assert_puts &rArr; __2printf &rArr; _printf_char_file &rArr; _printf_char_common &rArr; __printf
</UL>
<BR>[Calls]<UL><LI><a href="#[94]">&gt;&gt;</a>&nbsp;&nbsp;&nbsp;PioInterruptHandler
</UL>
<BR>[Address Reference Count : 1]<UL><LI> startup_sam.o(vectors)
</UL>
<P><STRONG><a name="[1c]"></a>PIOB_Handler</STRONG> (Thumb, 12 bytes, Stack size 8 bytes, pio_it.o(i.PIOB_Handler))
<BR><BR>[Stack]<UL><LI>Max Depth = 200 + Unknown Stack Size
<LI>Call Chain = PIOB_Handler &rArr; PioInterruptHandler &rArr; __aeabi_assert &rArr; __assert_puts &rArr; __2printf &rArr; _printf_char_file &rArr; _printf_char_common &rArr; __printf
</UL>
<BR>[Calls]<UL><LI><a href="#[94]">&gt;&gt;</a>&nbsp;&nbsp;&nbsp;PioInterruptHandler
</UL>
<BR>[Address Reference Count : 1]<UL><LI> startup_sam.o(vectors)
</UL>
<P><STRONG><a name="[1d]"></a>PIOC_Handler</STRONG> (Thumb, 12 bytes, Stack size 8 bytes, pio_it.o(i.PIOC_Handler))
<BR><BR>[Stack]<UL><LI>Max Depth = 200 + Unknown Stack Size
<LI>Call Chain = PIOC_Handler &rArr; PioInterruptHandler &rArr; __aeabi_assert &rArr; __assert_puts &rArr; __2printf &rArr; _printf_char_file &rArr; _printf_char_common &rArr; __printf
</UL>
<BR>[Calls]<UL><LI><a href="#[94]">&gt;&gt;</a>&nbsp;&nbsp;&nbsp;PioInterruptHandler
</UL>
<BR>[Address Reference Count : 1]<UL><LI> startup_sam.o(vectors)
</UL>
<P><STRONG><a name="[21]"></a>PIOD_Handler</STRONG> (Thumb, 12 bytes, Stack size 8 bytes, pio_it.o(i.PIOD_Handler))
<BR><BR>[Stack]<UL><LI>Max Depth = 200 + Unknown Stack Size
<LI>Call Chain = PIOD_Handler &rArr; PioInterruptHandler &rArr; __aeabi_assert &rArr; __assert_puts &rArr; __2printf &rArr; _printf_char_file &rArr; _printf_char_common &rArr; __printf
</UL>
<BR>[Calls]<UL><LI><a href="#[94]">&gt;&gt;</a>&nbsp;&nbsp;&nbsp;PioInterruptHandler
</UL>
<BR>[Address Reference Count : 1]<UL><LI> startup_sam.o(vectors)
</UL>
<P><STRONG><a name="[22]"></a>PIOE_Handler</STRONG> (Thumb, 12 bytes, Stack size 8 bytes, pio_it.o(i.PIOE_Handler))
<BR><BR>[Stack]<UL><LI>Max Depth = 200 + Unknown Stack Size
<LI>Call Chain = PIOE_Handler &rArr; PioInterruptHandler &rArr; __aeabi_assert &rArr; __assert_puts &rArr; __2printf &rArr; _printf_char_file &rArr; _printf_char_common &rArr; __printf
</UL>
<BR>[Calls]<UL><LI><a href="#[94]">&gt;&gt;</a>&nbsp;&nbsp;&nbsp;PioInterruptHandler
</UL>
<BR>[Address Reference Count : 1]<UL><LI> startup_sam.o(vectors)
</UL>
<P><STRONG><a name="[8a]"></a>PIO_Configure</STRONG> (Thumb, 166 bytes, Stack size 24 bytes, pio.o(i.PIO_Configure))
<BR><BR>[Stack]<UL><LI>Max Depth = 36<LI>Call Chain = PIO_Configure &rArr; PIO_SetPeripheralD
</UL>
<BR>[Calls]<UL><LI><a href="#[98]">&gt;&gt;</a>&nbsp;&nbsp;&nbsp;PIO_SetPeripheralD
<LI><a href="#[97]">&gt;&gt;</a>&nbsp;&nbsp;&nbsp;PIO_SetPeripheralC
<LI><a href="#[96]">&gt;&gt;</a>&nbsp;&nbsp;&nbsp;PIO_SetPeripheralB
<LI><a href="#[95]">&gt;&gt;</a>&nbsp;&nbsp;&nbsp;PIO_SetPeripheralA
<LI><a href="#[9a]">&gt;&gt;</a>&nbsp;&nbsp;&nbsp;PIO_SetOutput
<LI><a href="#[99]">&gt;&gt;</a>&nbsp;&nbsp;&nbsp;PIO_SetInput
<LI><a href="#[8b]">&gt;&gt;</a>&nbsp;&nbsp;&nbsp;PMC_EnablePeripheral
</UL>
<BR>[Called By]<UL><LI><a href="#[88]">&gt;&gt;</a>&nbsp;&nbsp;&nbsp;DBG_Configure
</UL>

<P><STRONG><a name="[8b]"></a>PMC_EnablePeripheral</STRONG> (Thumb, 88 bytes, Stack size 8 bytes, pmc.o(i.PMC_EnablePeripheral))
<BR><BR>[Stack]<UL><LI>Max Depth = 8 + In Cycle
<LI>Call Chain = PMC_EnablePeripheral &rArr;  __aeabi_assert (Cycle)
</UL>
<BR>[Calls]<UL><LI><a href="#[71]">&gt;&gt;</a>&nbsp;&nbsp;&nbsp;__aeabi_assert
</UL>
<BR>[Called By]<UL><LI><a href="#[8a]">&gt;&gt;</a>&nbsp;&nbsp;&nbsp;PIO_Configure
<LI><a href="#[aa]">&gt;&gt;</a>&nbsp;&nbsp;&nbsp;XDMAD_PrepareChannel
<LI><a href="#[88]">&gt;&gt;</a>&nbsp;&nbsp;&nbsp;DBG_Configure
<LI><a href="#[9d]">&gt;&gt;</a>&nbsp;&nbsp;&nbsp;UARTD_Configure
<LI><a href="#[d9]">&gt;&gt;</a>&nbsp;&nbsp;&nbsp;_UartdConfigLB
<LI><a href="#[b7]">&gt;&gt;</a>&nbsp;&nbsp;&nbsp;UartTransfer
</UL>

<P><STRONG><a name="[9b]"></a>PMC_IsPeriphEnabled</STRONG> (Thumb, 54 bytes, Stack size 8 bytes, pmc.o(i.PMC_IsPeriphEnabled))
<BR><BR>[Stack]<UL><LI>Max Depth = 176 + Unknown Stack Size
<LI>Call Chain = PMC_IsPeriphEnabled &rArr; __aeabi_assert &rArr; __assert_puts &rArr; __2printf &rArr; _printf_char_file &rArr; _printf_char_common &rArr; __printf
</UL>
<BR>[Calls]<UL><LI><a href="#[71]">&gt;&gt;</a>&nbsp;&nbsp;&nbsp;__aeabi_assert
</UL>
<BR>[Called By]<UL><LI><a href="#[aa]">&gt;&gt;</a>&nbsp;&nbsp;&nbsp;XDMAD_PrepareChannel
</UL>

<P><STRONG><a name="[94]"></a>PioInterruptHandler</STRONG> (Thumb, 100 bytes, Stack size 24 bytes, pio_it.o(i.PioInterruptHandler))
<BR><BR>[Stack]<UL><LI>Max Depth = 192 + Unknown Stack Size
<LI>Call Chain = PioInterruptHandler &rArr; __aeabi_assert &rArr; __assert_puts &rArr; __2printf &rArr; _printf_char_file &rArr; _printf_char_common &rArr; __printf
</UL>
<BR>[Calls]<UL><LI><a href="#[71]">&gt;&gt;</a>&nbsp;&nbsp;&nbsp;__aeabi_assert
</UL>
<BR>[Called By]<UL><LI><a href="#[22]">&gt;&gt;</a>&nbsp;&nbsp;&nbsp;PIOE_Handler
<LI><a href="#[21]">&gt;&gt;</a>&nbsp;&nbsp;&nbsp;PIOD_Handler
<LI><a href="#[1d]">&gt;&gt;</a>&nbsp;&nbsp;&nbsp;PIOC_Handler
<LI><a href="#[1c]">&gt;&gt;</a>&nbsp;&nbsp;&nbsp;PIOB_Handler
<LI><a href="#[1b]">&gt;&gt;</a>&nbsp;&nbsp;&nbsp;PIOA_Handler
</UL>

<P><STRONG><a name="[8]"></a>Reset_Handler</STRONG> (Thumb, 126 bytes, Stack size 0 bytes, startup_sam.o(i.Reset_Handler))
<BR><BR>[Stack]<UL><LI>Max Depth = 24 + Unknown Stack Size
<LI>Call Chain = Reset_Handler &rArr; LowLevelInit &rArr; _SetupMemoryRegion
</UL>
<BR>[Calls]<UL><LI><a href="#[91]">&gt;&gt;</a>&nbsp;&nbsp;&nbsp;LowLevelInit
<LI><a href="#[52]">&gt;&gt;</a>&nbsp;&nbsp;&nbsp;__main
</UL>
<BR>[Address Reference Count : 1]<UL><LI> startup_sam.o(vectors)
</UL>
<P><STRONG><a name="[11]"></a>SysTick_Handler</STRONG> (Thumb, 66 bytes, Stack size 0 bytes, timetick.o(i.SysTick_Handler))
<BR>[Address Reference Count : 1]<UL><LI> startup_sam.o(vectors)
</UL>
<P><STRONG><a name="[92]"></a>SystemInit</STRONG> (Thumb, 242 bytes, Stack size 0 bytes, system_samv71.o(i.SystemInit))
<BR><BR>[Called By]<UL><LI><a href="#[91]">&gt;&gt;</a>&nbsp;&nbsp;&nbsp;LowLevelInit
</UL>

<P><STRONG><a name="[3f]"></a>UART4_Handler</STRONG> (Thumb, 46 bytes, Stack size 8 bytes, main.o(i.UART4_Handler))
<BR><BR>[Stack]<UL><LI>Max Depth = 152 + Unknown Stack Size
<LI>Call Chain = UART4_Handler &rArr; __2printf &rArr; _printf_char_file &rArr; _printf_char_common &rArr; __printf
</UL>
<BR>[Calls]<UL><LI><a href="#[6b]">&gt;&gt;</a>&nbsp;&nbsp;&nbsp;__2printf
<LI><a href="#[9c]">&gt;&gt;</a>&nbsp;&nbsp;&nbsp;UART_GetStatus
</UL>
<BR>[Address Reference Count : 1]<UL><LI> startup_sam.o(vectors)
</UL>
<P><STRONG><a name="[9d]"></a>UARTD_Configure</STRONG> (Thumb, 126 bytes, Stack size 24 bytes, uart_dma.o(i.UARTD_Configure))
<BR><BR>[Stack]<UL><LI>Max Depth = 224 + Unknown Stack Size
<LI>Call Chain = UARTD_Configure &rArr; XDMAD_Initialize &rArr; XDMAC_GetType &rArr; __aeabi_assert &rArr; __assert_puts &rArr; __2printf &rArr; _printf_char_file &rArr; _printf_char_common &rArr; __printf
</UL>
<BR>[Calls]<UL><LI><a href="#[9f]">&gt;&gt;</a>&nbsp;&nbsp;&nbsp;XDMAD_Initialize
<LI><a href="#[a0]">&gt;&gt;</a>&nbsp;&nbsp;&nbsp;NVIC_GetActive
<LI><a href="#[9e]">&gt;&gt;</a>&nbsp;&nbsp;&nbsp;UART_Configure
<LI><a href="#[8b]">&gt;&gt;</a>&nbsp;&nbsp;&nbsp;PMC_EnablePeripheral
</UL>
<BR>[Called By]<UL><LI><a href="#[d9]">&gt;&gt;</a>&nbsp;&nbsp;&nbsp;_UartdConfigLB
</UL>

<P><STRONG><a name="[a1]"></a>UARTD_DisableRxChannels</STRONG> (Thumb, 88 bytes, Stack size 16 bytes, uart_dma.o(i.UARTD_DisableRxChannels))
<BR><BR>[Stack]<UL><LI>Max Depth = 224 + Unknown Stack Size
<LI>Call Chain = UARTD_DisableRxChannels &rArr; XDMAD_StopTransfer &rArr; XDMAC_GetChannelIsr &rArr; __aeabi_assert &rArr; __assert_puts &rArr; __2printf &rArr; _printf_char_file &rArr; _printf_char_common &rArr; __printf
</UL>
<BR>[Calls]<UL><LI><a href="#[a3]">&gt;&gt;</a>&nbsp;&nbsp;&nbsp;XDMAD_StopTransfer
<LI><a href="#[a4]">&gt;&gt;</a>&nbsp;&nbsp;&nbsp;XDMAD_SetCallback
<LI><a href="#[a5]">&gt;&gt;</a>&nbsp;&nbsp;&nbsp;XDMAD_FreeChannel
<LI><a href="#[71]">&gt;&gt;</a>&nbsp;&nbsp;&nbsp;__aeabi_assert
<LI><a href="#[6a]">&gt;&gt;</a>&nbsp;&nbsp;&nbsp;free
<LI><a href="#[a2]">&gt;&gt;</a>&nbsp;&nbsp;&nbsp;UART_SetReceiverEnabled
</UL>
<BR>[Called By]<UL><LI><a href="#[61]">&gt;&gt;</a>&nbsp;&nbsp;&nbsp;main
</UL>

<P><STRONG><a name="[a6]"></a>UARTD_DisableTxChannels</STRONG> (Thumb, 88 bytes, Stack size 16 bytes, uart_dma.o(i.UARTD_DisableTxChannels))
<BR><BR>[Stack]<UL><LI>Max Depth = 224 + Unknown Stack Size
<LI>Call Chain = UARTD_DisableTxChannels &rArr; XDMAD_StopTransfer &rArr; XDMAC_GetChannelIsr &rArr; __aeabi_assert &rArr; __assert_puts &rArr; __2printf &rArr; _printf_char_file &rArr; _printf_char_common &rArr; __printf
</UL>
<BR>[Calls]<UL><LI><a href="#[a3]">&gt;&gt;</a>&nbsp;&nbsp;&nbsp;XDMAD_StopTransfer
<LI><a href="#[a4]">&gt;&gt;</a>&nbsp;&nbsp;&nbsp;XDMAD_SetCallback
<LI><a href="#[a5]">&gt;&gt;</a>&nbsp;&nbsp;&nbsp;XDMAD_FreeChannel
<LI><a href="#[71]">&gt;&gt;</a>&nbsp;&nbsp;&nbsp;__aeabi_assert
<LI><a href="#[6a]">&gt;&gt;</a>&nbsp;&nbsp;&nbsp;free
<LI><a href="#[a7]">&gt;&gt;</a>&nbsp;&nbsp;&nbsp;UART_SetTransmitterEnabled
</UL>
<BR>[Called By]<UL><LI><a href="#[61]">&gt;&gt;</a>&nbsp;&nbsp;&nbsp;main
</UL>

<P><STRONG><a name="[a8]"></a>UARTD_EnableRxChannels</STRONG> (Thumb, 140 bytes, Stack size 24 bytes, uart_dma.o(i.UARTD_EnableRxChannels))
<BR><BR>[Stack]<UL><LI>Max Depth = 336 + Unknown Stack Size
<LI>Call Chain = UARTD_EnableRxChannels &rArr; _configureUartRxDma &rArr; XDMAD_ConfigureTransfer &rArr; XDMAC_SetDescriptorAddr &rArr; __aeabi_assert &rArr; __assert_puts &rArr; __2printf &rArr; _printf_char_file &rArr; _printf_char_common &rArr; __printf
</UL>
<BR>[Calls]<UL><LI><a href="#[a4]">&gt;&gt;</a>&nbsp;&nbsp;&nbsp;XDMAD_SetCallback
<LI><a href="#[aa]">&gt;&gt;</a>&nbsp;&nbsp;&nbsp;XDMAD_PrepareChannel
<LI><a href="#[a9]">&gt;&gt;</a>&nbsp;&nbsp;&nbsp;XDMAD_AllocateChannel
<LI><a href="#[71]">&gt;&gt;</a>&nbsp;&nbsp;&nbsp;__aeabi_assert
<LI><a href="#[ab]">&gt;&gt;</a>&nbsp;&nbsp;&nbsp;_configureUartRxDma
<LI><a href="#[a0]">&gt;&gt;</a>&nbsp;&nbsp;&nbsp;NVIC_GetActive
<LI><a href="#[ac]">&gt;&gt;</a>&nbsp;&nbsp;&nbsp;NVIC_EnableIRQ
<LI><a href="#[a2]">&gt;&gt;</a>&nbsp;&nbsp;&nbsp;UART_SetReceiverEnabled
</UL>
<BR>[Called By]<UL><LI><a href="#[61]">&gt;&gt;</a>&nbsp;&nbsp;&nbsp;main
</UL>

<P><STRONG><a name="[ad]"></a>UARTD_EnableTxChannels</STRONG> (Thumb, 128 bytes, Stack size 24 bytes, uart_dma.o(i.UARTD_EnableTxChannels))
<BR><BR>[Stack]<UL><LI>Max Depth = 336 + Unknown Stack Size
<LI>Call Chain = UARTD_EnableTxChannels &rArr; _configureUartTxDma &rArr; XDMAD_ConfigureTransfer &rArr; XDMAC_SetDescriptorAddr &rArr; __aeabi_assert &rArr; __assert_puts &rArr; __2printf &rArr; _printf_char_file &rArr; _printf_char_common &rArr; __printf
</UL>
<BR>[Calls]<UL><LI><a href="#[a4]">&gt;&gt;</a>&nbsp;&nbsp;&nbsp;XDMAD_SetCallback
<LI><a href="#[aa]">&gt;&gt;</a>&nbsp;&nbsp;&nbsp;XDMAD_PrepareChannel
<LI><a href="#[a9]">&gt;&gt;</a>&nbsp;&nbsp;&nbsp;XDMAD_AllocateChannel
<LI><a href="#[ae]">&gt;&gt;</a>&nbsp;&nbsp;&nbsp;_configureUartTxDma
<LI><a href="#[a0]">&gt;&gt;</a>&nbsp;&nbsp;&nbsp;NVIC_GetActive
<LI><a href="#[ac]">&gt;&gt;</a>&nbsp;&nbsp;&nbsp;NVIC_EnableIRQ
<LI><a href="#[a7]">&gt;&gt;</a>&nbsp;&nbsp;&nbsp;UART_SetTransmitterEnabled
</UL>
<BR>[Called By]<UL><LI><a href="#[61]">&gt;&gt;</a>&nbsp;&nbsp;&nbsp;main
</UL>

<P><STRONG><a name="[af]"></a>UARTD_RcvData</STRONG> (Thumb, 30 bytes, Stack size 8 bytes, uart_dma.o(i.UARTD_RcvData))
<BR><BR>[Stack]<UL><LI>Max Depth = 216 + Unknown Stack Size
<LI>Call Chain = UARTD_RcvData &rArr; XDMAD_StartTransfer &rArr; XDMAC_EnableGIt &rArr; __aeabi_assert &rArr; __assert_puts &rArr; __2printf &rArr; _printf_char_file &rArr; _printf_char_common &rArr; __printf
</UL>
<BR>[Calls]<UL><LI><a href="#[b0]">&gt;&gt;</a>&nbsp;&nbsp;&nbsp;XDMAD_StartTransfer
</UL>
<BR>[Called By]<UL><LI><a href="#[61]">&gt;&gt;</a>&nbsp;&nbsp;&nbsp;main
</UL>

<P><STRONG><a name="[b2]"></a>UARTD_SendData</STRONG> (Thumb, 38 bytes, Stack size 8 bytes, uart_dma.o(i.UARTD_SendData))
<BR><BR>[Stack]<UL><LI>Max Depth = 216 + Unknown Stack Size
<LI>Call Chain = UARTD_SendData &rArr; XDMAD_StartTransfer &rArr; XDMAC_EnableGIt &rArr; __aeabi_assert &rArr; __assert_puts &rArr; __2printf &rArr; _printf_char_file &rArr; _printf_char_common &rArr; __printf
</UL>
<BR>[Calls]<UL><LI><a href="#[b0]">&gt;&gt;</a>&nbsp;&nbsp;&nbsp;XDMAD_StartTransfer
<LI><a href="#[b3]">&gt;&gt;</a>&nbsp;&nbsp;&nbsp;SCB_CleanDCache_by_Addr
</UL>
<BR>[Called By]<UL><LI><a href="#[61]">&gt;&gt;</a>&nbsp;&nbsp;&nbsp;main
</UL>

<P><STRONG><a name="[9e]"></a>UART_Configure</STRONG> (Thumb, 30 bytes, Stack size 8 bytes, uart.o(i.UART_Configure))
<BR><BR>[Stack]<UL><LI>Max Depth = 8<LI>Call Chain = UART_Configure
</UL>
<BR>[Called By]<UL><LI><a href="#[9d]">&gt;&gt;</a>&nbsp;&nbsp;&nbsp;UARTD_Configure
<LI><a href="#[b7]">&gt;&gt;</a>&nbsp;&nbsp;&nbsp;UartTransfer
</UL>

<P><STRONG><a name="[b8]"></a>UART_EnableIt</STRONG> (Thumb, 4 bytes, Stack size 0 bytes, uart.o(i.UART_EnableIt))
<BR><BR>[Called By]<UL><LI><a href="#[b7]">&gt;&gt;</a>&nbsp;&nbsp;&nbsp;UartTransfer
</UL>

<P><STRONG><a name="[9c]"></a>UART_GetStatus</STRONG> (Thumb, 6 bytes, Stack size 0 bytes, uart.o(i.UART_GetStatus))
<BR><BR>[Called By]<UL><LI><a href="#[3f]">&gt;&gt;</a>&nbsp;&nbsp;&nbsp;UART4_Handler
</UL>

<P><STRONG><a name="[b5]"></a>UART_IsRxReady</STRONG> (Thumb, 10 bytes, Stack size 0 bytes, uart.o(i.UART_IsRxReady))
<BR><BR>[Called By]<UL><LI><a href="#[b4]">&gt;&gt;</a>&nbsp;&nbsp;&nbsp;UART_PutChar
</UL>

<P><STRONG><a name="[b4]"></a>UART_PutChar</STRONG> (Thumb, 42 bytes, Stack size 16 bytes, uart.o(i.UART_PutChar))
<BR><BR>[Stack]<UL><LI>Max Depth = 16<LI>Call Chain = UART_PutChar
</UL>
<BR>[Calls]<UL><LI><a href="#[b5]">&gt;&gt;</a>&nbsp;&nbsp;&nbsp;UART_IsRxReady
<LI><a href="#[b6]">&gt;&gt;</a>&nbsp;&nbsp;&nbsp;UART_IsTxSent
</UL>
<BR>[Called By]<UL><LI><a href="#[b7]">&gt;&gt;</a>&nbsp;&nbsp;&nbsp;UartTransfer
</UL>

<P><STRONG><a name="[a2]"></a>UART_SetReceiverEnabled</STRONG> (Thumb, 14 bytes, Stack size 0 bytes, uart.o(i.UART_SetReceiverEnabled))
<BR><BR>[Called By]<UL><LI><a href="#[a8]">&gt;&gt;</a>&nbsp;&nbsp;&nbsp;UARTD_EnableRxChannels
<LI><a href="#[a1]">&gt;&gt;</a>&nbsp;&nbsp;&nbsp;UARTD_DisableRxChannels
<LI><a href="#[b7]">&gt;&gt;</a>&nbsp;&nbsp;&nbsp;UartTransfer
</UL>

<P><STRONG><a name="[a7]"></a>UART_SetTransmitterEnabled</STRONG> (Thumb, 14 bytes, Stack size 0 bytes, uart.o(i.UART_SetTransmitterEnabled))
<BR><BR>[Called By]<UL><LI><a href="#[ad]">&gt;&gt;</a>&nbsp;&nbsp;&nbsp;UARTD_EnableTxChannels
<LI><a href="#[a6]">&gt;&gt;</a>&nbsp;&nbsp;&nbsp;UARTD_DisableTxChannels
<LI><a href="#[b7]">&gt;&gt;</a>&nbsp;&nbsp;&nbsp;UartTransfer
</UL>

<P><STRONG><a name="[d]"></a>UsageFault_Handler</STRONG> (Thumb, 52 bytes, Stack size 8 bytes, exceptions.o(i.UsageFault_Handler))
<BR><BR>[Stack]<UL><LI>Max Depth = 152 + Unknown Stack Size
<LI>Call Chain = UsageFault_Handler &rArr; __2printf &rArr; _printf_char_file &rArr; _printf_char_common &rArr; __printf
</UL>
<BR>[Calls]<UL><LI><a href="#[6b]">&gt;&gt;</a>&nbsp;&nbsp;&nbsp;__2printf
<LI><a href="#[87]">&gt;&gt;</a>&nbsp;&nbsp;&nbsp;StackUnwind
</UL>
<BR>[Address Reference Count : 1]<UL><LI> startup_sam.o(vectors)
</UL>
<P><STRONG><a name="[db]"></a>WDT_Disable</STRONG> (Thumb, 8 bytes, Stack size 0 bytes, wdt.o(i.WDT_Disable))
<BR><BR>[Called By]<UL><LI><a href="#[61]">&gt;&gt;</a>&nbsp;&nbsp;&nbsp;main
</UL>

<P><STRONG><a name="[b9]"></a>XDMAC_DisableChannel</STRONG> (Thumb, 44 bytes, Stack size 16 bytes, xdmac.o(i.XDMAC_DisableChannel))
<BR><BR>[Stack]<UL><LI>Max Depth = 184 + Unknown Stack Size
<LI>Call Chain = XDMAC_DisableChannel &rArr; __aeabi_assert &rArr; __assert_puts &rArr; __2printf &rArr; _printf_char_file &rArr; _printf_char_common &rArr; __printf
</UL>
<BR>[Calls]<UL><LI><a href="#[71]">&gt;&gt;</a>&nbsp;&nbsp;&nbsp;__aeabi_assert
</UL>
<BR>[Called By]<UL><LI><a href="#[a3]">&gt;&gt;</a>&nbsp;&nbsp;&nbsp;XDMAD_StopTransfer
<LI><a href="#[aa]">&gt;&gt;</a>&nbsp;&nbsp;&nbsp;XDMAD_PrepareChannel
</UL>

<P><STRONG><a name="[ba]"></a>XDMAC_DisableChannelIt</STRONG> (Thumb, 54 bytes, Stack size 16 bytes, xdmac.o(i.XDMAC_DisableChannelIt))
<BR><BR>[Stack]<UL><LI>Max Depth = 184 + Unknown Stack Size
<LI>Call Chain = XDMAC_DisableChannelIt &rArr; __aeabi_assert &rArr; __assert_puts &rArr; __2printf &rArr; _printf_char_file &rArr; _printf_char_common &rArr; __printf
</UL>
<BR>[Calls]<UL><LI><a href="#[71]">&gt;&gt;</a>&nbsp;&nbsp;&nbsp;__aeabi_assert
</UL>
<BR>[Called By]<UL><LI><a href="#[a3]">&gt;&gt;</a>&nbsp;&nbsp;&nbsp;XDMAD_StopTransfer
<LI><a href="#[aa]">&gt;&gt;</a>&nbsp;&nbsp;&nbsp;XDMAD_PrepareChannel
<LI><a href="#[d5]">&gt;&gt;</a>&nbsp;&nbsp;&nbsp;XDMAD_ConfigureTransfer
</UL>

<P><STRONG><a name="[bb]"></a>XDMAC_DisableGIt</STRONG> (Thumb, 28 bytes, Stack size 16 bytes, xdmac.o(i.XDMAC_DisableGIt))
<BR><BR>[Stack]<UL><LI>Max Depth = 184 + Unknown Stack Size
<LI>Call Chain = XDMAC_DisableGIt &rArr; __aeabi_assert &rArr; __assert_puts &rArr; __2printf &rArr; _printf_char_file &rArr; _printf_char_common &rArr; __printf
</UL>
<BR>[Calls]<UL><LI><a href="#[71]">&gt;&gt;</a>&nbsp;&nbsp;&nbsp;__aeabi_assert
</UL>
<BR>[Called By]<UL><LI><a href="#[aa]">&gt;&gt;</a>&nbsp;&nbsp;&nbsp;XDMAD_PrepareChannel
</UL>

<P><STRONG><a name="[bc]"></a>XDMAC_EnableChannel</STRONG> (Thumb, 44 bytes, Stack size 16 bytes, xdmac.o(i.XDMAC_EnableChannel))
<BR><BR>[Stack]<UL><LI>Max Depth = 184 + Unknown Stack Size
<LI>Call Chain = XDMAC_EnableChannel &rArr; __aeabi_assert &rArr; __assert_puts &rArr; __2printf &rArr; _printf_char_file &rArr; _printf_char_common &rArr; __printf
</UL>
<BR>[Calls]<UL><LI><a href="#[71]">&gt;&gt;</a>&nbsp;&nbsp;&nbsp;__aeabi_assert
</UL>
<BR>[Called By]<UL><LI><a href="#[b0]">&gt;&gt;</a>&nbsp;&nbsp;&nbsp;XDMAD_StartTransfer
</UL>

<P><STRONG><a name="[bd]"></a>XDMAC_EnableChannelIt</STRONG> (Thumb, 54 bytes, Stack size 16 bytes, xdmac.o(i.XDMAC_EnableChannelIt))
<BR><BR>[Stack]<UL><LI>Max Depth = 184 + Unknown Stack Size
<LI>Call Chain = XDMAC_EnableChannelIt &rArr; __aeabi_assert &rArr; __assert_puts &rArr; __2printf &rArr; _printf_char_file &rArr; _printf_char_common &rArr; __printf
</UL>
<BR>[Calls]<UL><LI><a href="#[71]">&gt;&gt;</a>&nbsp;&nbsp;&nbsp;__aeabi_assert
</UL>
<BR>[Called By]<UL><LI><a href="#[d5]">&gt;&gt;</a>&nbsp;&nbsp;&nbsp;XDMAD_ConfigureTransfer
</UL>

<P><STRONG><a name="[be]"></a>XDMAC_EnableGIt</STRONG> (Thumb, 28 bytes, Stack size 16 bytes, xdmac.o(i.XDMAC_EnableGIt))
<BR><BR>[Stack]<UL><LI>Max Depth = 184 + Unknown Stack Size
<LI>Call Chain = XDMAC_EnableGIt &rArr; __aeabi_assert &rArr; __assert_puts &rArr; __2printf &rArr; _printf_char_file &rArr; _printf_char_common &rArr; __printf
</UL>
<BR>[Calls]<UL><LI><a href="#[71]">&gt;&gt;</a>&nbsp;&nbsp;&nbsp;__aeabi_assert
</UL>
<BR>[Called By]<UL><LI><a href="#[b0]">&gt;&gt;</a>&nbsp;&nbsp;&nbsp;XDMAD_StartTransfer
</UL>

<P><STRONG><a name="[bf]"></a>XDMAC_GetChannelIsr</STRONG> (Thumb, 52 bytes, Stack size 16 bytes, xdmac.o(i.XDMAC_GetChannelIsr))
<BR><BR>[Stack]<UL><LI>Max Depth = 184 + Unknown Stack Size
<LI>Call Chain = XDMAC_GetChannelIsr &rArr; __aeabi_assert &rArr; __assert_puts &rArr; __2printf &rArr; _printf_char_file &rArr; _printf_char_common &rArr; __printf
</UL>
<BR>[Calls]<UL><LI><a href="#[71]">&gt;&gt;</a>&nbsp;&nbsp;&nbsp;__aeabi_assert
</UL>
<BR>[Called By]<UL><LI><a href="#[a3]">&gt;&gt;</a>&nbsp;&nbsp;&nbsp;XDMAD_StopTransfer
<LI><a href="#[aa]">&gt;&gt;</a>&nbsp;&nbsp;&nbsp;XDMAD_PrepareChannel
<LI><a href="#[d5]">&gt;&gt;</a>&nbsp;&nbsp;&nbsp;XDMAD_ConfigureTransfer
<LI><a href="#[c5]">&gt;&gt;</a>&nbsp;&nbsp;&nbsp;XDMAD_Handler
</UL>

<P><STRONG><a name="[c0]"></a>XDMAC_GetChannelItMask</STRONG> (Thumb, 52 bytes, Stack size 16 bytes, xdmac.o(i.XDMAC_GetChannelItMask))
<BR><BR>[Stack]<UL><LI>Max Depth = 184 + Unknown Stack Size
<LI>Call Chain = XDMAC_GetChannelItMask &rArr; __aeabi_assert &rArr; __assert_puts &rArr; __2printf &rArr; _printf_char_file &rArr; _printf_char_common &rArr; __printf
</UL>
<BR>[Calls]<UL><LI><a href="#[71]">&gt;&gt;</a>&nbsp;&nbsp;&nbsp;__aeabi_assert
</UL>
<BR>[Called By]<UL><LI><a href="#[c5]">&gt;&gt;</a>&nbsp;&nbsp;&nbsp;XDMAD_Handler
</UL>

<P><STRONG><a name="[c1]"></a>XDMAC_GetGIsr</STRONG> (Thumb, 22 bytes, Stack size 8 bytes, xdmac.o(i.XDMAC_GetGIsr))
<BR><BR>[Stack]<UL><LI>Max Depth = 176 + Unknown Stack Size
<LI>Call Chain = XDMAC_GetGIsr &rArr; __aeabi_assert &rArr; __assert_puts &rArr; __2printf &rArr; _printf_char_file &rArr; _printf_char_common &rArr; __printf
</UL>
<BR>[Calls]<UL><LI><a href="#[71]">&gt;&gt;</a>&nbsp;&nbsp;&nbsp;__aeabi_assert
</UL>
<BR>[Called By]<UL><LI><a href="#[c5]">&gt;&gt;</a>&nbsp;&nbsp;&nbsp;XDMAD_Handler
</UL>

<P><STRONG><a name="[c2]"></a>XDMAC_GetGlobalChStatus</STRONG> (Thumb, 22 bytes, Stack size 8 bytes, xdmac.o(i.XDMAC_GetGlobalChStatus))
<BR><BR>[Stack]<UL><LI>Max Depth = 176 + Unknown Stack Size
<LI>Call Chain = XDMAC_GetGlobalChStatus &rArr; __aeabi_assert &rArr; __assert_puts &rArr; __2printf &rArr; _printf_char_file &rArr; _printf_char_common &rArr; __printf
</UL>
<BR>[Calls]<UL><LI><a href="#[71]">&gt;&gt;</a>&nbsp;&nbsp;&nbsp;__aeabi_assert
</UL>
<BR>[Called By]<UL><LI><a href="#[a3]">&gt;&gt;</a>&nbsp;&nbsp;&nbsp;XDMAD_StopTransfer
<LI><a href="#[c5]">&gt;&gt;</a>&nbsp;&nbsp;&nbsp;XDMAD_Handler
</UL>

<P><STRONG><a name="[c3]"></a>XDMAC_GetMaskChannelIsr</STRONG> (Thumb, 66 bytes, Stack size 16 bytes, xdmac.o(i.XDMAC_GetMaskChannelIsr))
<BR><BR>[Stack]<UL><LI>Max Depth = 184 + Unknown Stack Size
<LI>Call Chain = XDMAC_GetMaskChannelIsr &rArr; __aeabi_assert &rArr; __assert_puts &rArr; __2printf &rArr; _printf_char_file &rArr; _printf_char_common &rArr; __printf
</UL>
<BR>[Calls]<UL><LI><a href="#[71]">&gt;&gt;</a>&nbsp;&nbsp;&nbsp;__aeabi_assert
</UL>
<BR>[Called By]<UL><LI><a href="#[c5]">&gt;&gt;</a>&nbsp;&nbsp;&nbsp;XDMAD_Handler
</UL>

<P><STRONG><a name="[c4]"></a>XDMAC_GetType</STRONG> (Thumb, 22 bytes, Stack size 8 bytes, xdmac.o(i.XDMAC_GetType))
<BR><BR>[Stack]<UL><LI>Max Depth = 176 + Unknown Stack Size
<LI>Call Chain = XDMAC_GetType &rArr; __aeabi_assert &rArr; __assert_puts &rArr; __2printf &rArr; _printf_char_file &rArr; _printf_char_common &rArr; __printf
</UL>
<BR>[Calls]<UL><LI><a href="#[71]">&gt;&gt;</a>&nbsp;&nbsp;&nbsp;__aeabi_assert
</UL>
<BR>[Called By]<UL><LI><a href="#[d3]">&gt;&gt;</a>&nbsp;&nbsp;&nbsp;XDMAIF_IsValidatedPeripherOnDma
<LI><a href="#[d4]">&gt;&gt;</a>&nbsp;&nbsp;&nbsp;XDMAIF_Get_ChannelNumber
<LI><a href="#[9f]">&gt;&gt;</a>&nbsp;&nbsp;&nbsp;XDMAD_Initialize
</UL>

<P><STRONG><a name="[49]"></a>XDMAC_Handler</STRONG> (Thumb, 10 bytes, Stack size 8 bytes, main.o(i.XDMAC_Handler))
<BR><BR>[Stack]<UL><LI>Max Depth = 232 + Unknown Stack Size
<LI>Call Chain = XDMAC_Handler &rArr; XDMAD_Handler &rArr; XDMAC_GetMaskChannelIsr &rArr; __aeabi_assert &rArr; __assert_puts &rArr; __2printf &rArr; _printf_char_file &rArr; _printf_char_common &rArr; __printf
</UL>
<BR>[Calls]<UL><LI><a href="#[c5]">&gt;&gt;</a>&nbsp;&nbsp;&nbsp;XDMAD_Handler
</UL>
<BR>[Address Reference Count : 1]<UL><LI> startup_sam.o(vectors)
</UL>
<P><STRONG><a name="[c6]"></a>XDMAC_SetBlockControl</STRONG> (Thumb, 58 bytes, Stack size 16 bytes, xdmac.o(i.XDMAC_SetBlockControl))
<BR><BR>[Stack]<UL><LI>Max Depth = 184 + Unknown Stack Size
<LI>Call Chain = XDMAC_SetBlockControl &rArr; __aeabi_assert &rArr; __assert_puts &rArr; __2printf &rArr; _printf_char_file &rArr; _printf_char_common &rArr; __printf
</UL>
<BR>[Calls]<UL><LI><a href="#[71]">&gt;&gt;</a>&nbsp;&nbsp;&nbsp;__aeabi_assert
</UL>
<BR>[Called By]<UL><LI><a href="#[aa]">&gt;&gt;</a>&nbsp;&nbsp;&nbsp;XDMAD_PrepareChannel
<LI><a href="#[d5]">&gt;&gt;</a>&nbsp;&nbsp;&nbsp;XDMAD_ConfigureTransfer
</UL>

[...]
<LI><a href="#[c6]">&gt;&gt;</a>&nbsp;&nbsp;&nbsp;XDMAC_SetBlockControl
<LI><a href="#[bf]">&gt;&gt;</a>&nbsp;&nbsp;&nbsp;XDMAC_GetChannelIsr
<LI><a href="#[bb]">&gt;&gt;</a>&nbsp;&nbsp;&nbsp;XDMAC_DisableGIt
<LI><a href="#[ba]">&gt;&gt;</a>&nbsp;&nbsp;&nbsp;XDMAC_DisableChannelIt
<LI><a href="#[b9]">&gt;&gt;</a>&nbsp;&nbsp;&nbsp;XDMAC_DisableChannel
<LI><a href="#[71]">&gt;&gt;</a>&nbsp;&nbsp;&nbsp;__aeabi_assert
<LI><a href="#[8b]">&gt;&gt;</a>&nbsp;&nbsp;&nbsp;PMC_EnablePeripheral
</UL>
<BR>[Called By]<UL><LI><a href="#[ad]">&gt;&gt;</a>&nbsp;&nbsp;&nbsp;UARTD_EnableTxChannels
<LI><a href="#[a8]">&gt;&gt;</a>&nbsp;&nbsp;&nbsp;UARTD_EnableRxChannels
</UL>

<P><STRONG><a name="[a4]"></a>XDMAD_SetCallback</STRONG> (Thumb, 94 bytes, Stack size 24 bytes, xdmad.o(i.XDMAD_SetCallback))
<BR><BR>[Stack]<UL><LI>Max Depth = 192 + Unknown Stack Size
<LI>Call Chain = XDMAD_SetCallback &rArr; __aeabi_assert &rArr; __assert_puts &rArr; __2printf &rArr; _printf_char_file &rArr; _printf_char_common &rArr; __printf
</UL>
<BR>[Calls]<UL><LI><a href="#[71]">&gt;&gt;</a>&nbsp;&nbsp;&nbsp;__aeabi_assert
</UL>
<BR>[Called By]<UL><LI><a href="#[ad]">&gt;&gt;</a>&nbsp;&nbsp;&nbsp;UARTD_EnableTxChannels
<LI><a href="#[a8]">&gt;&gt;</a>&nbsp;&nbsp;&nbsp;UARTD_EnableRxChannels
<LI><a href="#[a6]">&gt;&gt;</a>&nbsp;&nbsp;&nbsp;UARTD_DisableTxChannels
<LI><a href="#[a1]">&gt;&gt;</a>&nbsp;&nbsp;&nbsp;UARTD_DisableRxChannels
</UL>

<P><STRONG><a name="[b0]"></a>XDMAD_StartTransfer</STRONG> (Thumb, 124 bytes, Stack size 24 bytes, xdmad.o(i.XDMAD_StartTransfer))
<BR><BR>[Stack]<UL><LI>Max Depth = 208 + Unknown Stack Size
<LI>Call Chain = XDMAD_StartTransfer &rArr; XDMAC_EnableGIt &rArr; __aeabi_assert &rArr; __assert_puts &rArr; __2printf &rArr; _printf_char_file &rArr; _printf_char_common &rArr; __printf
</UL>
<BR>[Calls]<UL><LI><a href="#[be]">&gt;&gt;</a>&nbsp;&nbsp;&nbsp;XDMAC_EnableGIt
<LI><a href="#[bc]">&gt;&gt;</a>&nbsp;&nbsp;&nbsp;XDMAC_EnableChannel
<LI><a href="#[71]">&gt;&gt;</a>&nbsp;&nbsp;&nbsp;__aeabi_assert
<LI><a href="#[6b]">&gt;&gt;</a>&nbsp;&nbsp;&nbsp;__2printf
</UL>
<BR>[Called By]<UL><LI><a href="#[b2]">&gt;&gt;</a>&nbsp;&nbsp;&nbsp;UARTD_SendData
<LI><a href="#[af]">&gt;&gt;</a>&nbsp;&nbsp;&nbsp;UARTD_RcvData
</UL>

<P><STRONG><a name="[a3]"></a>XDMAD_StopTransfer</STRONG> (Thumb, 88 bytes, Stack size 24 bytes, xdmad.o(i.XDMAD_StopTransfer))
<BR><BR>[Stack]<UL><LI>Max Depth = 208 + Unknown Stack Size
<LI>Call Chain = XDMAD_StopTransfer &rArr; XDMAC_GetChannelIsr &rArr; __aeabi_assert &rArr; __assert_puts &rArr; __2printf &rArr; _printf_char_file &rArr; _printf_char_common &rArr; __printf
</UL>
<BR>[Calls]<UL><LI><a href="#[c2]">&gt;&gt;</a>&nbsp;&nbsp;&nbsp;XDMAC_GetGlobalChStatus
<LI><a href="#[bf]">&gt;&gt;</a>&nbsp;&nbsp;&nbsp;XDMAC_GetChannelIsr
<LI><a href="#[ba]">&gt;&gt;</a>&nbsp;&nbsp;&nbsp;XDMAC_DisableChannelIt
<LI><a href="#[b9]">&gt;&gt;</a>&nbsp;&nbsp;&nbsp;XDMAC_DisableChannel
<LI><a href="#[71]">&gt;&gt;</a>&nbsp;&nbsp;&nbsp;__aeabi_assert
</UL>
<BR>[Called By]<UL><LI><a href="#[a6]">&gt;&gt;</a>&nbsp;&nbsp;&nbsp;UARTD_DisableTxChannels
<LI><a href="#[a1]">&gt;&gt;</a>&nbsp;&nbsp;&nbsp;UARTD_DisableRxChannels
</UL>

<P><STRONG><a name="[d4]"></a>XDMAIF_Get_ChannelNumber</STRONG> (Thumb, 78 bytes, Stack size 24 bytes, xdma_hardware_interface.o(i.XDMAIF_Get_ChannelNumber))
<BR><BR>[Stack]<UL><LI>Max Depth = 200 + Unknown Stack Size
<LI>Call Chain = XDMAIF_Get_ChannelNumber &rArr; XDMAC_GetType &rArr; __aeabi_assert &rArr; __assert_puts &rArr; __2printf &rArr; _printf_char_file &rArr; _printf_char_common &rArr; __printf
</UL>
<BR>[Calls]<UL><LI><a href="#[c4]">&gt;&gt;</a>&nbsp;&nbsp;&nbsp;XDMAC_GetType
</UL>
<BR>[Called By]<UL><LI><a href="#[d1]">&gt;&gt;</a>&nbsp;&nbsp;&nbsp;XDMAD_AllocateXdmacChannel
<LI><a href="#[ae]">&gt;&gt;</a>&nbsp;&nbsp;&nbsp;_configureUartTxDma
<LI><a href="#[ab]">&gt;&gt;</a>&nbsp;&nbsp;&nbsp;_configureUartRxDma
</UL>

<P><STRONG><a name="[d3]"></a>XDMAIF_IsValidatedPeripherOnDma</STRONG> (Thumb, 58 bytes, Stack size 16 bytes, xdma_hardware_interface.o(i.XDMAIF_IsValidatedPeripherOnDma))
<BR><BR>[Stack]<UL><LI>Max Depth = 192 + Unknown Stack Size
<LI>Call Chain = XDMAIF_IsValidatedPeripherOnDma &rArr; XDMAC_GetType &rArr; __aeabi_assert &rArr; __assert_puts &rArr; __2printf &rArr; _printf_char_file &rArr; _printf_char_common &rArr; __printf
</UL>
<BR>[Calls]<UL><LI><a href="#[c4]">&gt;&gt;</a>&nbsp;&nbsp;&nbsp;XDMAC_GetType
</UL>
<BR>[Called By]<UL><LI><a href="#[d1]">&gt;&gt;</a>&nbsp;&nbsp;&nbsp;XDMAD_AllocateXdmacChannel
</UL>

<P><STRONG><a name="[93]"></a>_SetupMemoryRegion</STRONG> (Thumb, 284 bytes, Stack size 16 bytes, board_lowlevel.o(i._SetupMemoryRegion))
<BR><BR>[Stack]<UL><LI>Max Depth = 16<LI>Call Chain = _SetupMemoryRegion
</UL>
<BR>[Calls]<UL><LI><a href="#[d7]">&gt;&gt;</a>&nbsp;&nbsp;&nbsp;MPU_SetRegion
<LI><a href="#[d8]">&gt;&gt;</a>&nbsp;&nbsp;&nbsp;MPU_Enable
<LI><a href="#[d6]">&gt;&gt;</a>&nbsp;&nbsp;&nbsp;MPU_CalMPURegionSize
</UL>
<BR>[Called By]<UL><LI><a href="#[91]">&gt;&gt;</a>&nbsp;&nbsp;&nbsp;LowLevelInit
</UL>

<P><STRONG><a name="[72]"></a>__assert_puts</STRONG> (Thumb, 14 bytes, Stack size 8 bytes, retarget.o(i.__assert_puts))
<BR><BR>[Stack]<UL><LI>Max Depth = 152 + Unknown Stack Size
<LI>Call Chain = __assert_puts &rArr; __2printf &rArr; _printf_char_file &rArr; _printf_char_common &rArr; __printf
</UL>
<BR>[Calls]<UL><LI><a href="#[6b]">&gt;&gt;</a>&nbsp;&nbsp;&nbsp;__2printf
</UL>
<BR>[Called By]<UL><LI><a href="#[71]">&gt;&gt;</a>&nbsp;&nbsp;&nbsp;__aeabi_assert
</UL>

<P><STRONG><a name="[6f]"></a>_is_digit</STRONG> (Thumb, 14 bytes, Stack size 0 bytes, __printf_wp.o(i._is_digit))
<BR><BR>[Called By]<UL><LI><a href="#[6e]">&gt;&gt;</a>&nbsp;&nbsp;&nbsp;__printf
</UL>

<P><STRONG><a name="[66]"></a>_sys_exit</STRONG> (Thumb, 4 bytes, Stack size 0 bytes, retarget.o(i._sys_exit))
<BR><BR>[Called By]<UL><LI><a href="#[73]">&gt;&gt;</a>&nbsp;&nbsp;&nbsp;abort
<LI><a href="#[65]">&gt;&gt;</a>&nbsp;&nbsp;&nbsp;__rt_exit_exit
<LI><a href="#[82]">&gt;&gt;</a>&nbsp;&nbsp;&nbsp;__sig_exit
</UL>

<P><STRONG><a name="[86]"></a>_ttywrch</STRONG> (Thumb, 12 bytes, Stack size 8 bytes, retarget.o(i._ttywrch))
<BR><BR>[Stack]<UL><LI>Max Depth = 100<LI>Call Chain = _ttywrch &rArr; DBG_PutChar &rArr; DBG_Configure &rArr; PIO_Configure &rArr; PIO_SetPeripheralD
</UL>
<BR>[Calls]<UL><LI><a href="#[8d]">&gt;&gt;</a>&nbsp;&nbsp;&nbsp;DBG_PutChar
</UL>
<BR>[Called By]<UL><LI><a href="#[85]">&gt;&gt;</a>&nbsp;&nbsp;&nbsp;__default_signal_display
</UL>

<P><STRONG><a name="[7d]"></a>ferror</STRONG> (Thumb, 8 bytes, Stack size 0 bytes, retarget.o(i.ferror))
<BR><BR>[Called By]<UL><LI><a href="#[6c]">&gt;&gt;</a>&nbsp;&nbsp;&nbsp;_printf_char_file
</UL>

<P><STRONG><a name="[4e]"></a>fputc</STRONG> (Thumb, 34 bytes, Stack size 16 bytes, retarget.o(i.fputc))
<BR><BR>[Stack]<UL><LI>Max Depth = 108<LI>Call Chain = fputc &rArr; DBG_PutChar &rArr; DBG_Configure &rArr; PIO_Configure &rArr; PIO_SetPeripheralD
</UL>
<BR>[Calls]<UL><LI><a href="#[8d]">&gt;&gt;</a>&nbsp;&nbsp;&nbsp;DBG_PutChar
</UL>
<BR>[Address Reference Count : 1]<UL><LI> _printf_char_file.o(.text)
</UL>
<P><STRONG><a name="[61]"></a>main</STRONG> (Thumb, 298 bytes, Stack size 0 bytes, main.o(i.main))
<BR><BR>[Stack]<UL><LI>Max Depth = 336 + Unknown Stack Size
<LI>Call Chain = main &rArr; UARTD_EnableTxChannels &rArr; _configureUartTxDma &rArr; XDMAD_ConfigureTransfer &rArr; XDMAC_SetDescriptorAddr &rArr; __aeabi_assert &rArr; __assert_puts &rArr; __2printf &rArr; _printf_char_file &rArr; _printf_char_common &rArr; __printf
</UL>
<BR>[Calls]<UL><LI><a href="#[74]">&gt;&gt;</a>&nbsp;&nbsp;&nbsp;__aeabi_memset
<LI><a href="#[6b]">&gt;&gt;</a>&nbsp;&nbsp;&nbsp;__2printf
<LI><a href="#[dd]">&gt;&gt;</a>&nbsp;&nbsp;&nbsp;puts
<LI><a href="#[db]">&gt;&gt;</a>&nbsp;&nbsp;&nbsp;WDT_Disable
<LI><a href="#[b2]">&gt;&gt;</a>&nbsp;&nbsp;&nbsp;UARTD_SendData
<LI><a href="#[af]">&gt;&gt;</a>&nbsp;&nbsp;&nbsp;UARTD_RcvData
<LI><a href="#[ad]">&gt;&gt;</a>&nbsp;&nbsp;&nbsp;UARTD_EnableTxChannels
<LI><a href="#[a8]">&gt;&gt;</a>&nbsp;&nbsp;&nbsp;UARTD_EnableRxChannels
<LI><a href="#[a6]">&gt;&gt;</a>&nbsp;&nbsp;&nbsp;UARTD_DisableTxChannels
<LI><a href="#[a1]">&gt;&gt;</a>&nbsp;&nbsp;&nbsp;UARTD_DisableRxChannels
<LI><a href="#[8c]">&gt;&gt;</a>&nbsp;&nbsp;&nbsp;DBG_GetChar
<LI><a href="#[d9]">&gt;&gt;</a>&nbsp;&nbsp;&nbsp;_UartdConfigLB
<LI><a href="#[b7]">&gt;&gt;</a>&nbsp;&nbsp;&nbsp;UartTransfer
<LI><a href="#[dc]">&gt;&gt;</a>&nbsp;&nbsp;&nbsp;SCB_EnableDCache
<LI><a href="#[8e]">&gt;&gt;</a>&nbsp;&nbsp;&nbsp;DisplayMenu
</UL>
<BR>[Called By]<UL><LI><a href="#[60]">&gt;&gt;</a>&nbsp;&nbsp;&nbsp;__rt_entry_main
</UL>

<P><STRONG><a name="[dd]"></a>puts</STRONG> (Thumb, 22 bytes, Stack size 8 bytes, dbg_console.o(i.puts))
<BR><BR>[Stack]<UL><LI>Max Depth = 100<LI>Call Chain = puts &rArr; DBG_PutChar &rArr; DBG_Configure &rArr; PIO_Configure &rArr; PIO_SetPeripheralD
</UL>
<BR>[Calls]<UL><LI><a href="#[8d]">&gt;&gt;</a>&nbsp;&nbsp;&nbsp;DBG_PutChar
</UL>
<BR>[Called By]<UL><LI><a href="#[61]">&gt;&gt;</a>&nbsp;&nbsp;&nbsp;main
</UL>
<P>
<H3>
Local Symbols
</H3>
<P><STRONG><a name="[8e]"></a>DisplayMenu</STRONG> (Thumb, 46 bytes, Stack size 8 bytes, main.o(i.DisplayMenu))
<BR><BR>[Stack]<UL><LI>Max Depth = 152 + Unknown Stack Size
<LI>Call Chain = DisplayMenu &rArr; __2printf &rArr; _printf_char_file &rArr; _printf_char_common &rArr; __printf
</UL>
<BR>[Calls]<UL><LI><a href="#[6b]">&gt;&gt;</a>&nbsp;&nbsp;&nbsp;__2printf
</UL>
<BR>[Called By]<UL><LI><a href="#[61]">&gt;&gt;</a>&nbsp;&nbsp;&nbsp;main
</UL>

<P><STRONG><a name="[dc]"></a>SCB_EnableDCache</STRONG> (Thumb, 148 bytes, Stack size 8 bytes, main.o(i.SCB_EnableDCache))
<BR><BR>[Stack]<UL><LI>Max Depth = 8<LI>Call Chain = SCB_EnableDCache
</UL>
<BR>[Called By]<UL><LI><a href="#[61]">&gt;&gt;</a>&nbsp;&nbsp;&nbsp;main
</UL>

<P><STRONG><a name="[b7]"></a>UartTransfer</STRONG> (Thumb, 154 bytes, Stack size 16 bytes, main.o(i.UartTransfer))
<BR><BR>[Stack]<UL><LI>Max Depth = 32<LI>Call Chain = UartTransfer &rArr; UART_PutChar
</UL>
<BR>[Calls]<UL><LI><a href="#[a7]">&gt;&gt;</a>&nbsp;&nbsp;&nbsp;UART_SetTransmitterEnabled
<LI><a href="#[a2]">&gt;&gt;</a>&nbsp;&nbsp;&nbsp;UART_SetReceiverEnabled
<LI><a href="#[b4]">&gt;&gt;</a>&nbsp;&nbsp;&nbsp;UART_PutChar
<LI><a href="#[b8]">&gt;&gt;</a>&nbsp;&nbsp;&nbsp;UART_EnableIt
<LI><a href="#[9e]">&gt;&gt;</a>&nbsp;&nbsp;&nbsp;UART_Configure
<LI><a href="#[8b]">&gt;&gt;</a>&nbsp;&nbsp;&nbsp;PMC_EnablePeripheral
</UL>
<BR>[Called By]<UL><LI><a href="#[61]">&gt;&gt;</a>&nbsp;&nbsp;&nbsp;main
</UL>

<P><STRONG><a name="[d9]"></a>_UartdConfigLB</STRONG> (Thumb, 98 bytes, Stack size 16 bytes, main.o(i._UartdConfigLB))
<BR><BR>[Stack]<UL><LI>Max Depth = 240 + Unknown Stack Size
<LI>Call Chain = _UartdConfigLB &rArr; UARTD_Configure &rArr; XDMAD_Initialize &rArr; XDMAC_GetType &rArr; __aeabi_assert &rArr; __assert_puts &rArr; __2printf &rArr; _printf_char_file &rArr; _printf_char_common &rArr; __printf
</UL>
<BR>[Calls]<UL><LI><a href="#[da]">&gt;&gt;</a>&nbsp;&nbsp;&nbsp;__aeabi_memclr4
<LI><a href="#[9d]">&gt;&gt;</a>&nbsp;&nbsp;&nbsp;UARTD_Configure
<LI><a href="#[8b]">&gt;&gt;</a>&nbsp;&nbsp;&nbsp;PMC_EnablePeripheral
</UL>
<BR>[Called By]<UL><LI><a href="#[61]">&gt;&gt;</a>&nbsp;&nbsp;&nbsp;main
</UL>

<P><STRONG><a name="[90]"></a>HardFault_reason</STRONG> (Thumb, 118 bytes, Stack size 0 bytes, exceptions.o(i.HardFault_reason))
<BR><BR>[Called By]<UL><LI><a href="#[a]">&gt;&gt;</a>&nbsp;&nbsp;&nbsp;HardFault_Handler
</UL>

<P><STRONG><a name="[87]"></a>StackUnwind</STRONG> (Thumb, 8 bytes, Stack size 0 bytes, exceptions.o(i.StackUnwind))
<BR><BR>[Called By]<UL><LI><a href="#[d]">&gt;&gt;</a>&nbsp;&nbsp;&nbsp;UsageFault_Handler
<LI><a href="#[b]">&gt;&gt;</a>&nbsp;&nbsp;&nbsp;MemManage_Handler
<LI><a href="#[a]">&gt;&gt;</a>&nbsp;&nbsp;&nbsp;HardFault_Handler
<LI><a href="#[c]">&gt;&gt;</a>&nbsp;&nbsp;&nbsp;BusFault_Handler
</UL>

<P><STRONG><a name="[99]"></a>PIO_SetInput</STRONG> (Thumb, 54 bytes, Stack size 0 bytes, pio.o(i.PIO_SetInput))
<BR><BR>[Called By]<UL><LI><a href="#[8a]">&gt;&gt;</a>&nbsp;&nbsp;&nbsp;PIO_Configure
</UL>

<P><STRONG><a name="[9a]"></a>PIO_SetOutput</STRONG> (Thumb, 36 bytes, Stack size 8 bytes, pio.o(i.PIO_SetOutput))
<BR><BR>[Stack]<UL><LI>Max Depth = 8<LI>Call Chain = PIO_SetOutput
</UL>
<BR>[Called By]<UL><LI><a href="#[8a]">&gt;&gt;</a>&nbsp;&nbsp;&nbsp;PIO_Configure
</UL>

<P><STRONG><a name="[95]"></a>PIO_SetPeripheralA</STRONG> (Thumb, 40 bytes, Stack size 12 bytes, pio.o(i.PIO_SetPeripheralA))
<BR><BR>[Stack]<UL><LI>Max Depth = 12<LI>Call Chain = PIO_SetPeripheralA
</UL>
<BR>[Called By]<UL><LI><a href="#[8a]">&gt;&gt;</a>&nbsp;&nbsp;&nbsp;PIO_Configure
</UL>

<P><STRONG><a name="[96]"></a>PIO_SetPeripheralB</STRONG> (Thumb, 36 bytes, Stack size 12 bytes, pio.o(i.PIO_SetPeripheralB))
<BR><BR>[Stack]<UL><LI>Max Depth = 12<LI>Call Chain = PIO_SetPeripheralB
</UL>
<BR>[Called By]<UL><LI><a href="#[8a]">&gt;&gt;</a>&nbsp;&nbsp;&nbsp;PIO_Configure
</UL>

<P><STRONG><a name="[97]"></a>PIO_SetPeripheralC</STRONG> (Thumb, 36 bytes, Stack size 12 bytes, pio.o(i.PIO_SetPeripheralC))
<BR><BR>[Stack]<UL><LI>Max Depth = 12<LI>Call Chain = PIO_SetPeripheralC
</UL>
<BR>[Called By]<UL><LI><a href="#[8a]">&gt;&gt;</a>&nbsp;&nbsp;&nbsp;PIO_Configure
</UL>

<P><STRONG><a name="[98]"></a>PIO_SetPeripheralD</STRONG> (Thumb, 32 bytes, Stack size 12 bytes, pio.o(i.PIO_SetPeripheralD))
<BR><BR>[Stack]<UL><LI>Max Depth = 12<LI>Call Chain = PIO_SetPeripheralD
</UL>
<BR>[Called By]<UL><LI><a href="#[8a]">&gt;&gt;</a>&nbsp;&nbsp;&nbsp;PIO_Configure
</UL>

<P><STRONG><a name="[b6]"></a>UART_IsTxSent</STRONG> (Thumb, 10 bytes, Stack size 0 bytes, uart.o(i.UART_IsTxSent))
<BR><BR>[Called By]<UL><LI><a href="#[b4]">&gt;&gt;</a>&nbsp;&nbsp;&nbsp;UART_PutChar
</UL>

<P><STRONG><a name="[d1]"></a>XDMAD_AllocateXdmacChannel</STRONG> (Thumb, 212 bytes, Stack size 24 bytes, xdmad.o(i.XDMAD_AllocateXdmacChannel))
<BR><BR>[Stack]<UL><LI>Max Depth = 224 + Unknown Stack Size
<LI>Call Chain = XDMAD_AllocateXdmacChannel &rArr; XDMAIF_Get_ChannelNumber &rArr; XDMAC_GetType &rArr; __aeabi_assert &rArr; __assert_puts &rArr; __2printf &rArr; _printf_char_file &rArr; _printf_char_common &rArr; __printf
</UL>
<BR>[Calls]<UL><LI><a href="#[d3]">&gt;&gt;</a>&nbsp;&nbsp;&nbsp;XDMAIF_IsValidatedPeripherOnDma
<LI><a href="#[d4]">&gt;&gt;</a>&nbsp;&nbsp;&nbsp;XDMAIF_Get_ChannelNumber
<LI><a href="#[6b]">&gt;&gt;</a>&nbsp;&nbsp;&nbsp;__2printf
</UL>
<BR>[Called By]<UL><LI><a href="#[a9]">&gt;&gt;</a>&nbsp;&nbsp;&nbsp;XDMAD_AllocateChannel
</UL>

<P><STRONG><a name="[d2]"></a>free_lock</STRONG> (Thumb, 74 bytes, Stack size 0 bytes, xdmad.o(i.free_lock))
<BR><BR>[Called By]<UL><LI><a href="#[9f]">&gt;&gt;</a>&nbsp;&nbsp;&nbsp;XDMAD_Initialize
<LI><a href="#[a9]">&gt;&gt;</a>&nbsp;&nbsp;&nbsp;XDMAD_AllocateChannel
</UL>

<P><STRONG><a name="[d0]"></a>get_lock</STRONG> (Thumb, 76 bytes, Stack size 8 bytes, xdmad.o(i.get_lock))
<BR><BR>[Stack]<UL><LI>Max Depth = 8<LI>Call Chain = get_lock
</UL>
<BR>[Called By]<UL><LI><a href="#[9f]">&gt;&gt;</a>&nbsp;&nbsp;&nbsp;XDMAD_Initialize
<LI><a href="#[a9]">&gt;&gt;</a>&nbsp;&nbsp;&nbsp;XDMAD_AllocateChannel
</UL>

<P><STRONG><a name="[ac]"></a>NVIC_EnableIRQ</STRONG> (Thumb, 22 bytes, Stack size 0 bytes, uart_dma.o(i.NVIC_EnableIRQ))
<BR><BR>[Called By]<UL><LI><a href="#[ad]">&gt;&gt;</a>&nbsp;&nbsp;&nbsp;UARTD_EnableTxChannels
<LI><a href="#[a8]">&gt;&gt;</a>&nbsp;&nbsp;&nbsp;UARTD_EnableRxChannels
</UL>

<P><STRONG><a name="[a0]"></a>NVIC_GetActive</STRONG> (Thumb, 30 bytes, Stack size 0 bytes, uart_dma.o(i.NVIC_GetActive))
<BR><BR>[Called By]<UL><LI><a href="#[ad]">&gt;&gt;</a>&nbsp;&nbsp;&nbsp;UARTD_EnableTxChannels
<LI><a href="#[a8]">&gt;&gt;</a>&nbsp;&nbsp;&nbsp;UARTD_EnableRxChannels
<LI><a href="#[9d]">&gt;&gt;</a>&nbsp;&nbsp;&nbsp;UARTD_Configure
</UL>

<P><STRONG><a name="[b3]"></a>SCB_CleanDCache_by_Addr</STRONG> (Thumb, 72 bytes, Stack size 12 bytes, uart_dma.o(i.SCB_CleanDCache_by_Addr))
<BR><BR>[Stack]<UL><LI>Max Depth = 12<LI>Call Chain = SCB_CleanDCache_by_Addr
</UL>
<BR>[Called By]<UL><LI><a href="#[ae]">&gt;&gt;</a>&nbsp;&nbsp;&nbsp;_configureUartTxDma
<LI><a href="#[ab]">&gt;&gt;</a>&nbsp;&nbsp;&nbsp;_configureUartRxDma
<LI><a href="#[b2]">&gt;&gt;</a>&nbsp;&nbsp;&nbsp;UARTD_SendData
</UL>

<P><STRONG><a name="[b1]"></a>SCB_InvalidateDCache_by_Addr</STRONG> (Thumb, 72 bytes, Stack size 12 bytes, uart_dma.o(i.SCB_InvalidateDCache_by_Addr))
<BR><BR>[Stack]<UL><LI>Max Depth = 12<LI>Call Chain = SCB_InvalidateDCache_by_Addr
</UL>
<BR>[Called By]<UL><LI><a href="#[50]">&gt;&gt;</a>&nbsp;&nbsp;&nbsp;UARTD_Rx_Cb
</UL>

<P><STRONG><a name="[50]"></a>UARTD_Rx_Cb</STRONG> (Thumb, 40 bytes, Stack size 16 bytes, uart_dma.o(i.UARTD_Rx_Cb))
<BR><BR>[Stack]<UL><LI>Max Depth = 200 + Unknown Stack Size
<LI>Call Chain = UARTD_Rx_Cb &rArr; XDMAD_FreeChannel &rArr; __aeabi_assert &rArr; __assert_puts &rArr; __2printf &rArr; _printf_char_file &rArr; _printf_char_common &rArr; __printf
</UL>
<BR>[Calls]<UL><LI><a href="#[a5]">&gt;&gt;</a>&nbsp;&nbsp;&nbsp;XDMAD_FreeChannel
<LI><a href="#[b1]">&gt;&gt;</a>&nbsp;&nbsp;&nbsp;SCB_InvalidateDCache_by_Addr
</UL>
<BR>[Address Reference Count : 1]<UL><LI> uart_dma.o(i.UARTD_EnableRxChannels)
</UL>
<P><STRONG><a name="[51]"></a>UARTD_Tx_Cb</STRONG> (Thumb, 32 bytes, Stack size 16 bytes, uart_dma.o(i.UARTD_Tx_Cb))
<BR><BR>[Stack]<UL><LI>Max Depth = 200 + Unknown Stack Size
<LI>Call Chain = UARTD_Tx_Cb &rArr; XDMAD_FreeChannel &rArr; __aeabi_assert &rArr; __assert_puts &rArr; __2printf &rArr; _printf_char_file &rArr; _printf_char_common &rArr; __printf
</UL>
<BR>[Calls]<UL><LI><a href="#[a5]">&gt;&gt;</a>&nbsp;&nbsp;&nbsp;XDMAD_FreeChannel
</UL>
<BR>[Address Reference Count : 1]<UL><LI> uart_dma.o(i.UARTD_EnableTxChannels)
</UL>
<P><STRONG><a name="[ab]"></a>_configureUartRxDma</STRONG> (Thumb, 344 bytes, Stack size 80 bytes, uart_dma.o(i._configureUartRxDma))
<BR><BR>[Stack]<UL><LI>Max Depth = 312 + Unknown Stack Size
<LI>Call Chain = _configureUartRxDma &rArr; XDMAD_ConfigureTransfer &rArr; XDMAC_SetDescriptorAddr &rArr; __aeabi_assert &rArr; __assert_puts &rArr; __2printf &rArr; _printf_char_file &rArr; _printf_char_common &rArr; __printf
</UL>
<BR>[Calls]<UL><LI><a href="#[d4]">&gt;&gt;</a>&nbsp;&nbsp;&nbsp;XDMAIF_Get_ChannelNumber
<LI><a href="#[d5]">&gt;&gt;</a>&nbsp;&nbsp;&nbsp;XDMAD_ConfigureTransfer
<LI><a href="#[6b]">&gt;&gt;</a>&nbsp;&nbsp;&nbsp;__2printf
<LI><a href="#[6a]">&gt;&gt;</a>&nbsp;&nbsp;&nbsp;free
<LI><a href="#[67]">&gt;&gt;</a>&nbsp;&nbsp;&nbsp;malloc
<LI><a href="#[b3]">&gt;&gt;</a>&nbsp;&nbsp;&nbsp;SCB_CleanDCache_by_Addr
</UL>
<BR>[Called By]<UL><LI><a href="#[a8]">&gt;&gt;</a>&nbsp;&nbsp;&nbsp;UARTD_EnableRxChannels
</UL>

<P><STRONG><a name="[ae]"></a>_configureUartTxDma</STRONG> (Thumb, 352 bytes, Stack size 80 bytes, uart_dma.o(i._configureUartTxDma))
<BR><BR>[Stack]<UL><LI>Max Depth = 312 + Unknown Stack Size
<LI>Call Chain = _configureUartTxDma &rArr; XDMAD_ConfigureTransfer &rArr; XDMAC_SetDescriptorAddr &rArr; __aeabi_assert &rArr; __assert_puts &rArr; __2printf &rArr; _printf_char_file &rArr; _printf_char_common &rArr; __printf
</UL>
<BR>[Calls]<UL><LI><a href="#[d4]">&gt;&gt;</a>&nbsp;&nbsp;&nbsp;XDMAIF_Get_ChannelNumber
<LI><a href="#[d5]">&gt;&gt;</a>&nbsp;&nbsp;&nbsp;XDMAD_ConfigureTransfer
<LI><a href="#[6b]">&gt;&gt;</a>&nbsp;&nbsp;&nbsp;__2printf
<LI><a href="#[6a]">&gt;&gt;</a>&nbsp;&nbsp;&nbsp;free
<LI><a href="#[67]">&gt;&gt;</a>&nbsp;&nbsp;&nbsp;malloc
<LI><a href="#[b3]">&gt;&gt;</a>&nbsp;&nbsp;&nbsp;SCB_CleanDCache_by_Addr
</UL>
<BR>[Called By]<UL><LI><a href="#[ad]">&gt;&gt;</a>&nbsp;&nbsp;&nbsp;UARTD_EnableTxChannels
</UL>

<P><STRONG><a name="[4f]"></a>_printf_input_char</STRONG> (Thumb, 10 bytes, Stack size 0 bytes, _printf_char_common.o(.text))
<BR>[Address Reference Count : 1]<UL><LI> _printf_char_common.o(.text)
</UL><P>
<H3>
Undefined Global Symbols
</H3><HR></body></html>
