Component: ARM Compiler 5.06 update 1 (build 61) Tool: armlink [4d35a8]

==============================================================================

Section Cross References

    workaround.o(WORKAROUND) refers to startup_sam.o(vectors) for __vector_table
    main.o(i._DBGU_Handler) refers to _printf_percent.o(.ARM.Collect$$_printf_percent$$00000000) for _printf_percent
    main.o(i._DBGU_Handler) refers to _printf_c.o(.ARM.Collect$$_printf_percent$$00000013) for _printf_c
    main.o(i._DBGU_Handler) refers to _printf_str.o(.text) for _printf_str
    main.o(i._DBGU_Handler) refers to dbg_console.o(i.DBG_IsRxReady) for DBG_IsRxReady
    main.o(i._DBGU_Handler) refers to dbg_console.o(i.DBG_GetChar) for DBG_GetChar
    main.o(i._DBGU_Handler) refers to noretval__2printf.o(.text) for __2printf
    main.o(i._DBGU_Handler) refers to main.o(i.struct_test) for struct_test
    main.o(i._DBGU_Handler) refers to main.o(i.pointer_test) for pointer_test
    main.o(i._DBGU_Handler) refers to main.o(i.array_test) for array_test
    main.o(i._DBGU_Handler) refers to main.o(i.read_chip_id) for read_chip_id
    main.o(i._DBGU_Handler) refers to main.o(i.trng_test) for trng_test
    main.o(i._DBGU_Handler) refers to main.o(i.main_screen) for main_screen
    main.o(i.array_test) refers to _printf_percent.o(.ARM.Collect$$_printf_percent$$00000000) for _printf_percent
    main.o(i.array_test) refers to _printf_c.o(.ARM.Collect$$_printf_percent$$00000013) for _printf_c
    main.o(i.array_test) refers to _printf_str.o(.text) for _printf_str
    main.o(i.array_test) refers to _printf_s.o(.ARM.Collect$$_printf_percent$$00000014) for _printf_s
    main.o(i.array_test) refers to noretval__2printf.o(.text) for __2printf
    main.o(i.main) refers to wdt.o(i.WDT_Disable) for WDT_Disable
    main.o(i.main) refers to main.o(i.SCB_EnableDCache) for SCB_EnableDCache
    main.o(i.main) refers to main.o(i.main_screen) for main_screen
    main.o(i.main) refers to noretval__2printf.o(.text) for __2printf
    main.o(i.main) refers to main.o(i._DBGU_Handler) for _DBGU_Handler
    main.o(i.main_screen) refers to noretval__2printf.o(.text) for __2printf
    main.o(i.pointer_test) refers to _printf_percent.o(.ARM.Collect$$_printf_percent$$00000000) for _printf_percent
    main.o(i.pointer_test) refers to _printf_d.o(.ARM.Collect$$_printf_percent$$00000009) for _printf_d
    main.o(i.pointer_test) refers to _printf_dec.o(.text) for _printf_int_dec
    main.o(i.pointer_test) refers to noretval__2printf.o(.text) for __2printf
    main.o(i.read_chip_id) refers to _printf_percent.o(.ARM.Collect$$_printf_percent$$00000000) for _printf_percent
    main.o(i.read_chip_id) refers to _printf_x.o(.ARM.Collect$$_printf_percent$$0000000C) for _printf_x
    main.o(i.read_chip_id) refers to _printf_hex_int.o(.text) for _printf_longlong_hex
    main.o(i.read_chip_id) refers to _printf_pad.o(.text) for _printf_pre_padding
    main.o(i.read_chip_id) refers to _printf_d.o(.ARM.Collect$$_printf_percent$$00000009) for _printf_d
    main.o(i.read_chip_id) refers to _printf_dec.o(.text) for _printf_int_dec
    main.o(i.read_chip_id) refers to noretval__2printf.o(.text) for __2printf
    main.o(i.struct_test) refers to _printf_percent.o(.ARM.Collect$$_printf_percent$$00000000) for _printf_percent
    main.o(i.struct_test) refers to _printf_d.o(.ARM.Collect$$_printf_percent$$00000009) for _printf_d
    main.o(i.struct_test) refers to _printf_dec.o(.text) for _printf_int_dec
    main.o(i.struct_test) refers to noretval__2printf.o(.text) for __2printf
    main.o(i.trng_test) refers to _printf_percent.o(.ARM.Collect$$_printf_percent$$00000000) for _printf_percent
    main.o(i.trng_test) refers to _printf_x.o(.ARM.Collect$$_printf_percent$$0000000C) for _printf_x
    main.o(i.trng_test) refers to _printf_hex_int.o(.text) for _printf_longlong_hex
    main.o(i.trng_test) refers to noretval__2printf.o(.text) for __2printf
    main.o(i.trng_test) refers to pmc.o(i.PMC_EnablePeripheral) for PMC_EnablePeripheral
    main.o(i.trng_test) refers to pmc.o(i.PMC_DisablePeripheral) for PMC_DisablePeripheral
    exceptions.o(i.BusFault_Handler) refers to _printf_percent.o(.ARM.Collect$$_printf_percent$$00000000) for _printf_percent
    exceptions.o(i.BusFault_Handler) refers to _printf_x.o(.ARM.Collect$$_printf_percent$$0000000C) for _printf_x
    exceptions.o(i.BusFault_Handler) refers to _printf_hex_int.o(.text) for _printf_longlong_hex
    exceptions.o(i.BusFault_Handler) refers to exceptions.o(i.StackUnwind) for StackUnwind
    exceptions.o(i.BusFault_Handler) refers to noretval__2printf.o(.text) for __2printf
    exceptions.o(i.HardFault_Handler) refers to _printf_percent.o(.ARM.Collect$$_printf_percent$$00000000) for _printf_percent
    exceptions.o(i.HardFault_Handler) refers to _printf_x.o(.ARM.Collect$$_printf_percent$$0000000C) for _printf_x
[...]
    libinit2.o(.ARM.Collect$$libinit$$00000026) refers to argv_veneer.o(.emb_text) for __ARM_argv_veneer
    libinit2.o(.ARM.Collect$$libinit$$00000027) refers to argv_veneer.o(.emb_text) for __ARM_argv_veneer
    libinit5.o(.ARM.Collect$$libinit$$00000008) refers to libinit5.o(.ARM.Collect$$libinit$$00002719) for __lit__00000000
    libinit5.o(.ARM.Collect$$libinit$$0000002A) refers to libinit5.o(.ARM.Collect$$libinit$$0000273B) for __lit__00000002
    libinit5.o(.ARM.Collect$$libinit$$0000002A) refers to argv_veneer.o(.emb_text) for __ARM_argv_veneer
    rtexit2.o(.ARM.Collect$$rtexit$$00000003) refers to libshutdown.o(.ARM.Collect$$libshutdown$$00000000) for __rt_lib_shutdown
    rtexit2.o(.ARM.Collect$$rtexit$$00000004) refers to retarget.o(i._sys_exit) for _sys_exit
    rtexit2.o(.ARM.exidx) refers to rtexit2.o(.ARM.Collect$$rtexit$$00000001) for .ARM.Collect$$rtexit$$00000001
    rtexit2.o(.ARM.exidx) refers to rtexit2.o(.ARM.Collect$$rtexit$$00000003) for .ARM.Collect$$rtexit$$00000003
    rtexit2.o(.ARM.exidx) refers to rtexit2.o(.ARM.Collect$$rtexit$$00000004) for .ARM.Collect$$rtexit$$00000004
    defsig.o(CL$$defsig) refers to defsig_abrt_inner.o(.text) for __rt_SIGABRT_inner
    defsig.o(CL$$defsig) refers to defsig_rtmem_inner.o(.text) for __rt_SIGRTMEM_inner
    argv_veneer.o(.emb_text) refers to no_argv.o(.text) for __ARM_get_argv
    defsig_fpe_inner.o(.text) refers to defsig_general.o(.text) for __default_signal_display
    defsig_rtred_inner.o(.text) refers to defsig_general.o(.text) for __default_signal_display
    defsig_rtmem_inner.o(.text) refers to defsig_general.o(.text) for __default_signal_display
    defsig_stak_inner.o(.text) refers to defsig_general.o(.text) for __default_signal_display
    defsig_pvfn_inner.o(.text) refers to defsig_general.o(.text) for __default_signal_display
    defsig_cppl_inner.o(.text) refers to defsig_general.o(.text) for __default_signal_display
    defsig_segv_inner.o(.text) refers to defsig_general.o(.text) for __default_signal_display
    defsig_other.o(.text) refers to defsig_general.o(.text) for __default_signal_display
    _get_argv_nomalloc.o(.text) refers (Special) to hrguard.o(.text) for __heap_region$guard
    _get_argv_nomalloc.o(.text) refers to defsig_rtmem_outer.o(.text) for __rt_SIGRTMEM
    _get_argv_nomalloc.o(.text) refers to sys_command.o(.text) for _sys_command_string
    libshutdown.o(.ARM.Collect$$libshutdown$$00000000) refers (Special) to libshutdown2.o(.ARM.Collect$$libshutdown$$00000002) for __rt_lib_shutdown_cpp_1
    libshutdown.o(.ARM.Collect$$libshutdown$$00000000) refers (Special) to libshutdown2.o(.ARM.Collect$$libshutdown$$00000007) for __rt_lib_shutdown_fp_trap_1
    libshutdown.o(.ARM.Collect$$libshutdown$$00000000) refers (Special) to libshutdown2.o(.ARM.Collect$$libshutdown$$0000000F) for __rt_lib_shutdown_heap_1
    libshutdown.o(.ARM.Collect$$libshutdown$$00000000) refers (Special) to libshutdown2.o(.ARM.Collect$$libshutdown$$00000010) for __rt_lib_shutdown_return
    libshutdown.o(.ARM.Collect$$libshutdown$$00000000) refers (Special) to libshutdown2.o(.ARM.Collect$$libshutdown$$0000000A) for __rt_lib_shutdown_signal_1
    libshutdown.o(.ARM.Collect$$libshutdown$$00000000) refers (Special) to libshutdown2.o(.ARM.Collect$$libshutdown$$00000004) for __rt_lib_shutdown_stdio_1
    libshutdown.o(.ARM.Collect$$libshutdown$$00000000) refers (Special) to libshutdown2.o(.ARM.Collect$$libshutdown$$0000000C) for __rt_lib_shutdown_user_alloc_1
    sys_command.o(.text) refers (Special) to use_no_semi.o(.text) for __I$use$semihosting
    sys_command.o(.text) refers (Special) to indicate_semi.o(.text) for __semihosting_library_function
    defsig_rtmem_outer.o(.text) refers to defsig_rtmem_inner.o(.text) for __rt_SIGRTMEM_inner
    defsig_rtmem_outer.o(.text) refers to defsig_exit.o(.text) for __sig_exit
    defsig_rtmem_formal.o(.text) refers to rt_raise.o(.text) for __rt_raise
    startup_sam.o(i.Reset_Handler) refers to board_lowlevel.o(i.LowLevelInit) for LowLevelInit
    startup_sam.o(i.Reset_Handler) refers to __main.o(!!!main) for __main


==============================================================================

Removing Unused input sections from the image.

    Removing workaround.o(WORKAROUND), (8 bytes).
    Removing main.o(.rev16_text), (4 bytes).
    Removing main.o(.revsh_text), (4 bytes).
    Removing main.o(.rrx_text), (6 bytes).
    Removing main.o(.data), (5 bytes).
    Removing exceptions.o(.rev16_text), (4 bytes).
    Removing exceptions.o(.revsh_text), (4 bytes).
    Removing exceptions.o(.rrx_text), (6 bytes).
    Removing exceptions.o(.data), (5 bytes).
    Removing mpu.o(.rev16_text), (4 bytes).
    Removing mpu.o(.revsh_text), (4 bytes).
    Removing mpu.o(.rrx_text), (6 bytes).
    Removing mpu.o(i.MPU_DisableRegion), (20 bytes).
    Removing mpu.o(i.MPU_SetRegionNum), (12 bytes).
    Removing mpu.o(i.MPU_UpdateRegions), (96 bytes).
    Removing mpu.o(.data), (5 bytes).
    Removing pio.o(.rev16_text), (4 bytes).
    Removing pio.o(.revsh_text), (4 bytes).
    Removing pio.o(.rrx_text), (6 bytes).
    Removing pio.o(i.PIO_Clear), (8 bytes).
    Removing pio.o(i.PIO_DisableWriteProtect), (16 bytes).
    Removing pio.o(i.PIO_EnableWriteProtect), (16 bytes).
    Removing pio.o(i.PIO_Get), (38 bytes).
    Removing pio.o(i.PIO_GetOutputDataStatus), (20 bytes).
    Removing pio.o(i.PIO_GetWriteProtectViolationInfo), (10 bytes).
    Removing pio.o(i.PIO_Set), (8 bytes).
    Removing pio.o(i.PIO_SetDebounceFilter), (32 bytes).
    Removing pio.o(i.PIO_SetPinType), (4 bytes).
    Removing pio.o(.data), (5 bytes).
    Removing pio_it.o(.rev16_text), (4 bytes).
    Removing pio_it.o(.revsh_text), (4 bytes).
    Removing pio_it.o(.rrx_text), (6 bytes).
    Removing pio_it.o(i.NVIC_ClearPendingIRQ), (24 bytes).
    Removing pio_it.o(i.NVIC_DisableIRQ), (24 bytes).
    Removing pio_it.o(i.NVIC_EnableIRQ), (22 bytes).
    Removing pio_it.o(i.NVIC_SetPriority), (40 bytes).
    Removing pio_it.o(i.PIO_ConfigureIt), (244 bytes).
    Removing pio_it.o(i.PIO_DisableIt), (92 bytes).
    Removing pio_it.o(i.PIO_EnableIt), (168 bytes).
    Removing pio_it.o(i.PIO_InitializeInterrupts), (264 bytes).
    Removing pmc.o(.rev16_text), (4 bytes).
    Removing pmc.o(.revsh_text), (4 bytes).
    Removing pmc.o(.rrx_text), (6 bytes).
    Removing pmc.o(i.PMC_ConfigureMckWithPlla), (48 bytes).
    Removing pmc.o(i.PMC_ConfigurePCK0), (64 bytes).
    Removing pmc.o(i.PMC_ConfigurePCK1), (60 bytes).
    Removing pmc.o(i.PMC_ConfigurePCK2), (60 bytes).
    Removing pmc.o(i.PMC_DisableAllClocks), (68 bytes).
    Removing pmc.o(i.PMC_DisableAllPeripherals), (52 bytes).
    Removing pmc.o(i.PMC_DisableExtOsc), (40 bytes).
    Removing pmc.o(i.PMC_DisableIntRC4_8_12MHz), (44 bytes).
    Removing pmc.o(i.PMC_EnableAllPeripherals), (56 bytes).
    Removing pmc.o(i.PMC_EnableExtOsc), (100 bytes).
    Removing pmc.o(i.PMC_EnableIntRC4_8_12MHz), (120 bytes).
    Removing pmc.o(i.PMC_EnableXT32KFME), (24 bytes).
    Removing pmc.o(i.PMC_IsPeriphEnabled), (128 bytes).
    Removing pmc.o(i.PMC_SelectExtBypassOsc), (100 bytes).
    Removing pmc.o(i.PMC_SelectExtOsc), (116 bytes).
    Removing pmc.o(i.PMC_SetMckSelection), (58 bytes).
    Removing pmc.o(i.PMC_SetPllaClock), (64 bytes).
    Removing pmc.o(i._PMC_SetMckPrescaler), (36 bytes).
    Removing pmc.o(i._PMC_SwitchMck2MainClock), (60 bytes).
    Removing pmc.o(i._PMC_SwitchMck2PllaClock), (36 bytes).
    Removing pmc.o(i._PMC_SwitchMck2SlowClock), (36 bytes).
    Removing pmc.o(.data), (5 bytes).
    Removing supc.o(.rev16_text), (4 bytes).
    Removing supc.o(.revsh_text), (4 bytes).
    Removing supc.o(.rrx_text), (6 bytes).
    Removing supc.o(i.SUPC_BrownoutDetectEnable), (28 bytes).
    Removing supc.o(i.SUPC_BrownoutResetEnable), (16 bytes).
    Removing supc.o(i.SUPC_BypassXtal32KOsc), (16 bytes).
    Removing supc.o(i.SUPC_ConfigSupplyMonitor), (12 bytes).
    Removing supc.o(i.SUPC_DisableSupplyMonitor), (12 bytes).
    Removing supc.o(i.SUPC_DisableVoltageReg), (24 bytes).
    Removing supc.o(i.SUPC_EnablesWakeupInput), (32 bytes).
    Removing supc.o(i.SUPC_EnablesWakeupMode), (32 bytes).
    Removing supc.o(i.SUPC_IsSlowClkExtCrystal32K), (16 bytes).
    Removing supc.o(i.SUPC_Read_Status), (16 bytes).
    Removing supc.o(i.SUPC_SelectExtCrystal32K), (52 bytes).
    Removing supc.o(i.SUPC_SetLowPowerDebounce), (24 bytes).
    Removing supc.o(i.SUPC_SetWakeupDebounce), (24 bytes).
    Removing supc.o(i.SUPC_SramBackupMode), (28 bytes).
    Removing supc.o(.data), (5 bytes).
    Removing tc.o(.rev16_text), (4 bytes).
    Removing tc.o(.revsh_text), (4 bytes).
    Removing tc.o(.rrx_text), (6 bytes).
    Removing tc.o(i.TC_Configure), (96 bytes).
    Removing tc.o(i.TC_FindMckDivisor), (116 bytes).
    Removing tc.o(i.TC_Start), (80 bytes).
    Removing tc.o(i.TC_Stop), (80 bytes).
    Removing tc.o(.constdata), (20 bytes).
    Removing tc.o(.conststring), (68 bytes).
    Removing tc.o(.data), (5 bytes).
    Removing timetick.o(.rev16_text), (4 bytes).
    Removing timetick.o(.revsh_text), (4 bytes).
    Removing timetick.o(.rrx_text), (6 bytes).
    Removing timetick.o(i.GetDelayInTicks), (116 bytes).
    Removing timetick.o(i.GetTicks), (104 bytes).
    Removing timetick.o(i.SetTimeEvent), (12 bytes).
    Removing timetick.o(i.Sleep), (136 bytes).
    Removing timetick.o(i.TimeTick_Configure), (280 bytes).
    Removing timetick.o(i.Wait), (124 bytes).
    Removing timetick.o(.bss), (16 bytes).
    Removing uart.o(.rev16_text), (4 bytes).
    Removing uart.o(.revsh_text), (4 bytes).
    Removing uart.o(.rrx_text), (6 bytes).
    Removing uart.o(i.UART_CompareConfig), (18 bytes).
    Removing uart.o(i.UART_Configure), (30 bytes).
    Removing uart.o(i.UART_DisableIt), (4 bytes).
    Removing uart.o(i.UART_EnableIt), (4 bytes).
    Removing uart.o(i.UART_GetChar), (22 bytes).
    Removing uart.o(i.UART_GetItMask), (6 bytes).
    Removing uart.o(i.UART_GetStatus), (6 bytes).
    Removing uart.o(i.UART_IsRxReady), (10 bytes).
    Removing uart.o(i.UART_IsTxReady), (10 bytes).
    Removing uart.o(i.UART_IsTxSent), (10 bytes).
    Removing uart.o(i.UART_PutChar), (42 bytes).
    Removing uart.o(i.UART_ReceiveBuffer), (32 bytes).
    Removing uart.o(i.UART_SendBuffer), (38 bytes).
    Removing uart.o(i.UART_SetReceiverEnabled), (14 bytes).
    Removing uart.o(i.UART_SetTransmitterEnabled), (14 bytes).
    Removing uart.o(.data), (5 bytes).
    Removing wdt.o(.rev16_text), (4 bytes).
    Removing wdt.o(.revsh_text), (4 bytes).
    Removing wdt.o(.rrx_text), (6 bytes).
    Removing wdt.o(i.WDT_Enable), (4 bytes).
    Removing wdt.o(i.WDT_GetPeriod), (28 bytes).
    Removing wdt.o(i.WDT_GetStatus), (10 bytes).
    Removing wdt.o(i.WDT_Restart), (12 bytes).
    Removing wdt.o(.data), (5 bytes).
    Removing xdma_hardware_interface.o(.rev16_text), (4 bytes).
    Removing xdma_hardware_interface.o(.revsh_text), (4 bytes).
    Removing xdma_hardware_interface.o(.rrx_text), (6 bytes).
    Removing xdma_hardware_interface.o(i.XDMAIF_Get_ChannelNumber), (88 bytes).
    Removing xdma_hardware_interface.o(i.XDMAIF_IsValidatedPeripherOnDma), (68 bytes).
    Removing xdma_hardware_interface.o(.constdata), (540 bytes).
    Removing xdma_hardware_interface.o(.data), (5 bytes).
    Removing xdmac.o(.rev16_text), (4 bytes).
    Removing xdmac.o(.revsh_text), (4 bytes).
    Removing xdmac.o(.rrx_text), (6 bytes).
    Removing xdmac.o(i.XDMAC_DisableChannel), (128 bytes).
    Removing xdmac.o(i.XDMAC_DisableChannelIt), (140 bytes).
    Removing xdmac.o(i.XDMAC_DisableChannels), (80 bytes).
    Removing xdmac.o(i.XDMAC_DisableGIt), (84 bytes).
    Removing xdmac.o(i.XDMAC_EnableChannel), (128 bytes).
    Removing xdmac.o(i.XDMAC_EnableChannelIt), (140 bytes).
    Removing xdmac.o(i.XDMAC_EnableChannels), (80 bytes).
    Removing xdmac.o(i.XDMAC_EnableGIt), (84 bytes).
    Removing xdmac.o(i.XDMAC_GetArbiter), (80 bytes).
    Removing xdmac.o(i.XDMAC_GetChDestinationAddr), (136 bytes).
    Removing xdmac.o(i.XDMAC_GetChannelConfig), (136 bytes).
    Removing xdmac.o(i.XDMAC_GetChannelIsr), (136 bytes).
    Removing xdmac.o(i.XDMAC_GetChannelItMask), (136 bytes).
    Removing xdmac.o(i.XDMAC_GetConfig), (80 bytes).
    Removing xdmac.o(i.XDMAC_GetGIsr), (80 bytes).
    Removing xdmac.o(i.XDMAC_GetGItMask), (80 bytes).
    Removing xdmac.o(i.XDMAC_GetGlobalChStatus), (80 bytes).
    Removing xdmac.o(i.XDMAC_GetMaskChannelIsr), (152 bytes).
    Removing xdmac.o(i.XDMAC_GetMaskedGIsr), (84 bytes).
    Removing xdmac.o(i.XDMAC_GetSoftwareTransferStatus), (80 bytes).
    Removing xdmac.o(i.XDMAC_GetType), (80 bytes).
    Removing xdmac.o(i.XDMAC_ResumeReadWriteChannel), (132 bytes).
    Removing xdmac.o(i.XDMAC_SetBlockControl), (144 bytes).
    Removing xdmac.o(i.XDMAC_SetChannelConfig), (140 bytes).
    Removing xdmac.o(i.XDMAC_SetDataStride_MemPattern), (140 bytes).
    Removing xdmac.o(i.XDMAC_SetDescriptorAddr), (180 bytes).
    Removing xdmac.o(i.XDMAC_SetDescriptorControl), (140 bytes).
    Removing xdmac.o(i.XDMAC_SetDestinationAddr), (140 bytes).
    Removing xdmac.o(i.XDMAC_SetDestinationMicroBlockStride), (144 bytes).
    Removing xdmac.o(i.XDMAC_SetMicroblockControl), (144 bytes).
    Removing xdmac.o(i.XDMAC_SetSourceAddr), (140 bytes).
    Removing xdmac.o(i.XDMAC_SetSourceMicroBlockStride), (144 bytes).
    Removing xdmac.o(i.XDMAC_SoftwareFlushReq), (152 bytes).
    Removing xdmac.o(i.XDMAC_SoftwareTransferReq), (132 bytes).
    Removing xdmac.o(i.XDMAC_SuspendReadChannel), (132 bytes).
    Removing xdmac.o(i.XDMAC_SuspendReadWriteChannel), (128 bytes).
    Removing xdmac.o(i.XDMAC_SuspendWriteChannel), (132 bytes).
    Removing xdmac.o(.data), (5 bytes).
    Removing xdmad.o(.rev16_text), (4 bytes).
    Removing xdmad.o(.revsh_text), (4 bytes).
    Removing xdmad.o(.rrx_text), (6 bytes).
    Removing xdmad.o(i.XDMAD_AllocateChannel), (52 bytes).
    Removing xdmad.o(i.XDMAD_AllocateXdmacChannel), (300 bytes).
    Removing xdmad.o(i.XDMAD_ConfigureTransfer), (384 bytes).
    Removing xdmad.o(i.XDMAD_FreeChannel), (148 bytes).
    Removing xdmad.o(i.XDMAD_Handler), (288 bytes).
    Removing xdmad.o(i.XDMAD_Initialize), (264 bytes).
    Removing xdmad.o(i.XDMAD_IsTransferDone), (152 bytes).
    Removing xdmad.o(i.XDMAD_PrepareChannel), (264 bytes).
    Removing xdmad.o(i.XDMAD_SetCallback), (160 bytes).
    Removing xdmad.o(i.XDMAD_StartTransfer), (256 bytes).
    Removing xdmad.o(i.XDMAD_StopTransfer), (152 bytes).
    Removing xdmad.o(i.free_lock), (74 bytes).
    Removing xdmad.o(i.get_lock), (76 bytes).
    Removing xdmad.o(.constdata), (47 bytes).
    Removing xdmad.o(.data), (6 bytes).
    Removing retarget.o(.rev16_text), (4 bytes).
    Removing retarget.o(.revsh_text), (4 bytes).
    Removing retarget.o(.rrx_text), (6 bytes).
    Removing startup_sam.o(.rev16_text), (4 bytes).
    Removing startup_sam.o(.revsh_text), (4 bytes).
    Removing startup_sam.o(.rrx_text), (6 bytes).
    Removing system_samv71.o(.rev16_text), (4 bytes).
    Removing system_samv71.o(.revsh_text), (4 bytes).
    Removing system_samv71.o(.rrx_text), (6 bytes).
    Removing system_samv71.o(i.SystemCoreClockUpdate), (340 bytes).
    Removing system_samv71.o(i.sysclk_disable_usb), (48 bytes).
    Removing system_samv71.o(i.sysclk_enable_usb), (56 bytes).
    Removing system_samv71.o(i.system_init_flash), (124 bytes).
    Removing board_lowlevel.o(.rev16_text), (4 bytes).
    Removing board_lowlevel.o(.revsh_text), (4 bytes).
    Removing board_lowlevel.o(.rrx_text), (6 bytes).
    Removing board_lowlevel.o(.data), (5 bytes).
    Removing board_memories.o(.rev16_text), (4 bytes).
    Removing board_memories.o(.revsh_text), (4 bytes).
    Removing board_memories.o(.rrx_text), (6 bytes).
    Removing board_memories.o(i.BOARD_ConfigureSdram), (264 bytes).
    Removing board_memories.o(i.BOARD_SdramValidation), (536 bytes).
    Removing board_memories.o(.constdata), (168 bytes).
    Removing board_memories.o(.data), (5 bytes).
    Removing dbg_console.o(.rev16_text), (4 bytes).
    Removing dbg_console.o(.revsh_text), (4 bytes).
    Removing dbg_console.o(.rrx_text), (6 bytes).
    Removing dbg_console.o(i.DBG_DumpFrame), (44 bytes).
    Removing dbg_console.o(i.DBG_DumpMemory), (252 bytes).
    Removing dbg_console.o(i.DBG_GetHexa32), (152 bytes).
    Removing dbg_console.o(i.DBG_GetInteger), (224 bytes).
    Removing dbg_console.o(i.DBG_GetIntegerMinMax), (112 bytes).
    Removing dbg_console.o(i.gets), (34 bytes).
    Removing dbg_console.o(i.puts), (22 bytes).
    Removing led.o(.rev16_text), (4 bytes).
    Removing led.o(.revsh_text), (4 bytes).
    Removing led.o(.rrx_text), (6 bytes).
    Removing led.o(i.LED_Clear), (68 bytes).
    Removing led.o(i.LED_Configure), (36 bytes).
    Removing led.o(i.LED_Set), (68 bytes).
    Removing led.o(i.LED_Toggle), (68 bytes).
    Removing led.o(.constdata), (24 bytes).
    Removing led.o(.data), (5 bytes).
    Removing trace.o(.rev16_text), (4 bytes).
    Removing trace.o(.revsh_text), (4 bytes).
    Removing trace.o(.rrx_text), (6 bytes).
    Removing trace.o(i.TRACE_CONFIGURE), (36 bytes).
    Removing trace.o(.constdata), (12 bytes).
    Removing trace.o(.data), (5 bytes).

245 unused section(s) (total 15288 bytes) removed from the image.

==============================================================================

Image Symbol Table

    Local Symbols

    Symbol Name                              Value     Ov Type        Size  Object(Section)

    ../clib/angel/boardlib.s                 0x00000000   Number         0  boardinit3.o ABSOLUTE
    ../clib/angel/boardlib.s                 0x00000000   Number         0  boardshut.o ABSOLUTE
    ../clib/angel/boardlib.s                 0x00000000   Number         0  boardinit1.o ABSOLUTE
    ../clib/angel/boardlib.s                 0x00000000   Number         0  boardinit2.o ABSOLUTE
    ../clib/angel/handlers.s                 0x00000000   Number         0  __scatter_copy.o ABSOLUTE
    ../clib/angel/handlers.s                 0x00000000   Number         0  __scatter_zi.o ABSOLUTE
    ../clib/angel/kernel.s                   0x00000000   Number         0  rtexit2.o ABSOLUTE
    ../clib/angel/kernel.s                   0x00000000   Number         0  __rtentry.o ABSOLUTE
    ../clib/angel/kernel.s                   0x00000000   Number         0  rtexit.o ABSOLUTE
    ../clib/angel/kernel.s                   0x00000000   Number         0  __rtentry2.o ABSOLUTE
    ../clib/angel/kernel.s                   0x00000000   Number         0  __rtentry7.o ABSOLUTE
    ../clib/angel/kernel.s                   0x00000000   Number         0  __rtentry4.o ABSOLUTE
    ../clib/angel/rt.s                       0x00000000   Number         0  rt_raise.o ABSOLUTE
    ../clib/angel/scatter.s                  0x00000000   Number         0  __scatter.o ABSOLUTE
    ../clib/angel/startup.s                  0x00000000   Number         0  __main.o ABSOLUTE
    ../clib/angel/sys.s                      0x00000000   Number         0  indicate_semi.o ABSOLUTE
    ../clib/angel/sys.s                      0x00000000   Number         0  libspace.o ABSOLUTE
    ../clib/angel/sys.s                      0x00000000   Number         0  use_no_semi.o ABSOLUTE
    ../clib/angel/sys.s                      0x00000000   Number         0  sys_stackheap.o ABSOLUTE
    ../clib/angel/sys.s                      0x00000000   Number         0  sys_stackheap_outer.o ABSOLUTE
    ../clib/angel/sysapp.c                   0x00000000   Number         0  sys_command.o ABSOLUTE
    ../clib/armsys.c                         0x00000000   Number         0  _get_argv_nomalloc.o ABSOLUTE
    ../clib/armsys.c                         0x00000000   Number         0  argv_veneer.o ABSOLUTE
    ../clib/armsys.c                         0x00000000   Number         0  argv_veneer.o ABSOLUTE
    ../clib/armsys.c                         0x00000000   Number         0  no_argv.o ABSOLUTE
    ../clib/assert.c                         0x00000000   Number         0  assert.o ABSOLUTE
    ../clib/heapalloc.c                      0x00000000   Number         0  hrguard.o ABSOLUTE
    ../clib/libinit.s                        0x00000000   Number         0  libshutdown2.o ABSOLUTE
    ../clib/libinit.s                        0x00000000   Number         0  libinit5.o ABSOLUTE
    ../clib/libinit.s                        0x00000000   Number         0  libshutdown.o ABSOLUTE
    ../clib/libinit.s                        0x00000000   Number         0  libinit2.o ABSOLUTE
    ../clib/libinit.s                        0x00000000   Number         0  libinit.o ABSOLUTE
    ../clib/memcpset.s                       0x00000000   Number         0  rt_memcpy_w.o ABSOLUTE
    ../clib/misc.s                           0x00000000   Number         0  printf_stubs.o ABSOLUTE
    ../clib/printf.c                         0x00000000   Number         0  _printf_char_common.o ABSOLUTE
    ../clib/printf.c                         0x00000000   Number         0  _printf_intcommon.o ABSOLUTE
    ../clib/printf.c                         0x00000000   Number         0  __printf_nopercent.o ABSOLUTE
    ../clib/printf.c                         0x00000000   Number         0  _printf_hex_int_ll.o ABSOLUTE
    ../clib/printf.c                         0x00000000   Number         0  _printf_hex_ptr.o ABSOLUTE
    ../clib/printf.c                         0x00000000   Number         0  _printf_hex_ll.o ABSOLUTE
    ../clib/printf.c                         0x00000000   Number         0  _printf_dec.o ABSOLUTE
    ../clib/printf.c                         0x00000000   Number         0  _printf_str.o ABSOLUTE
    ../clib/printf.c                         0x00000000   Number         0  _printf_pad.o ABSOLUTE
    ../clib/printf.c                         0x00000000   Number         0  __printf_flags.o ABSOLUTE
    ../clib/printf.c                         0x00000000   Number         0  __printf.o ABSOLUTE
    ../clib/printf.c                         0x00000000   Number         0  __printf_ss.o ABSOLUTE
    ../clib/printf.c                         0x00000000   Number         0  __printf_flags_ss.o ABSOLUTE
    ../clib/printf.c                         0x00000000   Number         0  noretval__2printf.o ABSOLUTE
    ../clib/printf.c                         0x00000000   Number         0  __2printf.o ABSOLUTE
    ../clib/printf.c                         0x00000000   Number         0  __printf_wp.o ABSOLUTE
    ../clib/printf.c                         0x00000000   Number         0  __printf_flags_wp.o ABSOLUTE
    ../clib/printf.c                         0x00000000   Number         0  _printf_char_file.o ABSOLUTE
    ../clib/printf.c                         0x00000000   Number         0  _printf_char.o ABSOLUTE
    ../clib/printf.c                         0x00000000   Number         0  _printf_hex_int_ll_ptr.o ABSOLUTE
    ../clib/printf.c                         0x00000000   Number         0  __printf_ss_wp.o ABSOLUTE
    ../clib/printf.c                         0x00000000   Number         0  __printf_flags_ss_wp.o ABSOLUTE
    ../clib/printf.c                         0x00000000   Number         0  _printf_hex_int_ptr.o ABSOLUTE
    ../clib/printf.c                         0x00000000   Number         0  _printf_hex_ll_ptr.o ABSOLUTE
    ../clib/printf.c                         0x00000000   Number         0  _printf_hex_int.o ABSOLUTE
    ../clib/printf_percent.s                 0x00000000   Number         0  _printf_c.o ABSOLUTE
    ../clib/printf_percent.s                 0x00000000   Number         0  _printf_s.o ABSOLUTE
    ../clib/printf_percent.s                 0x00000000   Number         0  _printf_x.o ABSOLUTE
    ../clib/printf_percent.s                 0x00000000   Number         0  _printf_d.o ABSOLUTE
    ../clib/printf_percent.s                 0x00000000   Number         0  _printf_percent.o ABSOLUTE
    ../clib/printf_percent.s                 0x00000000   Number         0  _printf_percent_end.o ABSOLUTE
    ../clib/signal.c                         0x00000000   Number         0  defsig_exit.o ABSOLUTE
    ../clib/signal.c                         0x00000000   Number         0  defsig_abrt_inner.o ABSOLUTE
    ../clib/signal.c                         0x00000000   Number         0  defsig_rtmem_inner.o ABSOLUTE
    ../clib/signal.c                         0x00000000   Number         0  defsig_segv_inner.o ABSOLUTE
    ../clib/signal.c                         0x00000000   Number         0  defsig_other.o ABSOLUTE
    ../clib/signal.c                         0x00000000   Number         0  defsig_fpe_inner.o ABSOLUTE
    ../clib/signal.c                         0x00000000   Number         0  defsig_rtred_inner.o ABSOLUTE
    ../clib/signal.c                         0x00000000   Number         0  __raise.o ABSOLUTE
    ../clib/signal.c                         0x00000000   Number         0  defsig_general.o ABSOLUTE
    ../clib/signal.c                         0x00000000   Number         0  defsig_abrt_outer.o ABSOLUTE
    ../clib/signal.c                         0x00000000   Number         0  defsig_rtmem_outer.o ABSOLUTE
    ../clib/signal.c                         0x00000000   Number         0  defsig_rtmem_formal.o ABSOLUTE
    ../clib/signal.c                         0x00000000   Number         0  defsig_abrt_formal.o ABSOLUTE
    ../clib/signal.c                         0x00000000   Number         0  defsig_pvfn_inner.o ABSOLUTE
    ../clib/signal.c                         0x00000000   Number         0  defsig_cppl_inner.o ABSOLUTE
    ../clib/signal.c                         0x00000000   Number         0  defsig_stak_inner.o ABSOLUTE
    ../clib/signal.s                         0x00000000   Number         0  defsig.o ABSOLUTE
    ../clib/stdlib.c                         0x00000000   Number         0  abort.o ABSOLUTE
    ../clib/stdlib.c                         0x00000000   Number         0  exit.o ABSOLUTE
    ../fplib/fpinit.s                        0x00000000   Number         0  fpinit.o ABSOLUTE
    ..\..\..\..\libraries\libboard\resources_v71\mdk\retarget.c 0x00000000   Number         0  retarget.o ABSOLUTE
    ..\..\..\..\libraries\libboard\resources_v71\mdk\startup_sam.c 0x00000000   Number         0  startup_sam.o ABSOLUTE
    ..\..\..\..\libraries\libboard\resources_v71\mdk\workaround.s 0x00000000   Number         0  workaround.o ABSOLUTE
    ..\..\..\..\libraries\libboard\resources_v71\system_samv71.c 0x00000000   Number         0  system_samv71.o ABSOLUTE
    ..\..\..\..\libraries\libboard\source\board_lowlevel.c 0x00000000   Number         0  board_lowlevel.o ABSOLUTE
    ..\..\..\..\libraries\libboard\source\board_memories.c 0x00000000   Number         0  board_memories.o ABSOLUTE
    ..\..\..\..\libraries\libboard\source\dbg_console.c 0x00000000   Number         0  dbg_console.o ABSOLUTE
    ..\..\..\..\libraries\libboard\source\led.c 0x00000000   Number         0  led.o ABSOLUTE
    ..\..\..\..\libraries\libboard\source\trace.c 0x00000000   Number         0  trace.o ABSOLUTE
    ..\..\..\..\libraries\libchip\source\exceptions.c 0x00000000   Number         0  exceptions.o ABSOLUTE
    ..\..\..\..\libraries\libchip\source\mpu.c 0x00000000   Number         0  mpu.o ABSOLUTE
    ..\..\..\..\libraries\libchip\source\pio.c 0x00000000   Number         0  pio.o ABSOLUTE
    ..\..\..\..\libraries\libchip\source\pio_it.c 0x00000000   Number         0  pio_it.o ABSOLUTE
    ..\..\..\..\libraries\libchip\source\pmc.c 0x00000000   Number         0  pmc.o ABSOLUTE
    ..\..\..\..\libraries\libchip\source\supc.c 0x00000000   Number         0  supc.o ABSOLUTE
    ..\..\..\..\libraries\libchip\source\tc.c 0x00000000   Number         0  tc.o ABSOLUTE
    ..\..\..\..\libraries\libchip\source\timetick.c 0x00000000   Number         0  timetick.o ABSOLUTE
    ..\..\..\..\libraries\libchip\source\uart.c 0x00000000   Number         0  uart.o ABSOLUTE
    ..\..\..\..\libraries\libchip\source\wdt.c 0x00000000   Number         0  wdt.o ABSOLUTE
    ..\..\..\..\libraries\libchip\source\xdma_hardware_interface.c 0x00000000   Number         0  xdma_hardware_interface.o ABSOLUTE
    ..\..\..\..\libraries\libchip\source\xdmac.c 0x00000000   Number         0  xdmac.o ABSOLUTE
    ..\..\..\..\libraries\libchip\source\xdmad.c 0x00000000   Number         0  xdmad.o ABSOLUTE
    ..\..\main.c                             0x00000000   Number         0  main.o ABSOLUTE
    ..\\..\\..\\..\\libraries\\libboard\\resources_v71\\mdk\\retarget.c 0x00000000   Number         0  retarget.o ABSOLUTE
    ..\\..\\..\\..\\libraries\\libboard\\resources_v71\\mdk\\startup_sam.c 0x00000000   Number         0  startup_sam.o ABSOLUTE
    ..\\..\\..\\..\\libraries\\libboard\\resources_v71\\system_samv71.c 0x00000000   Number         0  system_samv71.o ABSOLUTE
    ..\\..\\..\\..\\libraries\\libboard\\source\\board_lowlevel.c 0x00000000   Number         0  board_lowlevel.o ABSOLUTE
    ..\\..\\..\\..\\libraries\\libboard\\source\\board_memories.c 0x00000000   Number         0  board_memories.o ABSOLUTE
    ..\\..\\..\\..\\libraries\\libboard\\source\\dbg_console.c 0x00000000   Number         0  dbg_console.o ABSOLUTE
    ..\\..\\..\\..\\libraries\\libboard\\source\\led.c 0x00000000   Number         0  led.o ABSOLUTE
    ..\\..\\..\\..\\libraries\\libboard\\source\\trace.c 0x00000000   Number         0  trace.o ABSOLUTE
    ..\\..\\..\\..\\libraries\\libchip\\source\\exceptions.c 0x00000000   Number         0  exceptions.o ABSOLUTE
    ..\\..\\..\\..\\libraries\\libchip\\source\\mpu.c 0x00000000   Number         0  mpu.o ABSOLUTE
    ..\\..\\..\\..\\libraries\\libchip\\source\\pio.c 0x00000000   Number         0  pio.o ABSOLUTE
    ..\\..\\..\\..\\libraries\\libchip\\source\\pio_it.c 0x00000000   Number         0  pio_it.o ABSOLUTE
    ..\\..\\..\\..\\libraries\\libchip\\source\\pmc.c 0x00000000   Number         0  pmc.o ABSOLUTE
    ..\\..\\..\\..\\libraries\\libchip\\source\\supc.c 0x00000000   Number         0  supc.o ABSOLUTE
    ..\\..\\..\\..\\libraries\\libchip\\source\\tc.c 0x00000000   Number         0  tc.o ABSOLUTE
    ..\\..\\..\\..\\libraries\\libchip\\source\\timetick.c 0x00000000   Number         0  timetick.o ABSOLUTE
    ..\\..\\..\\..\\libraries\\libchip\\source\\uart.c 0x00000000   Number         0  uart.o ABSOLUTE
    ..\\..\\..\\..\\libraries\\libchip\\source\\wdt.c 0x00000000   Number         0  wdt.o ABSOLUTE
    ..\\..\\..\\..\\libraries\\libchip\\source\\xdma_hardware_interface.c 0x00000000   Number         0  xdma_hardware_interface.o ABSOLUTE
    ..\\..\\..\\..\\libraries\\libchip\\source\\xdmac.c 0x00000000   Number         0  xdmac.o ABSOLUTE
    ..\\..\\..\\..\\libraries\\libchip\\source\\xdmad.c 0x00000000   Number         0  xdmad.o ABSOLUTE
    ..\\..\\main.c                           0x00000000   Number         0  main.o ABSOLUTE
    dc.s                                     0x00000000   Number         0  dc.o ABSOLUTE
    vectors                                  0x00400000   Section      320  startup_sam.o(vectors)
    !!!main                                  0x00400140   Section        8  __main.o(!!!main)
    !!!scatter                               0x00400148   Section       52  __scatter.o(!!!scatter)
    !!handler_copy                           0x0040017c   Section       26  __scatter_copy.o(!!handler_copy)
    !!handler_zi                             0x00400198   Section       28  __scatter_zi.o(!!handler_zi)
    .ARM.Collect$$_printf_percent$$00000000  0x004001b4   Section        0  _printf_percent.o(.ARM.Collect$$_printf_percent$$00000000)
    .ARM.Collect$$_printf_percent$$00000009  0x004001b4   Section        6  _printf_d.o(.ARM.Collect$$_printf_percent$$00000009)
    .ARM.Collect$$_printf_percent$$0000000C  0x004001ba   Section        6  _printf_x.o(.ARM.Collect$$_printf_percent$$0000000C)
    .ARM.Collect$$_printf_percent$$00000013  0x004001c0   Section        6  _printf_c.o(.ARM.Collect$$_printf_percent$$00000013)
    .ARM.Collect$$_printf_percent$$00000014  0x004001c6   Section        6  _printf_s.o(.ARM.Collect$$_printf_percent$$00000014)
    .ARM.Collect$$_printf_percent$$00000017  0x004001cc   Section        4  _printf_percent_end.o(.ARM.Collect$$_printf_percent$$00000017)
    .ARM.Collect$$libinit$$00000000          0x004001d0   Section        2  libinit.o(.ARM.Collect$$libinit$$00000000)
    .ARM.Collect$$libinit$$00000002          0x004001d2   Section        0  libinit2.o(.ARM.Collect$$libinit$$00000002)
    .ARM.Collect$$libinit$$00000004          0x004001d2   Section        0  libinit2.o(.ARM.Collect$$libinit$$00000004)
    .ARM.Collect$$libinit$$0000000A          0x004001d2   Section        0  libinit2.o(.ARM.Collect$$libinit$$0000000A)
    .ARM.Collect$$libinit$$0000000C          0x004001d2   Section        0  libinit2.o(.ARM.Collect$$libinit$$0000000C)
    .ARM.Collect$$libinit$$0000000E          0x004001d2   Section        0  libinit2.o(.ARM.Collect$$libinit$$0000000E)
    .ARM.Collect$$libinit$$00000011          0x004001d2   Section        0  libinit2.o(.ARM.Collect$$libinit$$00000011)
    .ARM.Collect$$libinit$$00000013          0x004001d2   Section        0  libinit2.o(.ARM.Collect$$libinit$$00000013)
    .ARM.Collect$$libinit$$00000015          0x004001d2   Section        0  libinit2.o(.ARM.Collect$$libinit$$00000015)
    .ARM.Collect$$libinit$$00000017          0x004001d2   Section        0  libinit2.o(.ARM.Collect$$libinit$$00000017)
    .ARM.Collect$$libinit$$00000019          0x004001d2   Section        0  libinit2.o(.ARM.Collect$$libinit$$00000019)
    .ARM.Collect$$libinit$$0000001B          0x004001d2   Section        0  libinit2.o(.ARM.Collect$$libinit$$0000001B)
    .ARM.Collect$$libinit$$0000001D          0x004001d2   Section        0  libinit2.o(.ARM.Collect$$libinit$$0000001D)
    .ARM.Collect$$libinit$$0000001F          0x004001d2   Section        0  libinit2.o(.ARM.Collect$$libinit$$0000001F)
    .ARM.Collect$$libinit$$00000021          0x004001d2   Section        0  libinit2.o(.ARM.Collect$$libinit$$00000021)
    .ARM.Collect$$libinit$$00000023          0x004001d2   Section        0  libinit2.o(.ARM.Collect$$libinit$$00000023)
    .ARM.Collect$$libinit$$00000025          0x004001d2   Section        0  libinit2.o(.ARM.Collect$$libinit$$00000025)
    .ARM.Collect$$libinit$$0000002C          0x004001d2   Section        0  libinit2.o(.ARM.Collect$$libinit$$0000002C)
    .ARM.Collect$$libinit$$0000002E          0x004001d2   Section        0  libinit2.o(.ARM.Collect$$libinit$$0000002E)
    .ARM.Collect$$libinit$$00000030          0x004001d2   Section        0  libinit2.o(.ARM.Collect$$libinit$$00000030)
    .ARM.Collect$$libinit$$00000032          0x004001d2   Section        0  libinit2.o(.ARM.Collect$$libinit$$00000032)
    .ARM.Collect$$libinit$$00000033          0x004001d2   Section        2  libinit2.o(.ARM.Collect$$libinit$$00000033)
    .ARM.Collect$$libshutdown$$00000000      0x004001d4   Section        2  libshutdown.o(.ARM.Collect$$libshutdown$$00000000)
    .ARM.Collect$$libshutdown$$00000002      0x004001d6   Section        0  libshutdown2.o(.ARM.Collect$$libshutdown$$00000002)
    .ARM.Collect$$libshutdown$$00000004      0x004001d6   Section        0  libshutdown2.o(.ARM.Collect$$libshutdown$$00000004)
    .ARM.Collect$$libshutdown$$00000007      0x004001d6   Section        0  libshutdown2.o(.ARM.Collect$$libshutdown$$00000007)
    .ARM.Collect$$libshutdown$$0000000A      0x004001d6   Section        0  libshutdown2.o(.ARM.Collect$$libshutdown$$0000000A)
    .ARM.Collect$$libshutdown$$0000000C      0x004001d6   Section        0  libshutdown2.o(.ARM.Collect$$libshutdown$$0000000C)
    .ARM.Collect$$libshutdown$$0000000F      0x004001d6   Section        0  libshutdown2.o(.ARM.Collect$$libshutdown$$0000000F)
    .ARM.Collect$$libshutdown$$00000010      0x004001d6   Section        2  libshutdown2.o(.ARM.Collect$$libshutdown$$00000010)
    .ARM.Collect$$rtentry$$00000000          0x004001d8   Section        0  __rtentry.o(.ARM.Collect$$rtentry$$00000000)
    .ARM.Collect$$rtentry$$00000002          0x004001d8   Section        0  __rtentry2.o(.ARM.Collect$$rtentry$$00000002)
    .ARM.Collect$$rtentry$$00000007          0x004001d8   Section        4  __rtentry7.o(.ARM.Collect$$rtentry$$00000007)
    .ARM.Collect$$rtentry$$00000009          0x004001dc   Section        0  __rtentry2.o(.ARM.Collect$$rtentry$$00000009)
    .ARM.Collect$$rtentry$$0000000A          0x004001dc   Section        4  __rtentry2.o(.ARM.Collect$$rtentry$$0000000A)
    .ARM.Collect$$rtentry$$0000000C          0x004001e0   Section        0  __rtentry2.o(.ARM.Collect$$rtentry$$0000000C)
    .ARM.Collect$$rtentry$$0000000D          0x004001e0   Section        8  __rtentry2.o(.ARM.Collect$$rtentry$$0000000D)
    .ARM.Collect$$rtentry$$00002718          0x004001e8   Section        4  __rtentry7.o(.ARM.Collect$$rtentry$$00002718)
    __lit__00000000                          0x004001e8   Data           4  __rtentry7.o(.ARM.Collect$$rtentry$$00002718)
    .ARM.Collect$$rtexit$$00000000           0x004001ec   Section        2  rtexit.o(.ARM.Collect$$rtexit$$00000000)
    .ARM.Collect$$rtexit$$00000002           0x004001ee   Section        0  rtexit2.o(.ARM.Collect$$rtexit$$00000002)
    .ARM.Collect$$rtexit$$00000003           0x004001ee   Section        4  rtexit2.o(.ARM.Collect$$rtexit$$00000003)
    .ARM.Collect$$rtexit$$00000004           0x004001f2   Section        6  rtexit2.o(.ARM.Collect$$rtexit$$00000004)
    .text                                    0x004001f8   Section        2  use_no_semi.o(.text)
    .text                                    0x004001fc   Section        0  noretval__2printf.o(.text)
    .text                                    0x00400214   Section        0  _printf_pad.o(.text)
    .text                                    0x00400262   Section        0  _printf_str.o(.text)
    .text                                    0x004002b4   Section        0  _printf_dec.o(.text)
    .text                                    0x0040032c   Section        0  _printf_hex_int.o(.text)
    .text                                    0x00400384   Section        0  __printf_flags_wp.o(.text)
    .text                                    0x004004bc   Section        0  assert.o(.text)
    .text                                    0x0040053c   Section      100  rt_memcpy_w.o(.text)
    .text                                    0x004005a0   Section        0  _printf_intcommon.o(.text)
    .text                                    0x00400652   Section        0  _printf_char.o(.text)
    .text                                    0x00400680   Section        0  _printf_char_file.o(.text)
    .text                                    0x004006a4   Section        0  abort.o(.text)
    .text                                    0x004006bc   Section        0  _printf_char_common.o(.text)
    _printf_input_char                       0x004006bd   Thumb Code    10  _printf_char_common.o(.text)
    .text                                    0x004006ec   Section        0  defsig_abrt_outer.o(.text)
    .text                                    0x004006fa   Section        0  exit.o(.text)
    .text                                    0x0040070c   Section        0  defsig_exit.o(.text)
    .text                                    0x00400718   Section        0  defsig_abrt_inner.o(.text)
    .text                                    0x00400748   Section        0  defsig_general.o(.text)
    i.BusFault_Handler                       0x0040077c   Section        0  exceptions.o(i.BusFault_Handler)
    i.DBG_Configure                          0x004007d4   Section        0  dbg_console.o(i.DBG_Configure)
    i.DBG_GetChar                            0x0040084c   Section        0  dbg_console.o(i.DBG_GetChar)
    i.DBG_IsRxReady                          0x0040087c   Section        0  dbg_console.o(i.DBG_IsRxReady)
    i.DBG_PutChar                            0x004008a4   Section        0  dbg_console.o(i.DBG_PutChar)
    i.Dummy_Handler                          0x004008e4   Section        0  startup_sam.o(i.Dummy_Handler)
    i.HardFault_Handler                      0x0040090c   Section        0  exceptions.o(i.HardFault_Handler)
    i.HardFault_reason                       0x00400964   Section        0  exceptions.o(i.HardFault_reason)
    HardFault_reason                         0x00400965   Thumb Code   118  exceptions.o(i.HardFault_reason)
    i.LowLevelInit                           0x004009e0   Section        0  board_lowlevel.o(i.LowLevelInit)
    i.MPU_CalMPURegionSize                   0x004009ec   Section        0  mpu.o(i.MPU_CalMPURegionSize)
    i.MPU_Enable                             0x00400a08   Section        0  mpu.o(i.MPU_Enable)
    i.MPU_SetRegion                          0x00400a14   Section        0  mpu.o(i.MPU_SetRegion)
    i.MemManage_Handler                      0x00400a24   Section        0  exceptions.o(i.MemManage_Handler)
    i.NMI_Handler                            0x00400a88   Section        0  exceptions.o(i.NMI_Handler)
    i.PIOA_Handler                           0x00400ab0   Section        0  pio_it.o(i.PIOA_Handler)
    i.PIOB_Handler                           0x00400ac0   Section        0  pio_it.o(i.PIOB_Handler)
    i.PIOC_Handler                           0x00400ad0   Section        0  pio_it.o(i.PIOC_Handler)
    i.PIOD_Handler                           0x00400ae0   Section        0  pio_it.o(i.PIOD_Handler)
    i.PIOE_Handler                           0x00400af0   Section        0  pio_it.o(i.PIOE_Handler)
    i.PIO_Configure                          0x00400b00   Section        0  pio.o(i.PIO_Configure)
    i.PIO_SetInput                           0x00400ba6   Section        0  pio.o(i.PIO_SetInput)
    PIO_SetInput                             0x00400ba7   Thumb Code    54  pio.o(i.PIO_SetInput)
    i.PIO_SetOutput                          0x00400bdc   Section        0  pio.o(i.PIO_SetOutput)
    PIO_SetOutput                            0x00400bdd   Thumb Code    36  pio.o(i.PIO_SetOutput)
    i.PIO_SetPeripheralA                     0x00400c00   Section        0  pio.o(i.PIO_SetPeripheralA)
    PIO_SetPeripheralA                       0x00400c01   Thumb Code    40  pio.o(i.PIO_SetPeripheralA)
    i.PIO_SetPeripheralB                     0x00400c28   Section        0  pio.o(i.PIO_SetPeripheralB)
    PIO_SetPeripheralB                       0x00400c29   Thumb Code    36  pio.o(i.PIO_SetPeripheralB)
    i.PIO_SetPeripheralC                     0x00400c4c   Section        0  pio.o(i.PIO_SetPeripheralC)
    PIO_SetPeripheralC                       0x00400c4d   Thumb Code    36  pio.o(i.PIO_SetPeripheralC)
    i.PIO_SetPeripheralD                     0x00400c70   Section        0  pio.o(i.PIO_SetPeripheralD)
    PIO_SetPeripheralD                       0x00400c71   Thumb Code    32  pio.o(i.PIO_SetPeripheralD)
    i.PMC_DisablePeripheral                  0x00400c90   Section        0  pmc.o(i.PMC_DisablePeripheral)
    i.PMC_EnablePeripheral                   0x00400d24   Section        0  pmc.o(i.PMC_EnablePeripheral)
    i.PioInterruptHandler                    0x00400db8   Section        0  pio_it.o(i.PioInterruptHandler)
    i.Reset_Handler                          0x00400e68   Section        0  startup_sam.o(i.Reset_Handler)
    i.SCB_EnableDCache                       0x00400f00   Section        0  main.o(i.SCB_EnableDCache)
    SCB_EnableDCache                         0x00400f01   Thumb Code   148  main.o(i.SCB_EnableDCache)
    i.StackUnwind                            0x00400f9c   Section        0  exceptions.o(i.StackUnwind)
    StackUnwind                              0x00400f9d   Thumb Code     8  exceptions.o(i.StackUnwind)
    i.SysTick_Handler                        0x00400fa4   Section        0  timetick.o(i.SysTick_Handler)
    i.SystemInit                             0x00400ff4   Section        0  system_samv71.o(i.SystemInit)
    i.UsageFault_Handler                     0x00401110   Section        0  exceptions.o(i.UsageFault_Handler)
    i.WDT_Disable                            0x00401164   Section        0  wdt.o(i.WDT_Disable)
    i._DBGU_Handler                          0x0040116c   Section        0  main.o(i._DBGU_Handler)
    _DBGU_Handler                            0x0040116d   Thumb Code   104  main.o(i._DBGU_Handler)
    i._SetupMemoryRegion                     0x0040121c   Section        0  board_lowlevel.o(i._SetupMemoryRegion)
    i.__assert_puts                          0x00401380   Section        0  retarget.o(i.__assert_puts)
    i._is_digit                              0x00401394   Section        0  __printf_wp.o(i._is_digit)
    i._sys_exit                              0x004013a2   Section        0  retarget.o(i._sys_exit)
    i._ttywrch                               0x004013a6   Section        0  retarget.o(i._ttywrch)
    i.array_test                             0x004013b4   Section        0  main.o(i.array_test)
    i.ferror                                 0x00401428   Section        0  retarget.o(i.ferror)
    i.fputc                                  0x00401430   Section        0  retarget.o(i.fputc)
    i.main                                   0x0040145c   Section        0  main.o(i.main)
    i.main_screen                            0x004014fc   Section        0  main.o(i.main_screen)
    i.pointer_test                           0x004016e4   Section        0  main.o(i.pointer_test)
    i.read_chip_id                           0x00401774   Section        0  main.o(i.read_chip_id)
    i.struct_test                            0x004019e4   Section        0  main.o(i.struct_test)
    i.trng_test                              0x00401a44   Section        0  main.o(i.trng_test)
    .constdata                               0x00401aa4   Section       24  dbg_console.o(.constdata)
    .constdata                               0x00401abc   Section       40  _printf_hex_int.o(.constdata)
    uc_hextab                                0x00401abc   Data          20  _printf_hex_int.o(.constdata)
    lc_hextab                                0x00401ad0   Data          20  _printf_hex_int.o(.constdata)
    .constdata                               0x00401ae4   Section       17  __printf_flags_wp.o(.constdata)
    maptable                                 0x00401ae4   Data          17  __printf_flags_wp.o(.constdata)
    .data                                    0x20400000   Section       12  pio_it.o(.data)
    cpu_irq_critical_section_counter         0x20400000   Data           4  pio_it.o(.data)
    cpu_irq_prev_interrupt_state             0x20400004   Data           1  pio_it.o(.data)
    _dwNumSources                            0x20400008   Data           4  pio_it.o(.data)
    .data                                    0x2040000c   Section       24  timetick.o(.data)
    cpu_irq_critical_section_counter         0x2040000c   Data           4  timetick.o(.data)
    cpu_irq_prev_interrupt_state             0x20400010   Data           1  timetick.o(.data)
    _dwTickCount                             0x20400014   Data           4  timetick.o(.data)
    SysTickConfigured                        0x20400018   Data           1  timetick.o(.data)
    _dwTickTimer                             0x2040001c   Data           4  timetick.o(.data)
    pTimeEventList                           0x20400020   Data           4  timetick.o(.data)
    .data                                    0x20400024   Section       16  retarget.o(.data)
    cpu_irq_critical_section_counter         0x20400024   Data           4  retarget.o(.data)
    cpu_irq_prev_interrupt_state             0x20400028   Data           1  retarget.o(.data)
    .data                                    0x20400034   Section        4  system_samv71.o(.data)
    .data                                    0x20400038   Section        6  dbg_console.o(.data)
    cpu_irq_critical_section_counter         0x20400038   Data           4  dbg_console.o(.data)
    cpu_irq_prev_interrupt_state             0x2040003c   Data           1  dbg_console.o(.data)
    _ucIsConsoleInitialized                  0x2040003d   Data           1  dbg_console.o(.data)
    .bss                                     0x20400040   Section       56  pio_it.o(.bss)
    _aIntSources                             0x20400040   Data          56  pio_it.o(.bss)

    Global Symbols

    Symbol Name                              Value     Ov Type        Size  Object(Section)

    BuildAttributes$$THM_ISAv4$E$P$D$K$B$S$7EM$PE$PLD8$A:L22UL41UL21$X:L11$S22US41US21$IEEE1$IW$USESV6$~STKCKD$USESV7$~SHL$OSPACE$ROPI$EBA8$UX$STANDARDLIB$REQ8$PRES8$EABIv2 0x00000000   Number         0  anon$$obj.o ABSOLUTE
    __ARM_use_no_argv                        0x00000000   Number         0  main.o ABSOLUTE
    _printf_flags                            0x00000000   Number         0  printf_stubs.o ABSOLUTE
    _printf_return_value                     0x00000000   Number         0  printf_stubs.o ABSOLUTE
    _printf_sizespec                         0x00000000   Number         0  printf_stubs.o ABSOLUTE
    _printf_widthprec                        0x00000000   Number         0  printf_stubs.o ABSOLUTE
    Image$$ZI$$Limit                          - Undefined Weak Reference
    __ARM_exceptions_init                     - Undefined Weak Reference
    __alloca_initialize                       - Undefined Weak Reference
    __arm_preinit_                            - Undefined Weak Reference
    __cpp_initialize__aeabi_                  - Undefined Weak Reference
    __cxa_finalize                            - Undefined Weak Reference
    __rt_locale                               - Undefined Weak Reference
    __sigvec_lookup                           - Undefined Weak Reference
    _atexit_init                              - Undefined Weak Reference
    _call_atexit_fns                          - Undefined Weak Reference
    _clock_init                               - Undefined Weak Reference
    _fp_trap_init                             - Undefined Weak Reference
    _fp_trap_shutdown                         - Undefined Weak Reference
    _get_lc_collate                           - Undefined Weak Reference
    _get_lc_ctype                             - Undefined Weak Reference
    _get_lc_monetary                          - Undefined Weak Reference
    _get_lc_numeric                           - Undefined Weak Reference
    _get_lc_time                              - Undefined Weak Reference
    _getenv_init                              - Undefined Weak Reference
    _handle_redirection                       - Undefined Weak Reference
    _init_alloc                               - Undefined Weak Reference
    _init_user_alloc                          - Undefined Weak Reference
    _initio                                   - Undefined Weak Reference
    _printf_mbtowc                            - Undefined Weak Reference
    _printf_truncate_signed                   - Undefined Weak Reference
    _printf_truncate_unsigned                 - Undefined Weak Reference
    _rand_init                                - Undefined Weak Reference
    _signal_finish                            - Undefined Weak Reference
    _signal_init                              - Undefined Weak Reference
    _terminate_alloc                          - Undefined Weak Reference
    _terminate_user_alloc                     - Undefined Weak Reference
    _terminateio                              - Undefined Weak Reference
    Image$$Vector_region$$Base               0x00400000   Number         0  anon$$obj.o ABSOLUTE
    __vector_table                           0x00400000   Data         320  startup_sam.o(vectors)
    __main                                   0x00400141   Thumb Code     8  __main.o(!!!main)
    __scatterload                            0x00400149   Thumb Code     0  __scatter.o(!!!scatter)
    __scatterload_rt2                        0x00400149   Thumb Code    44  __scatter.o(!!!scatter)
    __scatterload_rt2_thumb_only             0x00400149   Thumb Code     0  __scatter.o(!!!scatter)
    __scatterload_null                       0x00400157   Thumb Code     0  __scatter.o(!!!scatter)
    __scatterload_copy                       0x0040017d   Thumb Code    26  __scatter_copy.o(!!handler_copy)
    __scatterload_zeroinit                   0x00400199   Thumb Code    28  __scatter_zi.o(!!handler_zi)
    _printf_d                                0x004001b5   Thumb Code     0  _printf_d.o(.ARM.Collect$$_printf_percent$$00000009)
    _printf_percent                          0x004001b5   Thumb Code     0  _printf_percent.o(.ARM.Collect$$_printf_percent$$00000000)
    _printf_x                                0x004001bb   Thumb Code     0  _printf_x.o(.ARM.Collect$$_printf_percent$$0000000C)
    _printf_c                                0x004001c1   Thumb Code     0  _printf_c.o(.ARM.Collect$$_printf_percent$$00000013)
    _printf_s                                0x004001c7   Thumb Code     0  _printf_s.o(.ARM.Collect$$_printf_percent$$00000014)
    _printf_percent_end                      0x004001cd   Thumb Code     0  _printf_percent_end.o(.ARM.Collect$$_printf_percent$$00000017)
    __rt_lib_init                            0x004001d1   Thumb Code     0  libinit.o(.ARM.Collect$$libinit$$00000000)
    __rt_lib_init_alloca_1                   0x004001d3   Thumb Code     0  libinit2.o(.ARM.Collect$$libinit$$0000002E)
    __rt_lib_init_argv_1                     0x004001d3   Thumb Code     0  libinit2.o(.ARM.Collect$$libinit$$0000002C)
    __rt_lib_init_atexit_1                   0x004001d3   Thumb Code     0  libinit2.o(.ARM.Collect$$libinit$$0000001B)
    __rt_lib_init_clock_1                    0x004001d3   Thumb Code     0  libinit2.o(.ARM.Collect$$libinit$$00000021)
    __rt_lib_init_cpp_1                      0x004001d3   Thumb Code     0  libinit2.o(.ARM.Collect$$libinit$$00000032)
    __rt_lib_init_exceptions_1               0x004001d3   Thumb Code     0  libinit2.o(.ARM.Collect$$libinit$$00000030)
    __rt_lib_init_fp_1                       0x004001d3   Thumb Code     0  libinit2.o(.ARM.Collect$$libinit$$00000002)
    __rt_lib_init_fp_trap_1                  0x004001d3   Thumb Code     0  libinit2.o(.ARM.Collect$$libinit$$0000001F)
    __rt_lib_init_getenv_1                   0x004001d3   Thumb Code     0  libinit2.o(.ARM.Collect$$libinit$$00000023)
    __rt_lib_init_heap_1                     0x004001d3   Thumb Code     0  libinit2.o(.ARM.Collect$$libinit$$0000000A)
    __rt_lib_init_lc_collate_1               0x004001d3   Thumb Code     0  libinit2.o(.ARM.Collect$$libinit$$00000011)
    __rt_lib_init_lc_ctype_1                 0x004001d3   Thumb Code     0  libinit2.o(.ARM.Collect$$libinit$$00000013)
    __rt_lib_init_lc_monetary_1              0x004001d3   Thumb Code     0  libinit2.o(.ARM.Collect$$libinit$$00000015)
    __rt_lib_init_lc_numeric_1               0x004001d3   Thumb Code     0  libinit2.o(.ARM.Collect$$libinit$$00000017)
    __rt_lib_init_lc_time_1                  0x004001d3   Thumb Code     0  libinit2.o(.ARM.Collect$$libinit$$00000019)
    __rt_lib_init_preinit_1                  0x004001d3   Thumb Code     0  libinit2.o(.ARM.Collect$$libinit$$00000004)
    __rt_lib_init_rand_1                     0x004001d3   Thumb Code     0  libinit2.o(.ARM.Collect$$libinit$$0000000E)
    __rt_lib_init_return                     0x004001d3   Thumb Code     0  libinit2.o(.ARM.Collect$$libinit$$00000033)
    __rt_lib_init_signal_1                   0x004001d3   Thumb Code     0  libinit2.o(.ARM.Collect$$libinit$$0000001D)
    __rt_lib_init_stdio_1                    0x004001d3   Thumb Code     0  libinit2.o(.ARM.Collect$$libinit$$00000025)
    __rt_lib_init_user_alloc_1               0x004001d3   Thumb Code     0  libinit2.o(.ARM.Collect$$libinit$$0000000C)
    __rt_lib_shutdown                        0x004001d5   Thumb Code     0  libshutdown.o(.ARM.Collect$$libshutdown$$00000000)
    __rt_lib_shutdown_cpp_1                  0x004001d7   Thumb Code     0  libshutdown2.o(.ARM.Collect$$libshutdown$$00000002)
    __rt_lib_shutdown_fp_trap_1              0x004001d7   Thumb Code     0  libshutdown2.o(.ARM.Collect$$libshutdown$$00000007)
    __rt_lib_shutdown_heap_1                 0x004001d7   Thumb Code     0  libshutdown2.o(.ARM.Collect$$libshutdown$$0000000F)
    __rt_lib_shutdown_return                 0x004001d7   Thumb Code     0  libshutdown2.o(.ARM.Collect$$libshutdown$$00000010)
    __rt_lib_shutdown_signal_1               0x004001d7   Thumb Code     0  libshutdown2.o(.ARM.Collect$$libshutdown$$0000000A)
    __rt_lib_shutdown_stdio_1                0x004001d7   Thumb Code     0  libshutdown2.o(.ARM.Collect$$libshutdown$$00000004)
    __rt_lib_shutdown_user_alloc_1           0x004001d7   Thumb Code     0  libshutdown2.o(.ARM.Collect$$libshutdown$$0000000C)
    __rt_entry                               0x004001d9   Thumb Code     0  __rtentry.o(.ARM.Collect$$rtentry$$00000000)
    __rt_entry_presh_1                       0x004001d9   Thumb Code     0  __rtentry2.o(.ARM.Collect$$rtentry$$00000002)
    __rt_entry_sh                            0x004001d9   Thumb Code     0  __rtentry7.o(.ARM.Collect$$rtentry$$00000007)
    __rt_entry_li                            0x004001dd   Thumb Code     0  __rtentry2.o(.ARM.Collect$$rtentry$$0000000A)
    __rt_entry_postsh_1                      0x004001dd   Thumb Code     0  __rtentry2.o(.ARM.Collect$$rtentry$$00000009)
    __rt_entry_main                          0x004001e1   Thumb Code     0  __rtentry2.o(.ARM.Collect$$rtentry$$0000000D)
    __rt_entry_postli_1                      0x004001e1   Thumb Code     0  __rtentry2.o(.ARM.Collect$$rtentry$$0000000C)
    __rt_exit                                0x004001ed   Thumb Code     0  rtexit.o(.ARM.Collect$$rtexit$$00000000)
    __rt_exit_ls                             0x004001ef   Thumb Code     0  rtexit2.o(.ARM.Collect$$rtexit$$00000003)
    __rt_exit_prels_1                        0x004001ef   Thumb Code     0  rtexit2.o(.ARM.Collect$$rtexit$$00000002)
    __rt_exit_exit                           0x004001f3   Thumb Code     0  rtexit2.o(.ARM.Collect$$rtexit$$00000004)
    __I$use$semihosting                      0x004001f9   Thumb Code     0  use_no_semi.o(.text)
    __use_no_semihosting_swi                 0x004001f9   Thumb Code     2  use_no_semi.o(.text)
    __2printf                                0x004001fd   Thumb Code    20  noretval__2printf.o(.text)
    _printf_pre_padding                      0x00400215   Thumb Code    44  _printf_pad.o(.text)
    _printf_post_padding                     0x00400241   Thumb Code    34  _printf_pad.o(.text)
    _printf_str                              0x00400263   Thumb Code    82  _printf_str.o(.text)
    _printf_int_dec                          0x004002b5   Thumb Code   104  _printf_dec.o(.text)
    _printf_int_hex                          0x0040032d   Thumb Code    84  _printf_hex_int.o(.text)
    _printf_longlong_hex                     0x0040032d   Thumb Code     0  _printf_hex_int.o(.text)
    __printf                                 0x00400385   Thumb Code   308  __printf_flags_wp.o(.text)
    __aeabi_assert                           0x004004bd   Thumb Code    86  assert.o(.text)
    __assert                                 0x004004bd   Thumb Code     0  assert.o(.text)
    __aeabi_memcpy4                          0x0040053d   Thumb Code     0  rt_memcpy_w.o(.text)
    __aeabi_memcpy8                          0x0040053d   Thumb Code     0  rt_memcpy_w.o(.text)
    __rt_memcpy_w                            0x0040053d   Thumb Code   100  rt_memcpy_w.o(.text)
    _memcpy_lastbytes_aligned                0x00400585   Thumb Code     0  rt_memcpy_w.o(.text)
    _printf_int_common                       0x004005a1   Thumb Code   178  _printf_intcommon.o(.text)
    _printf_cs_common                        0x00400653   Thumb Code    20  _printf_char.o(.text)
    _printf_char                             0x00400667   Thumb Code    16  _printf_char.o(.text)
    _printf_string                           0x00400677   Thumb Code     8  _printf_char.o(.text)
    _printf_char_file                        0x00400681   Thumb Code    32  _printf_char_file.o(.text)
    abort                                    0x004006a5   Thumb Code    22  abort.o(.text)
    _printf_char_common                      0x004006c7   Thumb Code    32  _printf_char_common.o(.text)
    __rt_SIGABRT                             0x004006ed   Thumb Code    14  defsig_abrt_outer.o(.text)
    exit                                     0x004006fb   Thumb Code    18  exit.o(.text)
    __sig_exit                               0x0040070d   Thumb Code    10  defsig_exit.o(.text)
    __rt_SIGABRT_inner                       0x00400719   Thumb Code    14  defsig_abrt_inner.o(.text)
    __default_signal_display                 0x00400749   Thumb Code    50  defsig_general.o(.text)
    BusFault_Handler                         0x0040077d   Thumb Code    56  exceptions.o(i.BusFault_Handler)
    DBG_Configure                            0x004007d5   Thumb Code    96  dbg_console.o(i.DBG_Configure)
    DBG_GetChar                              0x0040084d   Thumb Code    36  dbg_console.o(i.DBG_GetChar)
    DBG_IsRxReady                            0x0040087d   Thumb Code    28  dbg_console.o(i.DBG_IsRxReady)
    DBG_PutChar                              0x004008a5   Thumb Code    50  dbg_console.o(i.DBG_PutChar)
    ACC_Handler                              0x004008e5   Thumb Code     0  startup_sam.o(i.Dummy_Handler)
    AES_Handler                              0x004008e5   Thumb Code     0  startup_sam.o(i.Dummy_Handler)
    AFEC0_Handler                            0x004008e5   Thumb Code     0  startup_sam.o(i.Dummy_Handler)
    AFEC1_Handler                            0x004008e5   Thumb Code     0  startup_sam.o(i.Dummy_Handler)
    CCF_Handler                              0x004008e5   Thumb Code     0  startup_sam.o(i.Dummy_Handler)
    CCW_Handler                              0x004008e5   Thumb Code     0  startup_sam.o(i.Dummy_Handler)
    DACC_Handler                             0x004008e5   Thumb Code     0  startup_sam.o(i.Dummy_Handler)
    DebugMon_Handler                         0x004008e5   Thumb Code     0  startup_sam.o(i.Dummy_Handler)
    Dummy_Handler                            0x004008e5   Thumb Code    10  startup_sam.o(i.Dummy_Handler)
    EFC_Handler                              0x004008e5   Thumb Code     0  startup_sam.o(i.Dummy_Handler)
    FPU_Handler                              0x004008e5   Thumb Code     0  startup_sam.o(i.Dummy_Handler)
    GMACQ1_Handler                           0x004008e5   Thumb Code     0  startup_sam.o(i.Dummy_Handler)
    GMACQ2_Handler                           0x004008e5   Thumb Code     0  startup_sam.o(i.Dummy_Handler)
    GMAC_Handler                             0x004008e5   Thumb Code     0  startup_sam.o(i.Dummy_Handler)
    HSMCI_Handler                            0x004008e5   Thumb Code     0  startup_sam.o(i.Dummy_Handler)
    ICM_Handler                              0x004008e5   Thumb Code     0  startup_sam.o(i.Dummy_Handler)
    ISI_Handler                              0x004008e5   Thumb Code     0  startup_sam.o(i.Dummy_Handler)
    MCAN0_Handler                            0x004008e5   Thumb Code     0  startup_sam.o(i.Dummy_Handler)
    MCAN0_Line1_Handler                      0x004008e5   Thumb Code     0  startup_sam.o(i.Dummy_Handler)
    MCAN1_Handler                            0x004008e5   Thumb Code     0  startup_sam.o(i.Dummy_Handler)
    MCAN1_Line1_Handler                      0x004008e5   Thumb Code     0  startup_sam.o(i.Dummy_Handler)
    MLB_Handler                              0x004008e5   Thumb Code     0  startup_sam.o(i.Dummy_Handler)
    PMC_Handler                              0x004008e5   Thumb Code     0  startup_sam.o(i.Dummy_Handler)
    PWM0_Handler                             0x004008e5   Thumb Code     0  startup_sam.o(i.Dummy_Handler)
    PWM1_Handler                             0x004008e5   Thumb Code     0  startup_sam.o(i.Dummy_Handler)
    PendSV_Handler                           0x004008e5   Thumb Code     0  startup_sam.o(i.Dummy_Handler)
    QSPI_Handler                             0x004008e5   Thumb Code     0  startup_sam.o(i.Dummy_Handler)
    RSTC_Handler                             0x004008e5   Thumb Code     0  startup_sam.o(i.Dummy_Handler)
    RSWDT_Handler                            0x004008e5   Thumb Code     0  startup_sam.o(i.Dummy_Handler)
    RTC_Handler                              0x004008e5   Thumb Code     0  startup_sam.o(i.Dummy_Handler)
    RTT_Handler                              0x004008e5   Thumb Code     0  startup_sam.o(i.Dummy_Handler)
    SDRAMC_Handler                           0x004008e5   Thumb Code     0  startup_sam.o(i.Dummy_Handler)
    SPI0_Handler                             0x004008e5   Thumb Code     0  startup_sam.o(i.Dummy_Handler)
    SPI1_Handler                             0x004008e5   Thumb Code     0  startup_sam.o(i.Dummy_Handler)
    SSC_Handler                              0x004008e5   Thumb Code     0  startup_sam.o(i.Dummy_Handler)
    SUPC_Handler                             0x004008e5   Thumb Code     0  startup_sam.o(i.Dummy_Handler)
    SVC_Handler                              0x004008e5   Thumb Code     0  startup_sam.o(i.Dummy_Handler)
    TC0_Handler                              0x004008e5   Thumb Code     0  startup_sam.o(i.Dummy_Handler)
    TC10_Handler                             0x004008e5   Thumb Code     0  startup_sam.o(i.Dummy_Handler)
    TC11_Handler                             0x004008e5   Thumb Code     0  startup_sam.o(i.Dummy_Handler)
    TC1_Handler                              0x004008e5   Thumb Code     0  startup_sam.o(i.Dummy_Handler)
    TC2_Handler                              0x004008e5   Thumb Code     0  startup_sam.o(i.Dummy_Handler)
    TC3_Handler                              0x004008e5   Thumb Code     0  startup_sam.o(i.Dummy_Handler)
    TC4_Handler                              0x004008e5   Thumb Code     0  startup_sam.o(i.Dummy_Handler)
    TC5_Handler                              0x004008e5   Thumb Code     0  startup_sam.o(i.Dummy_Handler)
    TC6_Handler                              0x004008e5   Thumb Code     0  startup_sam.o(i.Dummy_Handler)
    TC7_Handler                              0x004008e5   Thumb Code     0  startup_sam.o(i.Dummy_Handler)
    TC8_Handler                              0x004008e5   Thumb Code     0  startup_sam.o(i.Dummy_Handler)
    TC9_Handler                              0x004008e5   Thumb Code     0  startup_sam.o(i.Dummy_Handler)
    TRNG_Handler                             0x004008e5   Thumb Code     0  startup_sam.o(i.Dummy_Handler)
    TWIHS0_Handler                           0x004008e5   Thumb Code     0  startup_sam.o(i.Dummy_Handler)
    TWIHS1_Handler                           0x004008e5   Thumb Code     0  startup_sam.o(i.Dummy_Handler)
    TWIHS2_Handler                           0x004008e5   Thumb Code     0  startup_sam.o(i.Dummy_Handler)
    UART0_Handler                            0x004008e5   Thumb Code     0  startup_sam.o(i.Dummy_Handler)
    UART1_Handler                            0x004008e5   Thumb Code     0  startup_sam.o(i.Dummy_Handler)
    UART2_Handler                            0x004008e5   Thumb Code     0  startup_sam.o(i.Dummy_Handler)
    UART3_Handler                            0x004008e5   Thumb Code     0  startup_sam.o(i.Dummy_Handler)
    UART4_Handler                            0x004008e5   Thumb Code     0  startup_sam.o(i.Dummy_Handler)
    USART0_Handler                           0x004008e5   Thumb Code     0  startup_sam.o(i.Dummy_Handler)
    USART1_Handler                           0x004008e5   Thumb Code     0  startup_sam.o(i.Dummy_Handler)
    USART2_Handler                           0x004008e5   Thumb Code     0  startup_sam.o(i.Dummy_Handler)
    USBHS_Handler                            0x004008e5   Thumb Code     0  startup_sam.o(i.Dummy_Handler)
    WDT_Handler                              0x004008e5   Thumb Code     0  startup_sam.o(i.Dummy_Handler)
    XDMAC_Handler                            0x004008e5   Thumb Code     0  startup_sam.o(i.Dummy_Handler)
    HardFault_Handler                        0x0040090d   Thumb Code    54  exceptions.o(i.HardFault_Handler)
    LowLevelInit                             0x004009e1   Thumb Code    12  board_lowlevel.o(i.LowLevelInit)
    MPU_CalMPURegionSize                     0x004009ed   Thumb Code    28  mpu.o(i.MPU_CalMPURegionSize)
    MPU_Enable                               0x00400a09   Thumb Code     6  mpu.o(i.MPU_Enable)
    MPU_SetRegion                            0x00400a15   Thumb Code    10  mpu.o(i.MPU_SetRegion)
    MemManage_Handler                        0x00400a25   Thumb Code    52  exceptions.o(i.MemManage_Handler)
    NMI_Handler                              0x00400a89   Thumb Code    10  exceptions.o(i.NMI_Handler)
    PIOA_Handler                             0x00400ab1   Thumb Code    12  pio_it.o(i.PIOA_Handler)
    PIOB_Handler                             0x00400ac1   Thumb Code    12  pio_it.o(i.PIOB_Handler)
    PIOC_Handler                             0x00400ad1   Thumb Code    12  pio_it.o(i.PIOC_Handler)
    PIOD_Handler                             0x00400ae1   Thumb Code    12  pio_it.o(i.PIOD_Handler)
    PIOE_Handler                             0x00400af1   Thumb Code    12  pio_it.o(i.PIOE_Handler)
    PIO_Configure                            0x00400b01   Thumb Code   166  pio.o(i.PIO_Configure)
    PMC_DisablePeripheral                    0x00400c91   Thumb Code    88  pmc.o(i.PMC_DisablePeripheral)
    PMC_EnablePeripheral                     0x00400d25   Thumb Code    88  pmc.o(i.PMC_EnablePeripheral)
    PioInterruptHandler                      0x00400db9   Thumb Code   100  pio_it.o(i.PioInterruptHandler)
    Reset_Handler                            0x00400e69   Thumb Code   126  startup_sam.o(i.Reset_Handler)
    SysTick_Handler                          0x00400fa5   Thumb Code    66  timetick.o(i.SysTick_Handler)
    SystemInit                               0x00400ff5   Thumb Code   242  system_samv71.o(i.SystemInit)
    UsageFault_Handler                       0x00401111   Thumb Code    52  exceptions.o(i.UsageFault_Handler)
    WDT_Disable                              0x00401165   Thumb Code     8  wdt.o(i.WDT_Disable)
    _SetupMemoryRegion                       0x0040121d   Thumb Code   284  board_lowlevel.o(i._SetupMemoryRegion)
    __assert_puts                            0x00401381   Thumb Code    14  retarget.o(i.__assert_puts)
    _is_digit                                0x00401395   Thumb Code    14  __printf_wp.o(i._is_digit)
    _sys_exit                                0x004013a3   Thumb Code     4  retarget.o(i._sys_exit)
    _ttywrch                                 0x004013a7   Thumb Code    12  retarget.o(i._ttywrch)
    array_test                               0x004013b5   Thumb Code    92  main.o(i.array_test)
    ferror                                   0x00401429   Thumb Code     8  retarget.o(i.ferror)
    fputc                                    0x00401431   Thumb Code    34  retarget.o(i.fputc)
    main                                     0x0040145d   Thumb Code   116  main.o(i.main)
    main_screen                              0x004014fd   Thumb Code    76  main.o(i.main_screen)
    pointer_test                             0x004016e5   Thumb Code    46  main.o(i.pointer_test)
    read_chip_id                             0x00401775   Thumb Code   106  main.o(i.read_chip_id)
    struct_test                              0x004019e5   Thumb Code    42  main.o(i.struct_test)
    trng_test                                0x00401a45   Thumb Code    58  main.o(i.trng_test)
    Region$$Table$$Base                      0x00401af8   Number         0  anon$$obj.o(Region$$Table)
    Region$$Table$$Limit                     0x00401b18   Number         0  anon$$obj.o(Region$$Table)
    __stdout                                 0x2040002c   Data           4  retarget.o(.data)
    __stderr                                 0x20400030   Data           4  retarget.o(.data)
    SystemCoreClock                          0x20400034   Data           4  system_samv71.o(.data)
    Image$$ARM_LIB_HEAP$$ZI$$Base            0x20400078   Number         0  anon$$obj.o ABSOLUTE
    Image$$ARM_LIB_HEAP$$ZI$$Limit           0x20401078   Number         0  anon$$obj.o ABSOLUTE
    Image$$ARM_LIB_STACK$$ZI$$Limit          0x20403078   Number         0  anon$$obj.o ABSOLUTE



==============================================================================

Memory Map of the image

  Image Entry point : 0x00400141

  Load Region LR_IROM1 (Base: 0x00400000, Size: 0x00001b58, Max: 0x00200000, ABSOLUTE)

    Execution Region Vector_region (Base: 0x00400000, Size: 0x00000140, Max: 0xffffffff, ABSOLUTE)

    Base Addr    Size         Type   Attr      Idx    E Section Name        Object

    0x00400000   0x00000140   Data   RO         2159    vectors             startup_sam.o


    Execution Region ROM (Base: 0x00400140, Size: 0x000019d8, Max: 0xffffffff, ABSOLUTE)

    Base Addr    Size         Type   Attr      Idx    E Section Name        Object

    0x00400140   0x00000008   Code   RO         2827  * !!!main             c_w.l(__main.o)
    0x00400148   0x00000034   Code   RO         3006    !!!scatter          c_w.l(__scatter.o)
    0x0040017c   0x0000001a   Code   RO         3008    !!handler_copy      c_w.l(__scatter_copy.o)
    0x00400196   0x00000002   PAD
    0x00400198   0x0000001c   Code   RO         3010    !!handler_zi        c_w.l(__scatter_zi.o)
    0x004001b4   0x00000000   Code   RO         2822    .ARM.Collect$$_printf_percent$$00000000  c_w.l(_printf_percent.o)
    0x004001b4   0x00000006   Code   RO         2821    .ARM.Collect$$_printf_percent$$00000009  c_w.l(_printf_d.o)
    0x004001ba   0x00000006   Code   RO         2820    .ARM.Collect$$_printf_percent$$0000000C  c_w.l(_printf_x.o)
    0x004001c0   0x00000006   Code   RO         2818    .ARM.Collect$$_printf_percent$$00000013  c_w.l(_printf_c.o)
    0x004001c6   0x00000006   Code   RO         2819    .ARM.Collect$$_printf_percent$$00000014  c_w.l(_printf_s.o)
    0x004001cc   0x00000004   Code   RO         2836    .ARM.Collect$$_printf_percent$$00000017  c_w.l(_printf_percent_end.o)
    0x004001d0   0x00000002   Code   RO         2882    .ARM.Collect$$libinit$$00000000  c_w.l(libinit.o)
    0x004001d2   0x00000000   Code   RO         2895    .ARM.Collect$$libinit$$00000002  c_w.l(libinit2.o)
    0x004001d2   0x00000000   Code   RO         2897    .ARM.Collect$$libinit$$00000004  c_w.l(libinit2.o)
    0x004001d2   0x00000000   Code   RO         2900    .ARM.Collect$$libinit$$0000000A  c_w.l(libinit2.o)
    0x004001d2   0x00000000   Code   RO         2902    .ARM.Collect$$libinit$$0000000C  c_w.l(libinit2.o)
    0x004001d2   0x00000000   Code   RO         2904    .ARM.Collect$$libinit$$0000000E  c_w.l(libinit2.o)
    0x004001d2   0x00000000   Code   RO         2907    .ARM.Collect$$libinit$$00000011  c_w.l(libinit2.o)
    0x004001d2   0x00000000   Code   RO         2909    .ARM.Collect$$libinit$$00000013  c_w.l(libinit2.o)
    0x004001d2   0x00000000   Code   RO         2911    .ARM.Collect$$libinit$$00000015  c_w.l(libinit2.o)
    0x004001d2   0x00000000   Code   RO         2913    .ARM.Collect$$libinit$$00000017  c_w.l(libinit2.o)
    0x004001d2   0x00000000   Code   RO         2915    .ARM.Collect$$libinit$$00000019  c_w.l(libinit2.o)
    0x004001d2   0x00000000   Code   RO         2917    .ARM.Collect$$libinit$$0000001B  c_w.l(libinit2.o)
    0x004001d2   0x00000000   Code   RO         2919    .ARM.Collect$$libinit$$0000001D  c_w.l(libinit2.o)
    0x004001d2   0x00000000   Code   RO         2921    .ARM.Collect$$libinit$$0000001F  c_w.l(libinit2.o)
    0x004001d2   0x00000000   Code   RO         2923    .ARM.Collect$$libinit$$00000021  c_w.l(libinit2.o)
    0x004001d2   0x00000000   Code   RO         2925    .ARM.Collect$$libinit$$00000023  c_w.l(libinit2.o)
    0x004001d2   0x00000000   Code   RO         2927    .ARM.Collect$$libinit$$00000025  c_w.l(libinit2.o)
    0x004001d2   0x00000000   Code   RO         2931    .ARM.Collect$$libinit$$0000002C  c_w.l(libinit2.o)
    0x004001d2   0x00000000   Code   RO         2933    .ARM.Collect$$libinit$$0000002E  c_w.l(libinit2.o)
    0x004001d2   0x00000000   Code   RO         2935    .ARM.Collect$$libinit$$00000030  c_w.l(libinit2.o)
    0x004001d2   0x00000000   Code   RO         2937    .ARM.Collect$$libinit$$00000032  c_w.l(libinit2.o)
    0x004001d2   0x00000002   Code   RO         2938    .ARM.Collect$$libinit$$00000033  c_w.l(libinit2.o)
    0x004001d4   0x00000002   Code   RO         2979    .ARM.Collect$$libshutdown$$00000000  c_w.l(libshutdown.o)
    0x004001d6   0x00000000   Code   RO         2989    .ARM.Collect$$libshutdown$$00000002  c_w.l(libshutdown2.o)
    0x004001d6   0x00000000   Code   RO         2991    .ARM.Collect$$libshutdown$$00000004  c_w.l(libshutdown2.o)
    0x004001d6   0x00000000   Code   RO         2994    .ARM.Collect$$libshutdown$$00000007  c_w.l(libshutdown2.o)
    0x004001d6   0x00000000   Code   RO         2997    .ARM.Collect$$libshutdown$$0000000A  c_w.l(libshutdown2.o)
    0x004001d6   0x00000000   Code   RO         2999    .ARM.Collect$$libshutdown$$0000000C  c_w.l(libshutdown2.o)
    0x004001d6   0x00000000   Code   RO         3002    .ARM.Collect$$libshutdown$$0000000F  c_w.l(libshutdown2.o)
    0x004001d6   0x00000002   Code   RO         3003    .ARM.Collect$$libshutdown$$00000010  c_w.l(libshutdown2.o)
    0x004001d8   0x00000000   Code   RO         2829    .ARM.Collect$$rtentry$$00000000  c_w.l(__rtentry.o)
    0x004001d8   0x00000000   Code   RO         2840    .ARM.Collect$$rtentry$$00000002  c_w.l(__rtentry2.o)
    0x004001d8   0x00000004   Code   RO         2854    .ARM.Collect$$rtentry$$00000007  c_w.l(__rtentry7.o)
    0x004001dc   0x00000000   Code   RO         2842    .ARM.Collect$$rtentry$$00000009  c_w.l(__rtentry2.o)
    0x004001dc   0x00000004   Code   RO         2843    .ARM.Collect$$rtentry$$0000000A  c_w.l(__rtentry2.o)
    0x004001e0   0x00000000   Code   RO         2845    .ARM.Collect$$rtentry$$0000000C  c_w.l(__rtentry2.o)
    0x004001e0   0x00000008   Code   RO         2846    .ARM.Collect$$rtentry$$0000000D  c_w.l(__rtentry2.o)
    0x004001e8   0x00000004   Code   RO         2855    .ARM.Collect$$rtentry$$00002718  c_w.l(__rtentry7.o)
    0x004001ec   0x00000002   Code   RO         2888    .ARM.Collect$$rtexit$$00000000  c_w.l(rtexit.o)
    0x004001ee   0x00000000   Code   RO         2945    .ARM.Collect$$rtexit$$00000002  c_w.l(rtexit2.o)
    0x004001ee   0x00000004   Code   RO         2946    .ARM.Collect$$rtexit$$00000003  c_w.l(rtexit2.o)
    0x004001f2   0x00000006   Code   RO         2947    .ARM.Collect$$rtexit$$00000004  c_w.l(rtexit2.o)
    0x004001f8   0x00000002   Code   RO         2763    .text               c_w.l(use_no_semi.o)
    0x004001fa   0x00000002   PAD
    0x004001fc   0x00000018   Code   RO         2767    .text               c_w.l(noretval__2printf.o)
    0x00400214   0x0000004e   Code   RO         2771    .text               c_w.l(_printf_pad.o)
    0x00400262   0x00000052   Code   RO         2773    .text               c_w.l(_printf_str.o)
    0x004002b4   0x00000078   Code   RO         2775    .text               c_w.l(_printf_dec.o)
    0x0040032c   0x00000058   Code   RO         2780    .text               c_w.l(_printf_hex_int.o)
    0x00400384   0x00000138   Code   RO         2810    .text               c_w.l(__printf_flags_wp.o)
    0x004004bc   0x00000080   Code   RO         2823    .text               c_w.l(assert.o)
    0x0040053c   0x00000064   Code   RO         2825    .text               c_w.l(rt_memcpy_w.o)
    0x004005a0   0x000000b2   Code   RO         2830    .text               c_w.l(_printf_intcommon.o)
    0x00400652   0x0000002c   Code   RO         2832    .text               c_w.l(_printf_char.o)
    0x0040067e   0x00000002   PAD
    0x00400680   0x00000024   Code   RO         2834    .text               c_w.l(_printf_char_file.o)
    0x004006a4   0x00000016   Code   RO         2837    .text               c_w.l(abort.o)
    0x004006ba   0x00000002   PAD
    0x004006bc   0x00000030   Code   RO         2859    .text               c_w.l(_printf_char_common.o)
    0x004006ec   0x0000000e   Code   RO         2861    .text               c_w.l(defsig_abrt_outer.o)
    0x004006fa   0x00000012   Code   RO         2871    .text               c_w.l(exit.o)
    0x0040070c   0x0000000a   Code   RO         2873    .text               c_w.l(defsig_exit.o)
    0x00400716   0x00000002   PAD
    0x00400718   0x00000030   Code   RO         2875    .text               c_w.l(defsig_abrt_inner.o)
    0x00400748   0x00000032   Code   RO         2892    .text               c_w.l(defsig_general.o)
    0x0040077a   0x00000002   PAD
    0x0040077c   0x00000058   Code   RO          642    i.BusFault_Handler  exceptions.o
    0x004007d4   0x00000078   Code   RO         2605    i.DBG_Configure     dbg_console.o
    0x0040084c   0x00000030   Code   RO         2608    i.DBG_GetChar       dbg_console.o
    0x0040087c   0x00000028   Code   RO         2612    i.DBG_IsRxReady     dbg_console.o
    0x004008a4   0x00000040   Code   RO         2613    i.DBG_PutChar       dbg_console.o
    0x004008e4   0x00000028   Code   RO         2158    i.Dummy_Handler     startup_sam.o
    0x0040090c   0x00000058   Code   RO          643    i.HardFault_Handler  exceptions.o
    0x00400964   0x0000007c   Code   RO          644    i.HardFault_reason  exceptions.o
    0x004009e0   0x0000000c   Code   RO         2540    i.LowLevelInit      board_lowlevel.o
    0x004009ec   0x0000001c   Code   RO          894    i.MPU_CalMPURegionSize  mpu.o
    0x00400a08   0x0000000c   Code   RO          896    i.MPU_Enable        mpu.o
    0x00400a14   0x00000010   Code   RO          897    i.MPU_SetRegion     mpu.o
    0x00400a24   0x00000064   Code   RO          645    i.MemManage_Handler  exceptions.o
    0x00400a88   0x00000028   Code   RO          646    i.NMI_Handler       exceptions.o
    0x00400ab0   0x00000010   Code   RO         1064    i.PIOA_Handler      pio_it.o
    0x00400ac0   0x00000010   Code   RO         1065    i.PIOB_Handler      pio_it.o
    0x00400ad0   0x00000010   Code   RO         1066    i.PIOC_Handler      pio_it.o
    0x00400ae0   0x00000010   Code   RO         1067    i.PIOD_Handler      pio_it.o
    0x00400af0   0x00000010   Code   RO         1068    i.PIOE_Handler      pio_it.o
    0x00400b00   0x000000a6   Code   RO          951    i.PIO_Configure     pio.o
    0x00400ba6   0x00000036   Code   RO          959    i.PIO_SetInput      pio.o
    0x00400bdc   0x00000024   Code   RO          960    i.PIO_SetOutput     pio.o
    0x00400c00   0x00000028   Code   RO          961    i.PIO_SetPeripheralA  pio.o
    0x00400c28   0x00000024   Code   RO          962    i.PIO_SetPeripheralB  pio.o
    0x00400c4c   0x00000024   Code   RO          963    i.PIO_SetPeripheralC  pio.o
    0x00400c70   0x00000020   Code   RO          964    i.PIO_SetPeripheralD  pio.o
    0x00400c90   0x00000094   Code   RO         1176    i.PMC_DisablePeripheral  pmc.o
    0x00400d24   0x00000094   Code   RO         1180    i.PMC_EnablePeripheral  pmc.o
    0x00400db8   0x000000b0   Code   RO         1073    i.PioInterruptHandler  pio_it.o
    0x00400e68   0x00000098   Code   RO         2179    i.Reset_Handler     startup_sam.o
    0x00400f00   0x0000009c   Code   RO           11    i.SCB_EnableDCache  main.o
    0x00400f9c   0x00000008   Code   RO          647    i.StackUnwind       exceptions.o
    0x00400fa4   0x00000050   Code   RO         1503    i.SysTick_Handler   timetick.o
    0x00400ff4   0x0000011c   Code   RO         2487    i.SystemInit        system_samv71.o
    0x00401110   0x00000054   Code   RO          648    i.UsageFault_Handler  exceptions.o
    0x00401164   0x00000008   Code   RO         1679    i.WDT_Disable       wdt.o
    0x0040116c   0x000000b0   Code   RO           12    i._DBGU_Handler     main.o
    0x0040121c   0x00000164   Code   RO         2541    i._SetupMemoryRegion  board_lowlevel.o
    0x00401380   0x00000014   Code   RO         2103    i.__assert_puts     retarget.o
    0x00401394   0x0000000e   Code   RO         2808    i._is_digit         c_w.l(__printf_wp.o)
    0x004013a2   0x00000004   Code   RO         2104    i._sys_exit         retarget.o
    0x004013a6   0x0000000c   Code   RO         2105    i._ttywrch          retarget.o
    0x004013b2   0x00000002   PAD
    0x004013b4   0x00000074   Code   RO           13    i.array_test        main.o
    0x00401428   0x00000008   Code   RO         2106    i.ferror            retarget.o
    0x00401430   0x0000002c   Code   RO         2107    i.fputc             retarget.o
    0x0040145c   0x000000a0   Code   RO           14    i.main              main.o
    0x004014fc   0x000001e8   Code   RO           15    i.main_screen       main.o
    0x004016e4   0x00000090   Code   RO           16    i.pointer_test      main.o
    0x00401774   0x00000270   Code   RO           17    i.read_chip_id      main.o
    0x004019e4   0x00000060   Code   RO           18    i.struct_test       main.o
    0x00401a44   0x00000060   Code   RO           19    i.trng_test         main.o
    0x00401aa4   0x00000018   Data   RO         2616    .constdata          dbg_console.o
    0x00401abc   0x00000028   Data   RO         2781    .constdata          c_w.l(_printf_hex_int.o)
    0x00401ae4   0x00000011   Data   RO         2811    .constdata          c_w.l(__printf_flags_wp.o)
    0x00401af5   0x00000003   PAD
    0x00401af8   0x00000020   Data   RO         3004    Region$$Table       anon$$obj.o


    Execution Region RW_IRAM1 (Base: 0x20400000, Size: 0x00000078, Max: 0x0005d000, ABSOLUTE)

    Base Addr    Size         Type   Attr      Idx    E Section Name        Object

    0x20400000   0x0000000c   Data   RW         1075    .data               pio_it.o
    0x2040000c   0x00000018   Data   RW         1507    .data               timetick.o
    0x20400024   0x00000010   Data   RW         2108    .data               retarget.o
    0x20400034   0x00000004   Data   RW         2491    .data               system_samv71.o
    0x20400038   0x00000006   Data   RW         2617    .data               dbg_console.o
    0x2040003e   0x00000002   PAD
    0x20400040   0x00000038   Zero   RW         1074    .bss                pio_it.o


    Execution Region ARM_LIB_HEAP (Base: 0x20400078, Size: 0x00001000, Max: 0x00001000, ABSOLUTE)

    Base Addr    Size         Type   Attr      Idx    E Section Name        Object

    0x20400078   0x00001000   Zero   RW            1    ARM_LIB_HEAP.bss    anon$$obj.o


    Execution Region ARM_LIB_STACK (Base: 0x20401078, Size: 0x00002000, Max: 0x00002000, ABSOLUTE)

    Base Addr    Size         Type   Attr      Idx    E Section Name        Object

    0x20401078   0x00002000   Zero   RW            2    ARM_LIB_STACK.bss   anon$$obj.o


    Execution Region SDRAM (Base: 0x70000000, Size: 0x00000000, Max: 0x00200000, ABSOLUTE)

    **** No section assigned to this execution region ****


==============================================================================

Image component sizes


      Code (inc. data)   RO Data    RW Data    ZI Data      Debug   Object Name

       368         72          0          0          0       1276   board_lowlevel.o
       272         62         24          6          0       3736   dbg_console.o
       532        182          0          0          0      72724   exceptions.o
      2056       1280          0          0          0      52309   main.o
        56         12          0          0          0       1764   mpu.o
       400          8          0          0          0       5104   pio.o
       256         96          0         12         56       4233   pio_it.o
       296        120          0          0          0       1207   pmc.o
        88         16          0         16          0       5110   retarget.o
       192         56        320          0          0       2310   startup_sam.o
       284         42          0          4          0        955   system_samv71.o
        80         14          0         24          0       1491   timetick.o
         8          0          0          0          0        926   wdt.o

    ----------------------------------------------------------------------
      4890       1960        376         64      12344     153145   Object Totals
         0          0         32          0      12288          0   (incl. Generated)
         2          0          0          2          0          0   (incl. Padding)

    ----------------------------------------------------------------------

      Code (inc. data)   RO Data    RW Data    ZI Data      Debug   Library Member Name

         8          0          0          0          0         68   __main.o
       312          4         17          0          0         92   __printf_flags_wp.o
        14          0          0          0          0         68   __printf_wp.o
         0          0          0          0          0          0   __rtentry.o
        12          0          0          0          0          0   __rtentry2.o
         8          4          0          0          0          0   __rtentry7.o
        52          8          0          0          0          0   __scatter.o
        26          0          0          0          0          0   __scatter_copy.o
        28          0          0          0          0          0   __scatter_zi.o
         6          0          0          0          0          0   _printf_c.o
        44          0          0          0          0        108   _printf_char.o
        48          6          0          0          0         96   _printf_char_common.o
        36          4          0          0          0         80   _printf_char_file.o
         6          0          0          0          0          0   _printf_d.o
       120         16          0          0          0         92   _printf_dec.o
        88          4         40          0          0         88   _printf_hex_int.o
       178          0          0          0          0         88   _printf_intcommon.o
        78          0          0          0          0        108   _printf_pad.o
         0          0          0          0          0          0   _printf_percent.o
         4          0          0          0          0          0   _printf_percent_end.o
         6          0          0          0          0          0   _printf_s.o
        82          0          0          0          0         80   _printf_str.o
         6          0          0          0          0          0   _printf_x.o
        22          0          0          0          0         80   abort.o
       128         42          0          0          0         76   assert.o
        48         34          0          0          0         76   defsig_abrt_inner.o
        14          0          0          0          0         80   defsig_abrt_outer.o
        10          0          0          0          0         68   defsig_exit.o
        50          0          0          0          0         88   defsig_general.o
        18          0          0          0          0         80   exit.o
         2          0          0          0          0          0   libinit.o
         2          0          0          0          0          0   libinit2.o
         2          0          0          0          0          0   libshutdown.o
         2          0          0          0          0          0   libshutdown2.o
        24          4          0          0          0         84   noretval__2printf.o
       100          0          0          0          0         80   rt_memcpy_w.o
         2          0          0          0          0          0   rtexit.o
        10          0          0          0          0          0   rtexit2.o
         2          0          0          0          0         68   use_no_semi.o

    ----------------------------------------------------------------------
      1610        126         60          0          0       1748   Library Totals
        12          0          3          0          0          0   (incl. Padding)

    ----------------------------------------------------------------------

      Code (inc. data)   RO Data    RW Data    ZI Data      Debug   Library Name

      1598        126         57          0          0       1748   c_w.l

    ----------------------------------------------------------------------
      1610        126         60          0          0       1748   Library Totals

    ----------------------------------------------------------------------

==============================================================================


      Code (inc. data)   RO Data    RW Data    ZI Data      Debug   

      6500       2086        436         64      12344     151665   Grand Totals
      6500       2086        436         64      12344     151665   ELF Image Totals
      6500       2086        436         64          0          0   ROM Totals

==============================================================================

    Total RO  Size (Code + RO Data)                 6936 (   6.77kB)
    Total RW  Size (RW Data + ZI Data)             12408 (  12.12kB)
    Total ROM Size (Code + RO Data + RW Data)       7000 (   6.84kB)

==============================================================================

