<html>
<body>
<pre>
<h1>µVision Build Log</h1>
<h2>Tool Versions:</h2>
IDE-Version: µVision V5.17.0.0
Copyright (C) 2015 ARM Ltd and ARM Germany GmbH. All rights reserved.
License Information: Gabriel Stroe LTU Flex license: MDK-ARM Professional: 100 user(s) (mdk_pro) Operation stops: 11 Jan 2017
 
Tool Versions:
Toolchain:       MDK-ARM Professional: 100 user(s)  Version: 5.17
Toolchain Path:  C:\Keil_v5\ARM\ARMCC\Bin
C Compiler:      Armcc.exe V5.06 update 1 (build 61)
Assembler:       Armasm.exe V5.06 update 1 (build 61)
Linker/Locator:  ArmLink.exe V5.06 update 1 (build 61)
Library Manager: ArmAr.exe V5.06 update 1 (build 61)
Hex Converter:   FromElf.exe V5.06 update 1 (build 61)
CPU DLL:         SARMCM3.DLL V5.17
Dialog DLL:      DCM.DLL V1.13.4.0
Target DLL:      CMSIS_AGDI.dll V1.23.1.0
Dialog DLL:      TCM.DLL V1.14.6.0
 
<h2>Project:</h2>
C:\Keil_v5\ARM\examples\Atmel\SAMV71_Xplained_Ultra\examples\SoC_Lab10\build\mdk\SoC_Lab10.uvprojx
Project File Date:  03/30/2016

<h2>Output:</h2>
*** Using Compiler 'V5.06 update 1 (build 61)', folder: 'C:\Keil_v5\ARM\ARMCC\Bin'
Build target 'flash'
compiling httpd-fs.c...
..\..\..\..\libraries\libuip\source\uip_1.0\apps\webserver\httpd-fsdata.c(264): warning:  #144-D: a value of type "const unsigned char *" cannot be used to initialize an entity of type "const char *"
  const struct httpd_fsdata_file file_customers_html[] = {{
ULL, data_customers_html, data_customers_html + 16, sizeof(data_customers_html) - 16}};
..\..\..\..\libraries\libuip\source\uip_1.0\apps\webserver\httpd-fsdata.c(264): warning:  #144-D: a value of type "const unsigned char *" cannot be used to initialize an entity of type "const char *"
  const struct httpd_fsdata_file file_customers_html[] = {{
ULL, data_customers_html, data_customers_html + 16, sizeof(data_customers_html) - 16}};
..\..\..\..\libraries\libuip\source\uip_1.0\apps\webserver\httpd-fsdata.c(266): warning:  #144-D: a value of type "const unsigned char *" cannot be used to initialize an entity of type "const char *"
  const struct httpd_fsdata_file file_script_js[] = {{file_customers_html, data_script_js, data_script_js + 11, sizeof(data_script_js) - 11}};
..\..\..\..\libraries\libuip\source\uip_1.0\apps\webserver\httpd-fsdata.c(266): warning:  #144-D: a value of type "const unsigned char *" cannot be used to initialize an entity of type "const char *"
  const struct httpd_fsdata_file file_script_js[] = {{file_customers_html, data_script_js, data_script_js + 11, sizeof(data_script_js) - 11}};
..\..\..\..\libraries\libuip\source\uip_1.0\apps\webserver\httpd-fsdata.c(268): warning:  #144-D: a value of type "const unsigned char *" cannot be used to initialize an entity of type "const char *"
  const struct httpd_fsdata_file file_about_html[] = {{file_script_js, data_about_html, data_about_html + 122, sizeof(data_about_html) - 12}};
..\..\..\..\libraries\libuip\source\uip_1.0\apps\webserver\httpd-fsdata.c(268): warning:  #144-D: a value of type "const unsigned char *" cannot be used to initialize an entity of type "const char *"
  const struct httpd_fsdata_file file_about_html[] = {{file_script_js, data_about_html, data_about_html + 122, sizeof(data_about_html) - 12}};
..\..\..\..\libraries\libuip\source\uip_1.0\apps\webserver\httpd-fsdata.c(270): warning:  #144-D: a value of type "const unsigned char *" cannot be used to initialize an entity of type "const char *"
  const struct httpd_fsdata_file file_site_css[] = {{file_about_html, data_site_css, data_site_css + 10, sizeof(data_site_css) - 10}};
..\..\..\..\libraries\libuip\source\uip_1.0\apps\webserver\httpd-fsdata.c(270): warning:  #144-D: a value of type "const unsigned char *" cannot be used to initialize an entity of type "const char *"
  const struct httpd_fsdata_file file_site_css[] = {{file_about_html, data_site_css, data_site_css + 10, sizeof(data_site_css) - 10}};
..\..\..\..\libraries\libuip\source\uip_1.0\apps\webserver\httpd-fsdata.c(272): warning:  #144-D: a value of type "const unsigned char *" cannot be used to initialize an entity of type "const char *"
  const struct httpd_fsdata_file file_index_html[] = {{file_site_css, data_index_html, data_index_html + 12, sizeof(data_index_html) - 12}};
..\..\..\..\libraries\libuip\source\uip_1.0\apps\webserver\httpd-fsdata.c(272): warning:  #144-D: a value of type "const unsigned char *" cannot be used to initialize an entity of type "const char *"
  const struct httpd_fsdata_file file_index_html[] = {{file_site_css, data_index_html, data_index_html + 12, sizeof(data_index_html) - 12}};
..\..\..\..\libraries\libuip\source\uip_1.0\apps\webserver\httpd-fs.c: 10 warnings, 0 errors
linking...
Program Size: Code=26080 RO-data=5556 RW-data=864 ZI-data=122956  
".\flash\Objects\gmac_uip_webserver.axf" - 0 Error(s), 10 Warning(s).

<h2>Collection of Component include folders:</h2>
  C:\Keil_v5\ARM\examples\Atmel\SAMV71_Xplained_Ultra\examples\SoC_Lab10\build\mdk\RTE
  C:\Keil_v5\ARM\PACK\Keil\SAM-V_DFP\2.2.0\SAMV71\include

<h2>Collection of Component Files used:</h2>
Build Time Elapsed:  00:00:01
</pre>
</body>
</html>
