Component: ARM Compiler 5.06 update 1 (build 61) Tool: armlink [4d35a8]

==============================================================================

Section Cross References

    workaround.o(WORKAROUND) refers to startup_sam.o(vectors) for __vector_table
    main.o(i._app_init) refers to _printf_percent.o(.ARM.Collect$$_printf_percent$$00000000) for _printf_percent
    main.o(i._app_init) refers to _printf_d.o(.ARM.Collect$$_printf_percent$$00000009) for _printf_d
    main.o(i._app_init) refers to _printf_dec.o(.text) for _printf_int_dec
    main.o(i._app_init) refers to __2printf.o(.text) for __2printf
    main.o(i._app_init) refers to httpd.o(i.httpd_init) for httpd_init
    main.o(i._app_init) refers to main.o(.constdata) for HostIpAddress
    main.o(i._app_init) refers to main.o(.conststring) for .conststring
    main.o(i.main) refers to _printf_percent.o(.ARM.Collect$$_printf_percent$$00000000) for _printf_percent
    main.o(i.main) refers to _printf_s.o(.ARM.Collect$$_printf_percent$$00000014) for _printf_s
    main.o(i.main) refers to _printf_str.o(.text) for _printf_str
    main.o(i.main) refers to _printf_x.o(.ARM.Collect$$_printf_percent$$0000000C) for _printf_x
    main.o(i.main) refers to _printf_hex_int.o(.text) for _printf_longlong_hex
    main.o(i.main) refers to _printf_d.o(.ARM.Collect$$_printf_percent$$00000009) for _printf_d
    main.o(i.main) refers to _printf_dec.o(.text) for _printf_int_dec
    main.o(i.main) refers to wdt.o(i.WDT_Disable) for WDT_Disable
    main.o(i.main) refers to main.o(i.SCB_EnableDCache) for SCB_EnableDCache
    main.o(i.main) refers to timetick.o(i.TimeTick_Configure) for TimeTick_Configure
    main.o(i.main) refers to __2printf.o(.text) for __2printf
    main.o(i.main) refers to pio.o(i.PIO_Configure) for PIO_Configure
    main.o(i.main) refers to pmc.o(i.PMC_EnablePeripheral) for PMC_EnablePeripheral
    main.o(i.main) refers to twi.o(i.TWI_ConfigureMaster) for TWI_ConfigureMaster
    main.o(i.main) refers to twid.o(i.TWID_Initialize) for TWID_Initialize
    main.o(i.main) refers to twid.o(i.TWID_Read) for TWID_Read
    main.o(i.main) refers to gmac_tapdev.o(i.gmac_tapdev_setmac) for gmac_tapdev_setmac
    main.o(i.main) refers to gmac_tapdev.o(i.gmac_tapdev_init) for gmac_tapdev_init
    main.o(i.main) refers to clock-arch.o(i.clock_init) for clock_init
    main.o(i.main) refers to timer.o(i.timer_set) for timer_set
    main.o(i.main) refers to uip.o(i.uip_init) for uip_init
    main.o(i.main) refers to main.o(i._app_init) for _app_init
    main.o(i.main) refers to gmac_tapdev.o(i.gmac_tapdev_read) for gmac_tapdev_read
    main.o(i.main) refers to uip.o(i.htons) for htons
    main.o(i.main) refers to uip.o(i.uip_process) for uip_process
    main.o(i.main) refers to uip_arp.o(i.uip_arp_out) for uip_arp_out
    main.o(i.main) refers to gmac_tapdev.o(i.gmac_tapdev_send) for gmac_tapdev_send
    main.o(i.main) refers to uip_arp.o(i.uip_arp_arpin) for uip_arp_arpin
    main.o(i.main) refers to timer.o(i.timer_expired) for timer_expired
    main.o(i.main) refers to timer.o(i.timer_reset) for timer_reset
    main.o(i.main) refers to uip_arp.o(i.uip_arp_timer) for uip_arp_timer
    main.o(i.main) refers to main.o(.constdata) for twiPins
    main.o(i.main) refers to main.o(.data) for twid
    main.o(i.main) refers to uip.o(.data) for uip_hostaddr
    main.o(i.main) refers to uip.o(.bss) for uip_buf
    main.o(i.uip_log) refers to _printf_percent.o(.ARM.Collect$$_printf_percent$$00000000) for _printf_percent
    main.o(i.uip_log) refers to _printf_s.o(.ARM.Collect$$_printf_percent$$00000014) for _printf_s
    main.o(i.uip_log) refers to _printf_str.o(.text) for _printf_str
    main.o(i.uip_log) refers to __2printf.o(.text) for __2printf
    exceptions.o(i.BusFault_Handler) refers to _printf_percent.o(.ARM.Collect$$_printf_percent$$00000000) for _printf_percent
    exceptions.o(i.BusFault_Handler) refers to _printf_x.o(.ARM.Collect$$_printf_percent$$0000000C) for _printf_x
    exceptions.o(i.BusFault_Handler) refers to _printf_hex_int.o(.text) for _printf_longlong_hex
    exceptions.o(i.BusFault_Handler) refers to exceptions.o(i.StackUnwind) for StackUnwind
    exceptions.o(i.BusFault_Handler) refers to __2printf.o(.text) for __2printf
    exceptions.o(i.HardFault_Handler) refers to _printf_percent.o(.ARM.Collect$$_printf_percent$$00000000) for _printf_percent
    exceptions.o(i.HardFault_Handler) refers to _printf_x.o(.ARM.Collect$$_printf_percent$$0000000C) for _printf_x
    exceptions.o(i.HardFault_Handler) refers to _printf_hex_int.o(.text) for _printf_longlong_hex
    exceptions.o(i.HardFault_Handler) refers to exceptions.o(i.StackUnwind) for StackUnwind
    exceptions.o(i.HardFault_Handler) refers to __2printf.o(.text) for __2printf
    exceptions.o(i.HardFault_Handler) refers to exceptions.o(i.HardFault_reason) for HardFault_reason
[...]
    i.tcp_stats                              0x00405088   Section        0  httpd-cgi.o(i.tcp_stats)
    tcp_stats                                0x00405089   Thumb Code   108  httpd-cgi.o(i.tcp_stats)
    i.timer_expired                          0x004050fc   Section        0  timer.o(i.timer_expired)
    i.timer_reset                            0x00405116   Section        0  timer.o(i.timer_reset)
    i.timer_set                              0x00405120   Section        0  timer.o(i.timer_set)
    i.uip_add32                              0x00405130   Section        0  uip.o(i.uip_add32)
    i.uip_add_rcv_nxt                        0x004051a0   Section        0  uip.o(i.uip_add_rcv_nxt)
    uip_add_rcv_nxt                          0x004051a1   Thumb Code    58  uip.o(i.uip_add_rcv_nxt)
    i.uip_arp_arpin                          0x004051e4   Section        0  uip_arp.o(i.uip_arp_arpin)
    i.uip_arp_out                            0x004052cc   Section        0  uip_arp.o(i.uip_arp_out)
    i.uip_arp_timer                          0x0040546c   Section        0  uip_arp.o(i.uip_arp_timer)
    i.uip_arp_update                         0x004054c4   Section        0  uip_arp.o(i.uip_arp_update)
    uip_arp_update                           0x004054c5   Thumb Code   272  uip_arp.o(i.uip_arp_update)
    i.uip_init                               0x004055e8   Section        0  uip.o(i.uip_init)
    i.uip_ipchksum                           0x00405658   Section        0  uip.o(i.uip_ipchksum)
    i.uip_listen                             0x0040567c   Section        0  uip.o(i.uip_listen)
    i.uip_log                                0x004056bc   Section        0  main.o(i.uip_log)
    i.uip_process                            0x004056e0   Section        0  uip.o(i.uip_process)
    i.uip_send                               0x0040669c   Section        0  uip.o(i.uip_send)
    i.uip_tcpchksum                          0x004066cc   Section        0  uip.o(i.uip_tcpchksum)
    i.upper_layer_chksum                     0x004066d8   Section        0  uip.o(i.upper_layer_chksum)
    upper_layer_chksum                       0x004066d9   Thumb Code    66  uip.o(i.upper_layer_chksum)
    .constdata                               0x00406720   Section       36  main.o(.constdata)
    twiPins                                  0x00406720   Data          24  main.o(.constdata)
    HostIpAddress                            0x00406738   Data           4  main.o(.constdata)
    RoutIpAddress                            0x0040673c   Data           4  main.o(.constdata)
    NetMask                                  0x00406740   Data           4  main.o(.constdata)
    .constdata                               0x00406744   Section       20  tc.o(.constdata)
    .constdata                               0x00406758   Section       29  gmacd.o(.constdata)
    __FUNCTION__                             0x00406768   Data          13  gmacd.o(.constdata)
    .constdata                               0x00406778   Section       24  dbg_console.o(.constdata)
    .constdata                               0x00406790   Section      110  httpd-cgi.o(.constdata)
    file                                     0x00406790   Data           8  httpd-cgi.o(.constdata)
    tcp                                      0x00406798   Data           8  httpd-cgi.o(.constdata)
    net                                      0x004067a0   Data           8  httpd-cgi.o(.constdata)
    closed                                   0x004067a8   Data           7  httpd-cgi.o(.constdata)
    syn_rcvd                                 0x004067af   Data           9  httpd-cgi.o(.constdata)
    syn_sent                                 0x004067b8   Data           9  httpd-cgi.o(.constdata)
    established                              0x004067c1   Data          12  httpd-cgi.o(.constdata)
    fin_wait_1                               0x004067cd   Data          11  httpd-cgi.o(.constdata)
    fin_wait_2                               0x004067d8   Data          11  httpd-cgi.o(.constdata)
    closing                                  0x004067e3   Data           8  httpd-cgi.o(.constdata)
    time_wait                                0x004067eb   Data          10  httpd-cgi.o(.constdata)
    last_ack                                 0x004067f5   Data           9  httpd-cgi.o(.constdata)
    .constdata                               0x00406800   Section     5180  httpd-fs.o(.constdata)
    data_processes_shtml                     0x00406800   Data         226  httpd-fs.o(.constdata)
    data_404_html                            0x004068e2   Data         171  httpd-fs.o(.constdata)
    data_files_shtml                         0x0040698d   Data        1267  httpd-fs.o(.constdata)
    data_footer_html                         0x00406e80   Data          31  httpd-fs.o(.constdata)
    data_header_html                         0x00406e9f   Data         642  httpd-fs.o(.constdata)
    data_index_html                          0x00407121   Data         350  httpd-fs.o(.constdata)
    data_style_css                           0x0040727f   Data        1026  httpd-fs.o(.constdata)
    data_tcp_shtml                           0x00407681   Data         222  httpd-fs.o(.constdata)
    data_fade_png                            0x0040775f   Data         207  httpd-fs.o(.constdata)
    data_stats_shtml                         0x0040782e   Data         835  httpd-fs.o(.constdata)
    .constdata                               0x00407c3c   Section      586  http-strings.o(.constdata)
    .constdata                               0x00407e88   Section       48  gmac_tapdev.o(.constdata)
    gmacPins                                 0x00407e88   Data          36  gmac_tapdev.o(.constdata)
    gmacResetPin                             0x00407eac   Data          12  gmac_tapdev.o(.constdata)
    .constdata                               0x00407eb8   Section        8  uip.o(.constdata)
    all_ones_addr                            0x00407eb8   Data           4  uip.o(.constdata)
    all_zeroes_addr                          0x00407ebc   Data           4  uip.o(.constdata)
    .constdata                               0x00407ec0   Section       10  uip_arp.o(.constdata)
    broadcast_ethaddr                        0x00407ec0   Data           6  uip_arp.o(.constdata)
    broadcast_ipaddr                         0x00407ec6   Data           4  uip_arp.o(.constdata)
    .constdata                               0x00407eca   Section       40  _printf_hex_int.o(.constdata)
    uc_hextab                                0x00407eca   Data          20  _printf_hex_int.o(.constdata)
    lc_hextab                                0x00407ede   Data          20  _printf_hex_int.o(.constdata)
    .constdata                               0x00407ef2   Section       17  __printf_flags_wp.o(.constdata)
    maptable                                 0x00407ef2   Data          17  __printf_flags_wp.o(.constdata)
    .conststring                             0x00407f04   Section       76  main.o(.conststring)
    .conststring                             0x00407f50   Section       68  tc.o(.conststring)
    .conststring                             0x00407f94   Section      134  httpd-cgi.o(.conststring)
    .data                                    0x20400000   Section       22  main.o(.data)
    cpu_irq_critical_section_counter         0x20400000   Data           4  main.o(.data)
    cpu_irq_prev_interrupt_state             0x20400004   Data           1  main.o(.data)
    twid                                     0x20400008   Data           8  main.o(.data)
    GMacAddress                              0x20400010   Data           6  main.o(.data)
    .data                                    0x20400018   Section       12  pio_it.o(.data)
    cpu_irq_critical_section_counter         0x20400018   Data           4  pio_it.o(.data)
    cpu_irq_prev_interrupt_state             0x2040001c   Data           1  pio_it.o(.data)
    _dwNumSources                            0x20400020   Data           4  pio_it.o(.data)
    .data                                    0x20400024   Section       24  timetick.o(.data)
    cpu_irq_critical_section_counter         0x20400024   Data           4  timetick.o(.data)
    cpu_irq_prev_interrupt_state             0x20400028   Data           1  timetick.o(.data)
    _dwTickCount                             0x2040002c   Data           4  timetick.o(.data)
    SysTickConfigured                        0x20400030   Data           1  timetick.o(.data)
    _dwTickTimer                             0x20400034   Data           4  timetick.o(.data)
    pTimeEventList                           0x20400038   Data           4  timetick.o(.data)
    .data                                    0x2040003c   Section       16  retarget.o(.data)
    cpu_irq_critical_section_counter         0x2040003c   Data           4  retarget.o(.data)
    cpu_irq_prev_interrupt_state             0x20400040   Data           1  retarget.o(.data)
    .data                                    0x2040004c   Section        4  system_samv71.o(.data)
    .data                                    0x20400050   Section       10  gmacd.o(.data)
    cpu_irq_critical_section_counter         0x20400050   Data           4  gmacd.o(.data)
    cpu_irq_prev_interrupt_state             0x20400054   Data           1  gmacd.o(.data)
    .data                                    0x2040005c   Section       12  twi.o(.data)
    cpu_irq_critical_section_counter         0x2040005c   Data           4  twi.o(.data)
    cpu_irq_prev_interrupt_state             0x20400060   Data           1  twi.o(.data)
    .data                                    0x20400068   Section        6  dbg_console.o(.data)
    cpu_irq_critical_section_counter         0x20400068   Data           4  dbg_console.o(.data)
    cpu_irq_prev_interrupt_state             0x2040006c   Data           1  dbg_console.o(.data)
    _ucIsConsoleInitialized                  0x2040006d   Data           1  dbg_console.o(.data)
    .data                                    0x20400070   Section       52  httpd-cgi.o(.data)
    calls                                    0x20400070   Data          16  httpd-cgi.o(.data)
    states                                   0x20400080   Data          36  httpd-cgi.o(.data)
    .data                                    0x204000a4   Section       12  clock-arch.o(.data)
    cpu_irq_critical_section_counter         0x204000a4   Data           4  clock-arch.o(.data)
    cpu_irq_prev_interrupt_state             0x204000a8   Data           1  clock-arch.o(.data)
    dwClockTick                              0x204000ac   Data           4  clock-arch.o(.data)
    .data                                    0x204000c0   Section       46  gmac_tapdev.o(.data)
    cpu_irq_critical_section_counter         0x204000c0   Data           4  gmac_tapdev.o(.data)
    cpu_irq_prev_interrupt_state             0x204000c4   Data           1  gmac_tapdev.o(.data)
    gDummyTxCbs                              0x204000e0   Data           8  gmac_tapdev.o(.data)
    gGMacAddress                             0x204000e8   Data           6  gmac_tapdev.o(.data)
    .data                                    0x204000f0   Section       56  uip.o(.data)
    ipid                                     0x20400118   Data           2  uip.o(.data)
    iss                                      0x2040011a   Data           4  uip.o(.data)
    lastport                                 0x2040011e   Data           2  uip.o(.data)
    c                                        0x20400124   Data           1  uip.o(.data)
    opt                                      0x20400125   Data           1  uip.o(.data)
    tmp16                                    0x20400126   Data           2  uip.o(.data)
    .data                                    0x20400128   Section        8  uip_arp.o(.data)
    ipaddr                                   0x20400128   Data           4  uip_arp.o(.data)
    i                                        0x2040012c   Data           1  uip_arp.o(.data)
    c                                        0x2040012d   Data           1  uip_arp.o(.data)
    arptime                                  0x2040012e   Data           1  uip_arp.o(.data)
    tmpage                                   0x2040012f   Data           1  uip_arp.o(.data)
    .bss                                     0x20400130   Section       56  pio_it.o(.bss)
    _aIntSources                             0x20400130   Data          56  pio_it.o(.bss)
    .bss                                     0x20400168   Section       16  timetick.o(.bss)
    .bss                                     0x20400178   Section       20  httpd-fs.o(.bss)
    count                                    0x20400178   Data          20  httpd-fs.o(.bss)
    .bss                                     0x204001a0   Section    100672  gmac_tapdev.o(.bss)
    gGmacd                                   0x204001a0   Data         152  gmac_tapdev.o(.bss)
    gGmacb                                   0x20400240   Data          12  gmac_tapdev.o(.bss)
    gTxCbs                                   0x20400260   Data         128  gmac_tapdev.o(.bss)
    pTxBuffer                                0x204002e0   Data       49152  gmac_tapdev.o(.bss)
    pTxDummyBuffer                           0x2040c2e0   Data        1024  gmac_tapdev.o(.bss)
    pRxBuffer                                0x2040c6e0   Data       49152  gmac_tapdev.o(.bss)
    pRxDummyBuffer                           0x204186e0   Data        1024  gmac_tapdev.o(.bss)
    .bss                                     0x20418ae0   Section     9788  uip.o(.bss)
    .bss                                     0x2041b11c   Section       96  uip_arp.o(.bss)
    arp_table                                0x2041b11c   Data          96  uip_arp.o(.bss)
    .ram_nocache                             0x2045f000   Section      560  gmac_tapdev.o(.ram_nocache)
    gTxDs                                    0x2045f000   Data         256  gmac_tapdev.o(.ram_nocache)
    gDummyTxDs                               0x2045f100   Data          16  gmac_tapdev.o(.ram_nocache)
    gRxDs                                    0x2045f120   Data         256  gmac_tapdev.o(.ram_nocache)
    gDummyRxDs                               0x2045f220   Data          16  gmac_tapdev.o(.ram_nocache)

    Global Symbols

    Symbol Name                              Value     Ov Type        Size  Object(Section)

    BuildAttributes$$THM_ISAv4$E$P$D$K$B$S$7EM$PE$PLD8$A:L22UL41UL21$X:L11$S22US41US21$IEEE1$IW$USESV6$~STKCKD$USESV7$~SHL$OSPACE$ROPI$EBA8$UX$STANDARDLIB$REQ8$PRES8$EABIv2 0x00000000   Number         0  anon$$obj.o ABSOLUTE
    __ARM_use_no_argv                        0x00000000   Number         0  main.o ABSOLUTE
    _printf_flags                            0x00000000   Number         0  printf_stubs.o ABSOLUTE
    _printf_return_value                     0x00000000   Number         0  printf_stubs.o ABSOLUTE
    _printf_sizespec                         0x00000000   Number         0  printf_stubs.o ABSOLUTE
    _printf_widthprec                        0x00000000   Number         0  printf_stubs.o ABSOLUTE
    Image$$ZI$$Limit                          - Undefined Weak Reference
    __ARM_exceptions_init                     - Undefined Weak Reference
    __alloca_initialize                       - Undefined Weak Reference
    __arm_preinit_                            - Undefined Weak Reference
    __cpp_initialize__aeabi_                  - Undefined Weak Reference
    __cxa_finalize                            - Undefined Weak Reference
    __rt_locale                               - Undefined Weak Reference
    __sigvec_lookup                           - Undefined Weak Reference
    _atexit_init                              - Undefined Weak Reference
    _call_atexit_fns                          - Undefined Weak Reference
    _clock_init                               - Undefined Weak Reference
    _fp_trap_init                             - Undefined Weak Reference
    _fp_trap_shutdown                         - Undefined Weak Reference
    _get_lc_collate                           - Undefined Weak Reference
    _get_lc_ctype                             - Undefined Weak Reference
    _get_lc_monetary                          - Undefined Weak Reference
    _get_lc_numeric                           - Undefined Weak Reference
    _get_lc_time                              - Undefined Weak Reference
    _getenv_init                              - Undefined Weak Reference
    _handle_redirection                       - Undefined Weak Reference
    _init_alloc                               - Undefined Weak Reference
    _init_user_alloc                          - Undefined Weak Reference
    _initio                                   - Undefined Weak Reference
    _printf_mbtowc                            - Undefined Weak Reference
    _printf_truncate_signed                   - Undefined Weak Reference
    _printf_truncate_unsigned                 - Undefined Weak Reference
    _rand_init                                - Undefined Weak Reference
    _signal_finish                            - Undefined Weak Reference
    _signal_init                              - Undefined Weak Reference
    _terminate_alloc                          - Undefined Weak Reference
    _terminate_user_alloc                     - Undefined Weak Reference
    _terminateio                              - Undefined Weak Reference
    Image$$Vector_region$$Base               0x00400000   Number         0  anon$$obj.o ABSOLUTE
    __vector_table                           0x00400000   Data         320  startup_sam.o(vectors)
    __main                                   0x00400141   Thumb Code     8  __main.o(!!!main)
    __scatterload                            0x00400149   Thumb Code     0  __scatter.o(!!!scatter)
    __scatterload_rt2                        0x00400149   Thumb Code    44  __scatter.o(!!!scatter)
    __scatterload_rt2_thumb_only             0x00400149   Thumb Code     0  __scatter.o(!!!scatter)
    __scatterload_null                       0x00400157   Thumb Code     0  __scatter.o(!!!scatter)
    __decompress                             0x0040017d   Thumb Code    90  __dczerorl2.o(!!dczerorl2)
    __decompress1                            0x0040017d   Thumb Code     0  __dczerorl2.o(!!dczerorl2)
    __scatterload_zeroinit                   0x004001d9   Thumb Code    28  __scatter_zi.o(!!handler_zi)
    _printf_d                                0x004001f5   Thumb Code     0  _printf_d.o(.ARM.Collect$$_printf_percent$$00000009)
    _printf_percent                          0x004001f5   Thumb Code     0  _printf_percent.o(.ARM.Collect$$_printf_percent$$00000000)
    _printf_u                                0x004001fb   Thumb Code     0  _printf_u.o(.ARM.Collect$$_printf_percent$$0000000A)
    _printf_x                                0x00400201   Thumb Code     0  _printf_x.o(.ARM.Collect$$_printf_percent$$0000000C)
    _printf_c                                0x00400207   Thumb Code     0  _printf_c.o(.ARM.Collect$$_printf_percent$$00000013)
    _printf_s                                0x0040020d   Thumb Code     0  _printf_s.o(.ARM.Collect$$_printf_percent$$00000014)
    _printf_percent_end                      0x00400213   Thumb Code     0  _printf_percent_end.o(.ARM.Collect$$_printf_percent$$00000017)
    __rt_lib_init                            0x00400217   Thumb Code     0  libinit.o(.ARM.Collect$$libinit$$00000000)
    __rt_lib_init_alloca_1                   0x00400219   Thumb Code     0  libinit2.o(.ARM.Collect$$libinit$$0000002E)
    __rt_lib_init_argv_1                     0x00400219   Thumb Code     0  libinit2.o(.ARM.Collect$$libinit$$0000002C)
    __rt_lib_init_atexit_1                   0x00400219   Thumb Code     0  libinit2.o(.ARM.Collect$$libinit$$0000001B)
    __rt_lib_init_clock_1                    0x00400219   Thumb Code     0  libinit2.o(.ARM.Collect$$libinit$$00000021)
    __rt_lib_init_cpp_1                      0x00400219   Thumb Code     0  libinit2.o(.ARM.Collect$$libinit$$00000032)
    __rt_lib_init_exceptions_1               0x00400219   Thumb Code     0  libinit2.o(.ARM.Collect$$libinit$$00000030)
    __rt_lib_init_fp_1                       0x00400219   Thumb Code     0  libinit2.o(.ARM.Collect$$libinit$$00000002)
    __rt_lib_init_fp_trap_1                  0x00400219   Thumb Code     0  libinit2.o(.ARM.Collect$$libinit$$0000001F)
    __rt_lib_init_getenv_1                   0x00400219   Thumb Code     0  libinit2.o(.ARM.Collect$$libinit$$00000023)
    __rt_lib_init_heap_1                     0x00400219   Thumb Code     0  libinit2.o(.ARM.Collect$$libinit$$0000000A)
    __rt_lib_init_lc_collate_1               0x00400219   Thumb Code     0  libinit2.o(.ARM.Collect$$libinit$$00000011)
    __rt_lib_init_lc_ctype_1                 0x00400219   Thumb Code     0  libinit2.o(.ARM.Collect$$libinit$$00000013)
    __rt_lib_init_lc_monetary_1              0x00400219   Thumb Code     0  libinit2.o(.ARM.Collect$$libinit$$00000015)
    __rt_lib_init_lc_numeric_1               0x00400219   Thumb Code     0  libinit2.o(.ARM.Collect$$libinit$$00000017)
    __rt_lib_init_lc_time_1                  0x00400219   Thumb Code     0  libinit2.o(.ARM.Collect$$libinit$$00000019)
    __rt_lib_init_preinit_1                  0x00400219   Thumb Code     0  libinit2.o(.ARM.Collect$$libinit$$00000004)
    __rt_lib_init_rand_1                     0x00400219   Thumb Code     0  libinit2.o(.ARM.Collect$$libinit$$0000000E)
    __rt_lib_init_return                     0x00400219   Thumb Code     0  libinit2.o(.ARM.Collect$$libinit$$00000033)
    __rt_lib_init_signal_1                   0x00400219   Thumb Code     0  libinit2.o(.ARM.Collect$$libinit$$0000001D)
    __rt_lib_init_stdio_1                    0x00400219   Thumb Code     0  libinit2.o(.ARM.Collect$$libinit$$00000025)
    __rt_lib_init_user_alloc_1               0x00400219   Thumb Code     0  libinit2.o(.ARM.Collect$$libinit$$0000000C)
    __rt_lib_shutdown                        0x0040021b   Thumb Code     0  libshutdown.o(.ARM.Collect$$libshutdown$$00000000)
    __rt_lib_shutdown_cpp_1                  0x0040021d   Thumb Code     0  libshutdown2.o(.ARM.Collect$$libshutdown$$00000002)
    __rt_lib_shutdown_fp_trap_1              0x0040021d   Thumb Code     0  libshutdown2.o(.ARM.Collect$$libshutdown$$00000007)
    __rt_lib_shutdown_heap_1                 0x0040021d   Thumb Code     0  libshutdown2.o(.ARM.Collect$$libshutdown$$0000000F)
    __rt_lib_shutdown_return                 0x0040021d   Thumb Code     0  libshutdown2.o(.ARM.Collect$$libshutdown$$00000010)
    __rt_lib_shutdown_signal_1               0x0040021d   Thumb Code     0  libshutdown2.o(.ARM.Collect$$libshutdown$$0000000A)
    __rt_lib_shutdown_stdio_1                0x0040021d   Thumb Code     0  libshutdown2.o(.ARM.Collect$$libshutdown$$00000004)
    __rt_lib_shutdown_user_alloc_1           0x0040021d   Thumb Code     0  libshutdown2.o(.ARM.Collect$$libshutdown$$0000000C)
    __rt_entry                               0x0040021f   Thumb Code     0  __rtentry.o(.ARM.Collect$$rtentry$$00000000)
    __rt_entry_presh_1                       0x0040021f   Thumb Code     0  __rtentry2.o(.ARM.Collect$$rtentry$$00000002)
    __rt_entry_sh                            0x0040021f   Thumb Code     0  __rtentry7.o(.ARM.Collect$$rtentry$$00000007)
    __rt_entry_li                            0x00400223   Thumb Code     0  __rtentry2.o(.ARM.Collect$$rtentry$$0000000A)
    __rt_entry_postsh_1                      0x00400223   Thumb Code     0  __rtentry2.o(.ARM.Collect$$rtentry$$00000009)
    __rt_entry_main                          0x00400227   Thumb Code     0  __rtentry2.o(.ARM.Collect$$rtentry$$0000000D)
    __rt_entry_postli_1                      0x00400227   Thumb Code     0  __rtentry2.o(.ARM.Collect$$rtentry$$0000000C)
    __rt_exit                                0x00400235   Thumb Code     0  rtexit.o(.ARM.Collect$$rtexit$$00000000)
    __rt_exit_ls                             0x00400237   Thumb Code     0  rtexit2.o(.ARM.Collect$$rtexit$$00000003)
    __rt_exit_prels_1                        0x00400237   Thumb Code     0  rtexit2.o(.ARM.Collect$$rtexit$$00000002)
    __rt_exit_exit                           0x0040023b   Thumb Code     0  rtexit2.o(.ARM.Collect$$rtexit$$00000004)
    __I$use$semihosting                      0x00400241   Thumb Code     0  use_no_semi.o(.text)
    __use_no_semihosting_swi                 0x00400241   Thumb Code     2  use_no_semi.o(.text)
    __2printf                                0x00400245   Thumb Code    20  __2printf.o(.text)
    __2snprintf                              0x0040025d   Thumb Code    50  __2snprintf.o(.text)
    _printf_pre_padding                      0x00400295   Thumb Code    44  _printf_pad.o(.text)
    _printf_post_padding                     0x004002c1   Thumb Code    34  _printf_pad.o(.text)
    _printf_str                              0x004002e3   Thumb Code    82  _printf_str.o(.text)
    _printf_int_dec                          0x00400335   Thumb Code   104  _printf_dec.o(.text)
    _printf_int_hex                          0x004003ad   Thumb Code    84  _printf_hex_int.o(.text)
    _printf_longlong_hex                     0x004003ad   Thumb Code     0  _printf_hex_int.o(.text)
    __printf                                 0x00400405   Thumb Code   308  __printf_flags_wp.o(.text)
    __aeabi_assert                           0x0040053d   Thumb Code    86  assert.o(.text)
    __assert                                 0x0040053d   Thumb Code     0  assert.o(.text)
    strchr                                   0x004005bd   Thumb Code    20  strchr.o(.text)
    strcpy                                   0x004005d1   Thumb Code    72  strcpy.o(.text)
    strrchr                                  0x00400619   Thumb Code    22  strrchr.o(.text)
    strlen                                   0x0040062f   Thumb Code    62  strlen.o(.text)
    strncmp                                  0x0040066d   Thumb Code   150  strncmp.o(.text)
    __aeabi_memcpy                           0x00400703   Thumb Code     0  rt_memcpy_v6.o(.text)
    __rt_memcpy                              0x00400703   Thumb Code   138  rt_memcpy_v6.o(.text)
    _memcpy_lastbytes                        0x00400769   Thumb Code     0  rt_memcpy_v6.o(.text)
    __aeabi_memcpy4                          0x0040078d   Thumb Code     0  rt_memcpy_w.o(.text)
    __aeabi_memcpy8                          0x0040078d   Thumb Code     0  rt_memcpy_w.o(.text)
    __rt_memcpy_w                            0x0040078d   Thumb Code   100  rt_memcpy_w.o(.text)
    _memcpy_lastbytes_aligned                0x004007d5   Thumb Code     0  rt_memcpy_w.o(.text)
    __aeabi_memset                           0x004007f1   Thumb Code    16  aeabi_memset.o(.text)
    __aeabi_memclr                           0x00400801   Thumb Code     0  rt_memclr.o(.text)
    __rt_memclr                              0x00400801   Thumb Code    68  rt_memclr.o(.text)
    _memset                                  0x00400805   Thumb Code     0  rt_memclr.o(.text)
    __aeabi_memclr4                          0x00400845   Thumb Code     0  rt_memclr_w.o(.text)
    __aeabi_memclr8                          0x00400845   Thumb Code     0  rt_memclr_w.o(.text)
    __rt_memclr_w                            0x00400845   Thumb Code    78  rt_memclr_w.o(.text)
    _memset_w                                0x00400849   Thumb Code     0  rt_memclr_w.o(.text)
    strncpy                                  0x00400893   Thumb Code    86  strncpy.o(.text)
    _printf_int_common                       0x004008e9   Thumb Code   178  _printf_intcommon.o(.text)
    _printf_char_common                      0x004009a7   Thumb Code    32  _printf_char_common.o(.text)
    _sputc                                   0x004009cd   Thumb Code    10  _sputc.o(.text)
    _snputc                                  0x004009d7   Thumb Code    16  _snputc.o(.text)
    _printf_cs_common                        0x004009e7   Thumb Code    20  _printf_char.o(.text)
    _printf_char                             0x004009fb   Thumb Code    16  _printf_char.o(.text)
    _printf_string                           0x00400a0b   Thumb Code     8  _printf_char.o(.text)
    _printf_char_file                        0x00400a15   Thumb Code    32  _printf_char_file.o(.text)
    abort                                    0x00400a39   Thumb Code    22  abort.o(.text)
    __rt_SIGABRT                             0x00400a4f   Thumb Code    14  defsig_abrt_outer.o(.text)
    exit                                     0x00400a5d   Thumb Code    18  exit.o(.text)
    __sig_exit                               0x00400a6f   Thumb Code    10  defsig_exit.o(.text)
    __rt_SIGABRT_inner                       0x00400a79   Thumb Code    14  defsig_abrt_inner.o(.text)
    __default_signal_display                 0x00400aa9   Thumb Code    50  defsig_general.o(.text)
    BusFault_Handler                         0x00400add   Thumb Code    56  exceptions.o(i.BusFault_Handler)
    DBG_Configure                            0x00400b35   Thumb Code    96  dbg_console.o(i.DBG_Configure)
    DBG_PutChar                              0x00400bad   Thumb Code    50  dbg_console.o(i.DBG_PutChar)
    ACC_Handler                              0x00400bed   Thumb Code     0  startup_sam.o(i.Dummy_Handler)
    AES_Handler                              0x00400bed   Thumb Code     0  startup_sam.o(i.Dummy_Handler)
    AFEC0_Handler                            0x00400bed   Thumb Code     0  startup_sam.o(i.Dummy_Handler)
    AFEC1_Handler                            0x00400bed   Thumb Code     0  startup_sam.o(i.Dummy_Handler)
    CCF_Handler                              0x00400bed   Thumb Code     0  startup_sam.o(i.Dummy_Handler)
    CCW_Handler                              0x00400bed   Thumb Code     0  startup_sam.o(i.Dummy_Handler)
    DACC_Handler                             0x00400bed   Thumb Code     0  startup_sam.o(i.Dummy_Handler)
    DebugMon_Handler                         0x00400bed   Thumb Code     0  startup_sam.o(i.Dummy_Handler)
    Dummy_Handler                            0x00400bed   Thumb Code    10  startup_sam.o(i.Dummy_Handler)
    EFC_Handler                              0x00400bed   Thumb Code     0  startup_sam.o(i.Dummy_Handler)
    FPU_Handler                              0x00400bed   Thumb Code     0  startup_sam.o(i.Dummy_Handler)
    GMACQ1_Handler                           0x00400bed   Thumb Code     0  startup_sam.o(i.Dummy_Handler)
    GMACQ2_Handler                           0x00400bed   Thumb Code     0  startup_sam.o(i.Dummy_Handler)
    HSMCI_Handler                            0x00400bed   Thumb Code     0  startup_sam.o(i.Dummy_Handler)
    ICM_Handler                              0x00400bed   Thumb Code     0  startup_sam.o(i.Dummy_Handler)
    ISI_Handler                              0x00400bed   Thumb Code     0  startup_sam.o(i.Dummy_Handler)
    MCAN0_Handler                            0x00400bed   Thumb Code     0  startup_sam.o(i.Dummy_Handler)
    MCAN0_Line1_Handler                      0x00400bed   Thumb Code     0  startup_sam.o(i.Dummy_Handler)
    MCAN1_Handler                            0x00400bed   Thumb Code     0  startup_sam.o(i.Dummy_Handler)
    MCAN1_Line1_Handler                      0x00400bed   Thumb Code     0  startup_sam.o(i.Dummy_Handler)
    MLB_Handler                              0x00400bed   Thumb Code     0  startup_sam.o(i.Dummy_Handler)
    PMC_Handler                              0x00400bed   Thumb Code     0  startup_sam.o(i.Dummy_Handler)
    PWM0_Handler                             0x00400bed   Thumb Code     0  startup_sam.o(i.Dummy_Handler)
    PWM1_Handler                             0x00400bed   Thumb Code     0  startup_sam.o(i.Dummy_Handler)
    PendSV_Handler                           0x00400bed   Thumb Code     0  startup_sam.o(i.Dummy_Handler)
    QSPI_Handler                             0x00400bed   Thumb Code     0  startup_sam.o(i.Dummy_Handler)
    RSTC_Handler                             0x00400bed   Thumb Code     0  startup_sam.o(i.Dummy_Handler)
    RSWDT_Handler                            0x00400bed   Thumb Code     0  startup_sam.o(i.Dummy_Handler)
    RTC_Handler                              0x00400bed   Thumb Code     0  startup_sam.o(i.Dummy_Handler)
    RTT_Handler                              0x00400bed   Thumb Code     0  startup_sam.o(i.Dummy_Handler)
    SDRAMC_Handler                           0x00400bed   Thumb Code     0  startup_sam.o(i.Dummy_Handler)
    SPI0_Handler                             0x00400bed   Thumb Code     0  startup_sam.o(i.Dummy_Handler)
    SPI1_Handler                             0x00400bed   Thumb Code     0  startup_sam.o(i.Dummy_Handler)
    SSC_Handler                              0x00400bed   Thumb Code     0  startup_sam.o(i.Dummy_Handler)
    SUPC_Handler                             0x00400bed   Thumb Code     0  startup_sam.o(i.Dummy_Handler)
    SVC_Handler                              0x00400bed   Thumb Code     0  startup_sam.o(i.Dummy_Handler)
    TC10_Handler                             0x00400bed   Thumb Code     0  startup_sam.o(i.Dummy_Handler)
    TC11_Handler                             0x00400bed   Thumb Code     0  startup_sam.o(i.Dummy_Handler)
    TC1_Handler                              0x00400bed   Thumb Code     0  startup_sam.o(i.Dummy_Handler)
    TC2_Handler                              0x00400bed   Thumb Code     0  startup_sam.o(i.Dummy_Handler)
    TC3_Handler                              0x00400bed   Thumb Code     0  startup_sam.o(i.Dummy_Handler)
    TC4_Handler                              0x00400bed   Thumb Code     0  startup_sam.o(i.Dummy_Handler)
    TC5_Handler                              0x00400bed   Thumb Code     0  startup_sam.o(i.Dummy_Handler)
    TC6_Handler                              0x00400bed   Thumb Code     0  startup_sam.o(i.Dummy_Handler)
    TC7_Handler                              0x00400bed   Thumb Code     0  startup_sam.o(i.Dummy_Handler)
    TC8_Handler                              0x00400bed   Thumb Code     0  startup_sam.o(i.Dummy_Handler)
    TC9_Handler                              0x00400bed   Thumb Code     0  startup_sam.o(i.Dummy_Handler)
    TRNG_Handler                             0x00400bed   Thumb Code     0  startup_sam.o(i.Dummy_Handler)
    TWIHS0_Handler                           0x00400bed   Thumb Code     0  startup_sam.o(i.Dummy_Handler)
    TWIHS1_Handler                           0x00400bed   Thumb Code     0  startup_sam.o(i.Dummy_Handler)
    TWIHS2_Handler                           0x00400bed   Thumb Code     0  startup_sam.o(i.Dummy_Handler)
    UART0_Handler                            0x00400bed   Thumb Code     0  startup_sam.o(i.Dummy_Handler)
    UART1_Handler                            0x00400bed   Thumb Code     0  startup_sam.o(i.Dummy_Handler)
    UART2_Handler                            0x00400bed   Thumb Code     0  startup_sam.o(i.Dummy_Handler)
    UART3_Handler                            0x00400bed   Thumb Code     0  startup_sam.o(i.Dummy_Handler)
    UART4_Handler                            0x00400bed   Thumb Code     0  startup_sam.o(i.Dummy_Handler)
    USART0_Handler                           0x00400bed   Thumb Code     0  startup_sam.o(i.Dummy_Handler)
    USART1_Handler                           0x00400bed   Thumb Code     0  startup_sam.o(i.Dummy_Handler)
    USART2_Handler                           0x00400bed   Thumb Code     0  startup_sam.o(i.Dummy_Handler)
    USBHS_Handler                            0x00400bed   Thumb Code     0  startup_sam.o(i.Dummy_Handler)
    WDT_Handler                              0x00400bed   Thumb Code     0  startup_sam.o(i.Dummy_Handler)
    XDMAC_Handler                            0x00400bed   Thumb Code     0  startup_sam.o(i.Dummy_Handler)
    GMACB_AutoNegotiate                      0x00400c15   Thumb Code   458  gmacb_phy.o(i.GMACB_AutoNegotiate)
    GMACB_DumpRegisters                      0x00400e95   Thumb Code   300  gmacb_phy.o(i.GMACB_DumpRegisters)
    GMACB_Init                               0x0040120d   Thumb Code    10  gmacb_phy.o(i.GMACB_Init)
    GMACB_InitPhy                            0x0040121d   Thumb Code   146  gmacb_phy.o(i.GMACB_InitPhy)
    GMACB_ResetPhy                           0x0040137d   Thumb Code   110  gmacb_phy.o(i.GMACB_ResetPhy)
    GMACD_Handler                            0x00401491   Thumb Code   592  gmacd.o(i.GMACD_Handler)
    GMACD_Init                               0x004016fd   Thumb Code   126  gmacd.o(i.GMACD_Init)
    GMACD_InitTransfer                       0x00401781   Thumb Code   502  gmacd.o(i.GMACD_InitTransfer)
    GMACD_Poll                               0x00401979   Thumb Code   762  gmacd.o(i.GMACD_Poll)
    GMACD_Send                               0x00401e09   Thumb Code   120  gmacd.o(i.GMACD_Send)
    GMACD_SendSG                             0x00401e8d   Thumb Code   482  gmacd.o(i.GMACD_SendSG)
    GMAC_ClearRxStatus                       0x0040247f   Thumb Code     4  gmac.o(i.GMAC_ClearRxStatus)
    GMAC_ClearStatistics                     0x00402483   Thumb Code    10  gmac.o(i.GMAC_ClearStatistics)
    GMAC_ClearTxStatus                       0x0040248d   Thumb Code     4  gmac.o(i.GMAC_ClearTxStatus)
    GMAC_Configure                           0x00402491   Thumb Code     4  gmac.o(i.GMAC_Configure)
    GMAC_DisableAllQueueIt                   0x00402495   Thumb Code    14  gmac.o(i.GMAC_DisableAllQueueIt)
    GMAC_DisableMdio                         0x004024a3   Thumb Code    26  gmac.o(i.GMAC_DisableMdio)
    GMAC_EnableIt                            0x004024bd   Thumb Code    20  gmac.o(i.GMAC_EnableIt)
    GMAC_EnableMdio                          0x004024d1   Thumb Code    26  gmac.o(i.GMAC_EnableMdio)
    GMAC_EnableRGMII                         0x004024eb   Thumb Code    84  gmac.o(i.GMAC_EnableRGMII)
    GMAC_GetItStatus                         0x0040253f   Thumb Code    20  gmac.o(i.GMAC_GetItStatus)
    GMAC_GetRxStatus                         0x00402553   Thumb Code     6  gmac.o(i.GMAC_GetRxStatus)
    GMAC_GetTxEvtFrameNsec                   0x00402559   Thumb Code     8  gmac.o(i.GMAC_GetTxEvtFrameNsec)
    GMAC_GetTxEvtFrameSec                    0x00402561   Thumb Code     8  gmac.o(i.GMAC_GetTxEvtFrameSec)
    GMAC_GetTxPeerEvtFrameNsec               0x00402569   Thumb Code     8  gmac.o(i.GMAC_GetTxPeerEvtFrameNsec)
    GMAC_GetTxPeerEvtFrameSec                0x00402571   Thumb Code     8  gmac.o(i.GMAC_GetTxPeerEvtFrameSec)
    GMAC_GetTxStatus                         0x00402579   Thumb Code     6  gmac.o(i.GMAC_GetTxStatus)
    GMAC_Handler                             0x00402581   Thumb Code    12  gmac_tapdev.o(i.GMAC_Handler)
    GMAC_IsIdle                              0x00402591   Thumb Code    10  gmac.o(i.GMAC_IsIdle)
    GMAC_NetworkControl                      0x0040259b   Thumb Code     4  gmac.o(i.GMAC_NetworkControl)
    GMAC_PHYData                             0x0040259f   Thumb Code    20  gmac.o(i.GMAC_PHYData)
    GMAC_PHYMaintain                         0x004025b3   Thumb Code    68  gmac.o(i.GMAC_PHYMaintain)
    GMAC_ReceiveEnable                       0x004025f7   Thumb Code    22  gmac.o(i.GMAC_ReceiveEnable)
    GMAC_SetAddress                          0x0040260d   Thumb Code    50  gmac.o(i.GMAC_SetAddress)
    GMAC_SetDMAConfig                        0x0040263f   Thumb Code    20  gmac.o(i.GMAC_SetDMAConfig)
    GMAC_SetMdcClock                         0x00402655   Thumb Code   104  gmac.o(i.GMAC_SetMdcClock)
    GMAC_SetRxQueue                          0x004026f1   Thumb Code    28  gmac.o(i.GMAC_SetRxQueue)
    GMAC_SetTxQueue                          0x0040270d   Thumb Code    28  gmac.o(i.GMAC_SetTxQueue)
    GMAC_StatisticsWriteEnable               0x00402729   Thumb Code    22  gmac.o(i.GMAC_StatisticsWriteEnable)
    GMAC_TransmissionHalt                    0x0040273f   Thumb Code    10  gmac.o(i.GMAC_TransmissionHalt)
    GMAC_TransmissionStart                   0x00402749   Thumb Code    10  gmac.o(i.GMAC_TransmissionStart)
    GMAC_TransmitEnable                      0x00402753   Thumb Code    22  gmac.o(i.GMAC_TransmitEnable)
    GetDelayInTicks                          0x00402769   Thumb Code    42  timetick.o(i.GetDelayInTicks)
    GetTicks                                 0x004027dd   Thumb Code    26  timetick.o(i.GetTicks)
    HardFault_Handler                        0x00402845   Thumb Code    54  exceptions.o(i.HardFault_Handler)
    LowLevelInit                             0x00402919   Thumb Code    12  board_lowlevel.o(i.LowLevelInit)
    MPU_CalMPURegionSize                     0x00402925   Thumb Code    28  mpu.o(i.MPU_CalMPURegionSize)
    MPU_Enable                               0x00402941   Thumb Code     6  mpu.o(i.MPU_Enable)
    MPU_SetRegion                            0x0040294d   Thumb Code    10  mpu.o(i.MPU_SetRegion)
    MemManage_Handler                        0x0040295d   Thumb Code    52  exceptions.o(i.MemManage_Handler)
    NMI_Handler                              0x004029c1   Thumb Code    10  exceptions.o(i.NMI_Handler)
    PIOA_Handler                             0x004029e9   Thumb Code    12  pio_it.o(i.PIOA_Handler)
    PIOB_Handler                             0x004029f9   Thumb Code    12  pio_it.o(i.PIOB_Handler)
    PIOC_Handler                             0x00402a09   Thumb Code    12  pio_it.o(i.PIOC_Handler)
    PIOD_Handler                             0x00402a19   Thumb Code    12  pio_it.o(i.PIOD_Handler)
    PIOE_Handler                             0x00402a29   Thumb Code    12  pio_it.o(i.PIOE_Handler)
    PIO_Clear                                0x00402a39   Thumb Code     8  pio.o(i.PIO_Clear)
    PIO_Configure                            0x00402a41   Thumb Code   166  pio.o(i.PIO_Configure)
    PIO_Set                                  0x00402ae7   Thumb Code     8  pio.o(i.PIO_Set)
    PMC_EnablePeripheral                     0x00402bd9   Thumb Code    88  pmc.o(i.PMC_EnablePeripheral)
    PioInterruptHandler                      0x00402c6d   Thumb Code   100  pio_it.o(i.PioInterruptHandler)
    Reset_Handler                            0x00402d1d   Thumb Code   126  startup_sam.o(i.Reset_Handler)
    SysTick_Handler                          0x00402ef1   Thumb Code    66  timetick.o(i.SysTick_Handler)
    SystemInit                               0x00402f41   Thumb Code   242  system_samv71.o(i.SystemInit)
    TC0_Handler                              0x0040305d   Thumb Code    20  clock-arch.o(i.TC0_Handler)
    TC_Configure                             0x00403079   Thumb Code    46  tc.o(i.TC_Configure)
    TC_FindMckDivisor                        0x004030d9   Thumb Code   110  tc.o(i.TC_FindMckDivisor)
    TC_Start                                 0x0040314d   Thumb Code    32  tc.o(i.TC_Start)
    TWID_Initialize                          0x0040319d   Thumb Code    42  twid.o(i.TWID_Initialize)
    TWID_Read                                0x00403215   Thumb Code   310  twid.o(i.TWID_Read)
    TWI_ByteReceived                         0x00403431   Thumb Code    10  twi.o(i.TWI_ByteReceived)
    TWI_ConfigureMaster                      0x0040343d   Thumb Code   106  twi.o(i.TWI_ConfigureMaster)
    TWI_EnableIt                             0x004034e9   Thumb Code    46  twi.o(i.TWI_EnableIt)
    TWI_ReadByte                             0x00403571   Thumb Code    24  twi.o(i.TWI_ReadByte)
    TWI_StartRead                            0x004035c5   Thumb Code   128  twi.o(i.TWI_StartRead)
    TWI_Stop                                 0x004036c9   Thumb Code    24  twi.o(i.TWI_Stop)
    TWI_TransferComplete                     0x0040371d   Thumb Code    10  twi.o(i.TWI_TransferComplete)
    TimeTick_Configure                       0x00403729   Thumb Code   164  timetick.o(i.TimeTick_Configure)
    UsageFault_Handler                       0x00403841   Thumb Code    52  exceptions.o(i.UsageFault_Handler)
    WDT_Disable                              0x00403895   Thumb Code     8  wdt.o(i.WDT_Disable)
    Wait                                     0x0040389d   Thumb Code    48  timetick.o(i.Wait)
    _SetupMemoryRegion                       0x00403919   Thumb Code   310  board_lowlevel.o(i._SetupMemoryRegion)
    __assert_puts                            0x00403a9d   Thumb Code    14  retarget.o(i.__assert_puts)
    _is_digit                                0x00403afd   Thumb Code    14  __printf_wp.o(i._is_digit)
    _sys_exit                                0x00403b0b   Thumb Code     4  retarget.o(i._sys_exit)
    _ttywrch                                 0x00403b0f   Thumb Code    12  retarget.o(i._ttywrch)
    clock_init                               0x00403bcd   Thumb Code   116  clock-arch.o(i.clock_init)
    clock_time                               0x00403c51   Thumb Code     6  clock-arch.o(i.clock_time)
    ferror                                   0x00403cb9   Thumb Code     8  retarget.o(i.ferror)
    fputc                                    0x00403d21   Thumb Code    34  retarget.o(i.fputc)
    gmac_tapdev_init                         0x00403ead   Thumb Code   322  gmac_tapdev.o(i.gmac_tapdev_init)
    gmac_tapdev_read                         0x00404085   Thumb Code    32  gmac_tapdev.o(i.gmac_tapdev_read)
    gmac_tapdev_send                         0x004040ad   Thumb Code    34  gmac_tapdev.o(i.gmac_tapdev_send)
    gmac_tapdev_setmac                       0x004040f5   Thumb Code    28  gmac_tapdev.o(i.gmac_tapdev_setmac)
    htons                                    0x004044cd   Thumb Code    12  uip.o(i.htons)
    httpd_appcall                            0x004044d9   Thumb Code   154  httpd.o(i.httpd_appcall)
    httpd_cgi                                0x0040457d   Thumb Code    50  httpd-cgi.o(i.httpd_cgi)
    httpd_fs_count                           0x004045b9   Thumb Code    42  httpd-fs.o(i.httpd_fs_count)
    httpd_fs_open                            0x004045ed   Thumb Code    66  httpd-fs.o(i.httpd_fs_open)
    httpd_init                               0x00404669   Thumb Code    12  httpd.o(i.httpd_init)
    main                                     0x00404675   Thumb Code   868  main.o(i.main)
    psock_datalen                            0x00404bb7   Thumb Code    12  psock.o(i.psock_datalen)
    psock_generator_send                     0x00404bc5   Thumb Code   130  psock.o(i.psock_generator_send)
    psock_init                               0x00404c51   Thumb Code    40  psock.o(i.psock_init)
    psock_newdata                            0x00404c79   Thumb Code    48  psock.o(i.psock_newdata)
    psock_readto                             0x00404cad   Thumb Code   138  psock.o(i.psock_readto)
    psock_send                               0x00404d41   Thumb Code   108  psock.o(i.psock_send)
    timer_expired                            0x004050fd   Thumb Code    26  timer.o(i.timer_expired)
    timer_reset                              0x00405117   Thumb Code    10  timer.o(i.timer_reset)
    timer_set                                0x00405121   Thumb Code    16  timer.o(i.timer_set)
    uip_add32                                0x00405131   Thumb Code   106  uip.o(i.uip_add32)
    uip_arp_arpin                            0x004051e5   Thumb Code   216  uip_arp.o(i.uip_arp_arpin)
    uip_arp_out                              0x004052cd   Thumb Code   366  uip_arp.o(i.uip_arp_out)
    uip_arp_timer                            0x0040546d   Thumb Code    76  uip_arp.o(i.uip_arp_timer)
    uip_init                                 0x004055e9   Thumb Code    96  uip.o(i.uip_init)
    uip_ipchksum                             0x00405659   Thumb Code    30  uip.o(i.uip_ipchksum)
    uip_listen                               0x0040567d   Thumb Code    54  uip.o(i.uip_listen)
    uip_log                                  0x004056bd   Thumb Code    14  main.o(i.uip_log)
    uip_process                              0x004056e1   Thumb Code  4002  uip.o(i.uip_process)
    uip_send                                 0x0040669d   Thumb Code    38  uip.o(i.uip_send)
    uip_tcpchksum                            0x004066cd   Thumb Code    10  uip.o(i.uip_tcpchksum)
    isrMasks                                 0x00406758   Data          16  gmacd.o(.constdata)
    file_processes_shtml                     0x00407b74   Data          20  httpd-fs.o(.constdata)
    file_404_html                            0x00407b88   Data          20  httpd-fs.o(.constdata)
    file_files_shtml                         0x00407b9c   Data          20  httpd-fs.o(.constdata)
    file_footer_html                         0x00407bb0   Data          20  httpd-fs.o(.constdata)
    file_header_html                         0x00407bc4   Data          20  httpd-fs.o(.constdata)
    file_index_html                          0x00407bd8   Data          20  httpd-fs.o(.constdata)
    file_style_css                           0x00407bec   Data          20  httpd-fs.o(.constdata)
    file_tcp_shtml                           0x00407c00   Data          20  httpd-fs.o(.constdata)
    file_fade_png                            0x00407c14   Data          20  httpd-fs.o(.constdata)
    file_stats_shtml                         0x00407c28   Data          20  httpd-fs.o(.constdata)
    http_http                                0x00407c3c   Data           8  http-strings.o(.constdata)
    http_200                                 0x00407c44   Data           5  http-strings.o(.constdata)
    http_301                                 0x00407c49   Data           5  http-strings.o(.constdata)
    http_302                                 0x00407c4e   Data           5  http-strings.o(.constdata)
    http_get                                 0x00407c53   Data           5  http-strings.o(.constdata)
    http_10                                  0x00407c58   Data           9  http-strings.o(.constdata)
    http_11                                  0x00407c61   Data           9  http-strings.o(.constdata)
    http_content_type                        0x00407c6a   Data          15  http-strings.o(.constdata)
    http_texthtml                            0x00407c79   Data          10  http-strings.o(.constdata)
    http_location                            0x00407c83   Data          11  http-strings.o(.constdata)
    http_host                                0x00407c8e   Data           7  http-strings.o(.constdata)
    http_crnl                                0x00407c95   Data           3  http-strings.o(.constdata)
    http_index_html                          0x00407c98   Data          12  http-strings.o(.constdata)
    http_404_html                            0x00407ca4   Data          10  http-strings.o(.constdata)
    http_referer                             0x00407cae   Data           9  http-strings.o(.constdata)
    http_header_200                          0x00407cb7   Data          84  http-strings.o(.constdata)
    http_header_404                          0x00407d0b   Data          91  http-strings.o(.constdata)
    http_content_type_plain                  0x00407d66   Data          29  http-strings.o(.constdata)
    http_content_type_html                   0x00407d83   Data          28  http-strings.o(.constdata)
    http_content_type_css                    0x00407d9f   Data          27  http-strings.o(.constdata)
    http_content_type_text                   0x00407dba   Data          28  http-strings.o(.constdata)
    http_content_type_png                    0x00407dd6   Data          28  http-strings.o(.constdata)
    http_content_type_gif                    0x00407df2   Data          28  http-strings.o(.constdata)
    http_content_type_jpg                    0x00407e0e   Data          29  http-strings.o(.constdata)
    http_content_type_binary                 0x00407e2b   Data          43  http-strings.o(.constdata)
    http_html                                0x00407e56   Data           6  http-strings.o(.constdata)
    http_shtml                               0x00407e5c   Data           7  http-strings.o(.constdata)
    http_htm                                 0x00407e63   Data           5  http-strings.o(.constdata)
    http_css                                 0x00407e68   Data           5  http-strings.o(.constdata)
    http_png                                 0x00407e6d   Data           5  http-strings.o(.constdata)
    http_gif                                 0x00407e72   Data           5  http-strings.o(.constdata)
    http_jpg                                 0x00407e77   Data           5  http-strings.o(.constdata)
    http_text                                0x00407e7c   Data           5  http-strings.o(.constdata)
    http_txt                                 0x00407e81   Data           5  http-strings.o(.constdata)
    Region$$Table$$Base                      0x0040801c   Number         0  anon$$obj.o(Region$$Table)
    Region$$Table$$Limit                     0x0040804c   Number         0  anon$$obj.o(Region$$Table)
    __stdout                                 0x20400044   Data           4  retarget.o(.data)
    __stderr                                 0x20400048   Data           4  retarget.o(.data)
    SystemCoreClock                          0x2040004c   Data           4  system_samv71.o(.data)
    ptpTxQueWriteIdx                         0x20400055   Data           1  gmacd.o(.data)
    ptpTxQueReadIdx                          0x20400056   Data           1  gmacd.o(.data)
    gPtpMsgTxQue                             0x20400057   Data           1  gmacd.o(.data)
    gPtpMsgTxSeqId                           0x20400058   Data           2  gmacd.o(.data)
    twi_send_stop                            0x20400064   Data           4  twi.o(.data)
    uip_hostaddr                             0x204000f0   Data           4  uip.o(.data)
    uip_draddr                               0x204000f4   Data           4  uip.o(.data)
    uip_netmask                              0x204000f8   Data           4  uip.o(.data)
    uip_ethaddr                              0x204000fc   Data           6  uip.o(.data)
    uip_appdata                              0x20400104   Data           4  uip.o(.data)
    uip_sappdata                             0x20400108   Data           4  uip.o(.data)
    uip_len                                  0x2040010c   Data           2  uip.o(.data)
    uip_slen                                 0x2040010e   Data           2  uip.o(.data)
    uip_flags                                0x20400110   Data           1  uip.o(.data)
    uip_conn                                 0x20400114   Data           4  uip.o(.data)
    uip_acc32                                0x20400120   Data           4  uip.o(.data)
    DelayTimer                               0x20400168   Data          16  timetick.o(.bss)
    uip_buf                                  0x20418ae0   Data        1502  uip.o(.bss)
    uip_conns                                0x204190c0   Data        8160  uip.o(.bss)
    uip_listenports                          0x2041b0a0   Data          80  uip.o(.bss)
    uip_stat                                 0x2041b0f0   Data          44  uip.o(.bss)
    Image$$ARM_LIB_HEAP$$ZI$$Base            0x2041b180   Number         0  anon$$obj.o ABSOLUTE
    Image$$ARM_LIB_HEAP$$ZI$$Limit           0x2041c180   Number         0  anon$$obj.o ABSOLUTE
    Image$$ARM_LIB_STACK$$ZI$$Limit          0x2041e180   Number         0  anon$$obj.o ABSOLUTE



==============================================================================

Memory Map of the image

  Image Entry point : 0x00400141

  Load Region LR_IROM1 (Base: 0x00400000, Size: 0x000083b0, Max: 0x00200000, ABSOLUTE, COMPRESSED[0x00008098])

    Execution Region Vector_region (Base: 0x00400000, Size: 0x00000140, Max: 0xffffffff, ABSOLUTE)

    Base Addr    Size         Type   Attr      Idx    E Section Name        Object

    0x00400000   0x00000140   Data   RO         2178    vectors             startup_sam.o


    Execution Region ROM (Base: 0x00400140, Size: 0x00007f0c, Max: 0xffffffff, ABSOLUTE)

    Base Addr    Size         Type   Attr      Idx    E Section Name        Object

    0x00400140   0x00000008   Code   RO         4382  * !!!main             c_w.l(__main.o)
    0x00400148   0x00000034   Code   RO         4567    !!!scatter          c_w.l(__scatter.o)
    0x0040017c   0x0000005a   Code   RO         4565    !!dczerorl2         c_w.l(__dczerorl2.o)
    0x004001d6   0x00000002   PAD
    0x004001d8   0x0000001c   Code   RO         4569    !!handler_zi        c_w.l(__scatter_zi.o)
    0x004001f4   0x00000000   Code   RO         4357    .ARM.Collect$$_printf_percent$$00000000  c_w.l(_printf_percent.o)
    0x004001f4   0x00000006   Code   RO         4355    .ARM.Collect$$_printf_percent$$00000009  c_w.l(_printf_d.o)
    0x004001fa   0x00000006   Code   RO         4356    .ARM.Collect$$_printf_percent$$0000000A  c_w.l(_printf_u.o)
    0x00400200   0x00000006   Code   RO         4354    .ARM.Collect$$_printf_percent$$0000000C  c_w.l(_printf_x.o)
    0x00400206   0x00000006   Code   RO         4352    .ARM.Collect$$_printf_percent$$00000013  c_w.l(_printf_c.o)
    0x0040020c   0x00000006   Code   RO         4353    .ARM.Collect$$_printf_percent$$00000014  c_w.l(_printf_s.o)
    0x00400212   0x00000004   Code   RO         4397    .ARM.Collect$$_printf_percent$$00000017  c_w.l(_printf_percent_end.o)
    0x00400216   0x00000002   Code   RO         4441    .ARM.Collect$$libinit$$00000000  c_w.l(libinit.o)
    0x00400218   0x00000000   Code   RO         4454    .ARM.Collect$$libinit$$00000002  c_w.l(libinit2.o)
    0x00400218   0x00000000   Code   RO         4456    .ARM.Collect$$libinit$$00000004  c_w.l(libinit2.o)
    0x00400218   0x00000000   Code   RO         4459    .ARM.Collect$$libinit$$0000000A  c_w.l(libinit2.o)
    0x00400218   0x00000000   Code   RO         4461    .ARM.Collect$$libinit$$0000000C  c_w.l(libinit2.o)
    0x00400218   0x00000000   Code   RO         4463    .ARM.Collect$$libinit$$0000000E  c_w.l(libinit2.o)
    0x00400218   0x00000000   Code   RO         4466    .ARM.Collect$$libinit$$00000011  c_w.l(libinit2.o)
    0x00400218   0x00000000   Code   RO         4468    .ARM.Collect$$libinit$$00000013  c_w.l(libinit2.o)
    0x00400218   0x00000000   Code   RO         4470    .ARM.Collect$$libinit$$00000015  c_w.l(libinit2.o)
    0x00400218   0x00000000   Code   RO         4472    .ARM.Collect$$libinit$$00000017  c_w.l(libinit2.o)
    0x00400218   0x00000000   Code   RO         4474    .ARM.Collect$$libinit$$00000019  c_w.l(libinit2.o)
    0x00400218   0x00000000   Code   RO         4476    .ARM.Collect$$libinit$$0000001B  c_w.l(libinit2.o)
    0x00400218   0x00000000   Code   RO         4478    .ARM.Collect$$libinit$$0000001D  c_w.l(libinit2.o)
    0x00400218   0x00000000   Code   RO         4480    .ARM.Collect$$libinit$$0000001F  c_w.l(libinit2.o)
    0x00400218   0x00000000   Code   RO         4482    .ARM.Collect$$libinit$$00000021  c_w.l(libinit2.o)
    0x00400218   0x00000000   Code   RO         4484    .ARM.Collect$$libinit$$00000023  c_w.l(libinit2.o)
    0x00400218   0x00000000   Code   RO         4486    .ARM.Collect$$libinit$$00000025  c_w.l(libinit2.o)
    0x00400218   0x00000000   Code   RO         4490    .ARM.Collect$$libinit$$0000002C  c_w.l(libinit2.o)
    0x00400218   0x00000000   Code   RO         4492    .ARM.Collect$$libinit$$0000002E  c_w.l(libinit2.o)
    0x00400218   0x00000000   Code   RO         4494    .ARM.Collect$$libinit$$00000030  c_w.l(libinit2.o)
    0x00400218   0x00000000   Code   RO         4496    .ARM.Collect$$libinit$$00000032  c_w.l(libinit2.o)
    0x00400218   0x00000002   Code   RO         4497    .ARM.Collect$$libinit$$00000033  c_w.l(libinit2.o)
    0x0040021a   0x00000002   Code   RO         4538    .ARM.Collect$$libshutdown$$00000000  c_w.l(libshutdown.o)
    0x0040021c   0x00000000   Code   RO         4548    .ARM.Collect$$libshutdown$$00000002  c_w.l(libshutdown2.o)
    0x0040021c   0x00000000   Code   RO         4550    .ARM.Collect$$libshutdown$$00000004  c_w.l(libshutdown2.o)
    0x0040021c   0x00000000   Code   RO         4553    .ARM.Collect$$libshutdown$$00000007  c_w.l(libshutdown2.o)
    0x0040021c   0x00000000   Code   RO         4556    .ARM.Collect$$libshutdown$$0000000A  c_w.l(libshutdown2.o)
    0x0040021c   0x00000000   Code   RO         4558    .ARM.Collect$$libshutdown$$0000000C  c_w.l(libshutdown2.o)
    0x0040021c   0x00000000   Code   RO         4561    .ARM.Collect$$libshutdown$$0000000F  c_w.l(libshutdown2.o)
    0x0040021c   0x00000002   Code   RO         4562    .ARM.Collect$$libshutdown$$00000010  c_w.l(libshutdown2.o)
    0x0040021e   0x00000000   Code   RO         4384    .ARM.Collect$$rtentry$$00000000  c_w.l(__rtentry.o)
    0x0040021e   0x00000000   Code   RO         4401    .ARM.Collect$$rtentry$$00000002  c_w.l(__rtentry2.o)
    0x0040021e   0x00000004   Code   RO         4415    .ARM.Collect$$rtentry$$00000007  c_w.l(__rtentry7.o)
    0x00400222   0x00000000   Code   RO         4403    .ARM.Collect$$rtentry$$00000009  c_w.l(__rtentry2.o)
    0x00400222   0x00000004   Code   RO         4404    .ARM.Collect$$rtentry$$0000000A  c_w.l(__rtentry2.o)
    0x00400226   0x00000000   Code   RO         4406    .ARM.Collect$$rtentry$$0000000C  c_w.l(__rtentry2.o)
    0x00400226   0x00000008   Code   RO         4407    .ARM.Collect$$rtentry$$0000000D  c_w.l(__rtentry2.o)
    0x0040022e   0x00000002   PAD
    0x00400230   0x00000004   Code   RO         4416    .ARM.Collect$$rtentry$$00002718  c_w.l(__rtentry7.o)
    0x00400234   0x00000002   Code   RO         4447    .ARM.Collect$$rtexit$$00000000  c_w.l(rtexit.o)
    0x00400236   0x00000000   Code   RO         4504    .ARM.Collect$$rtexit$$00000002  c_w.l(rtexit2.o)
    0x00400236   0x00000004   Code   RO         4505    .ARM.Collect$$rtexit$$00000003  c_w.l(rtexit2.o)
    0x0040023a   0x00000006   Code   RO         4506    .ARM.Collect$$rtexit$$00000004  c_w.l(rtexit2.o)
    0x00400240   0x00000002   Code   RO         4293    .text               c_w.l(use_no_semi.o)
    0x00400242   0x00000002   PAD
    0x00400244   0x00000018   Code   RO         4295    .text               c_w.l(__2printf.o)
    0x0040025c   0x00000038   Code   RO         4297    .text               c_w.l(__2snprintf.o)
    0x00400294   0x0000004e   Code   RO         4305    .text               c_w.l(_printf_pad.o)
    0x004002e2   0x00000052   Code   RO         4307    .text               c_w.l(_printf_str.o)
    0x00400334   0x00000078   Code   RO         4309    .text               c_w.l(_printf_dec.o)
    0x004003ac   0x00000058   Code   RO         4314    .text               c_w.l(_printf_hex_int.o)
    0x00400404   0x00000138   Code   RO         4344    .text               c_w.l(__printf_flags_wp.o)
    0x0040053c   0x00000080   Code   RO         4358    .text               c_w.l(assert.o)
    0x004005bc   0x00000014   Code   RO         4360    .text               c_w.l(strchr.o)
    0x004005d0   0x00000048   Code   RO         4362    .text               c_w.l(strcpy.o)
    0x00400618   0x00000016   Code   RO         4364    .text               c_w.l(strrchr.o)
    0x0040062e   0x0000003e   Code   RO         4366    .text               c_w.l(strlen.o)
    0x0040066c   0x00000096   Code   RO         4368    .text               c_w.l(strncmp.o)
    0x00400702   0x0000008a   Code   RO         4370    .text               c_w.l(rt_memcpy_v6.o)
    0x0040078c   0x00000064   Code   RO         4372    .text               c_w.l(rt_memcpy_w.o)
    0x004007f0   0x00000010   Code   RO         4374    .text               c_w.l(aeabi_memset.o)
    0x00400800   0x00000044   Code   RO         4376    .text               c_w.l(rt_memclr.o)
    0x00400844   0x0000004e   Code   RO         4378    .text               c_w.l(rt_memclr_w.o)
    0x00400892   0x00000056   Code   RO         4380    .text               c_w.l(strncpy.o)
    0x004008e8   0x000000b2   Code   RO         4385    .text               c_w.l(_printf_intcommon.o)
    0x0040099a   0x00000002   PAD
    0x0040099c   0x00000030   Code   RO         4387    .text               c_w.l(_printf_char_common.o)
    0x004009cc   0x0000000a   Code   RO         4389    .text               c_w.l(_sputc.o)
    0x004009d6   0x00000010   Code   RO         4391    .text               c_w.l(_snputc.o)
    0x004009e6   0x0000002c   Code   RO         4393    .text               c_w.l(_printf_char.o)
    0x00400a12   0x00000002   PAD
    0x00400a14   0x00000024   Code   RO         4395    .text               c_w.l(_printf_char_file.o)
    0x00400a38   0x00000016   Code   RO         4398    .text               c_w.l(abort.o)
    0x00400a4e   0x0000000e   Code   RO         4422    .text               c_w.l(defsig_abrt_outer.o)
    0x00400a5c   0x00000012   Code   RO         4430    .text               c_w.l(exit.o)
    0x00400a6e   0x0000000a   Code   RO         4432    .text               c_w.l(defsig_exit.o)
    0x00400a78   0x00000030   Code   RO         4434    .text               c_w.l(defsig_abrt_inner.o)
    0x00400aa8   0x00000032   Code   RO         4451    .text               c_w.l(defsig_general.o)
    0x00400ada   0x00000002   PAD
    0x00400adc   0x00000058   Code   RO          661    i.BusFault_Handler  exceptions.o
    0x00400b34   0x00000078   Code   RO         3399    i.DBG_Configure     dbg_console.o
    0x00400bac   0x00000040   Code   RO         3407    i.DBG_PutChar       dbg_console.o
    0x00400bec   0x00000028   Code   RO         2177    i.Dummy_Handler     startup_sam.o
    0x00400c14   0x00000280   Code   RO         3558    i.GMACB_AutoNegotiate  gmacb_phy.o
    0x00400e94   0x00000284   Code   RO         3559    i.GMACB_DumpRegisters  gmacb_phy.o
    0x00401118   0x000000f4   Code   RO         3560    i.GMACB_FindValidPhy  gmacb_phy.o
    0x0040120c   0x00000010   Code   RO         3561    i.GMACB_Init        gmacb_phy.o
    0x0040121c   0x00000100   Code   RO         3562    i.GMACB_InitPhy     gmacb_phy.o
    0x0040131c   0x00000060   Code   RO         3563    i.GMACB_ReadPhy     gmacb_phy.o
    0x0040137c   0x00000088   Code   RO         3564    i.GMACB_ResetPhy    gmacb_phy.o
    0x00401404   0x00000030   Code   RO         3566    i.GMACB_WaitPhy     gmacb_phy.o
    0x00401434   0x0000005c   Code   RO         3567    i.GMACB_WritePhy    gmacb_phy.o
    0x00401490   0x0000026c   Code   RO         2993    i.GMACD_Handler     gmacd.o
    0x004016fc   0x00000084   Code   RO         2994    i.GMACD_Init        gmacd.o
    0x00401780   0x000001f6   Code   RO         2995    i.GMACD_InitTransfer  gmacd.o
    0x00401976   0x00000002   PAD
    0x00401978   0x00000328   Code   RO         2996    i.GMACD_Poll        gmacd.o
    0x00401ca0   0x000000b6   Code   RO         2998    i.GMACD_ResetRx     gmacd.o
    0x00401d56   0x000000b0   Code   RO         2999    i.GMACD_ResetTx     gmacd.o
    0x00401e06   0x00000002   PAD
    0x00401e08   0x00000084   Code   RO         3000    i.GMACD_Send        gmacd.o
    0x00401e8c   0x00000260   Code   RO         3001    i.GMACD_SendSG      gmacd.o
    0x004020ec   0x000001d0   Code   RO         3004    i.GMACD_TxCompleteHandler  gmacd.o
    0x004022bc   0x000001c2   Code   RO         3005    i.GMACD_TxErrorHandler  gmacd.o
    0x0040247e   0x00000004   Code   RO         2559    i.GMAC_ClearRxStatus  gmac.o
    0x00402482   0x0000000a   Code   RO         2562    i.GMAC_ClearStatistics  gmac.o
    0x0040248c   0x00000004   Code   RO         2563    i.GMAC_ClearTxStatus  gmac.o
    0x00402490   0x00000004   Code   RO         2566    i.GMAC_Configure    gmac.o
    0x00402494   0x0000000e   Code   RO         2567    i.GMAC_DisableAllQueueIt  gmac.o
    0x004024a2   0x0000001a   Code   RO         2571    i.GMAC_DisableMdio  gmac.o
    0x004024bc   0x00000014   Code   RO         2576    i.GMAC_EnableIt     gmac.o
    0x004024d0   0x0000001a   Code   RO         2578    i.GMAC_EnableMdio   gmac.o
    0x004024ea   0x00000054   Code   RO         2579    i.GMAC_EnableRGMII  gmac.o
    0x0040253e   0x00000014   Code   RO         2583    i.GMAC_GetItStatus  gmac.o
    0x00402552   0x00000006   Code   RO         2593    i.GMAC_GetRxStatus  gmac.o
    0x00402558   0x00000008   Code   RO         2594    i.GMAC_GetTxEvtFrameNsec  gmac.o
    0x00402560   0x00000008   Code   RO         2595    i.GMAC_GetTxEvtFrameSec  gmac.o
    0x00402568   0x00000008   Code   RO         2596    i.GMAC_GetTxPeerEvtFrameNsec  gmac.o
    0x00402570   0x00000008   Code   RO         2597    i.GMAC_GetTxPeerEvtFrameSec  gmac.o
    0x00402578   0x00000006   Code   RO         2599    i.GMAC_GetTxStatus  gmac.o
    0x0040257e   0x00000002   PAD
    0x00402580   0x00000010   Code   RO         3890    i.GMAC_Handler      gmac_tapdev.o
    0x00402590   0x0000000a   Code   RO         2601    i.GMAC_IsIdle       gmac.o
    0x0040259a   0x00000004   Code   RO         2602    i.GMAC_NetworkControl  gmac.o
    0x0040259e   0x00000014   Code   RO         2603    i.GMAC_PHYData      gmac.o
    0x004025b2   0x00000044   Code   RO         2604    i.GMAC_PHYMaintain  gmac.o
    0x004025f6   0x00000016   Code   RO         2605    i.GMAC_ReceiveEnable  gmac.o
    0x0040260c   0x00000032   Code   RO         2606    i.GMAC_SetAddress   gmac.o
    0x0040263e   0x00000014   Code   RO         2609    i.GMAC_SetDMAConfig  gmac.o
    0x00402652   0x00000002   PAD
    0x00402654   0x0000009c   Code   RO         2612    i.GMAC_SetMdcClock  gmac.o
    0x004026f0   0x0000001c   Code   RO         2613    i.GMAC_SetRxQueue   gmac.o
    0x0040270c   0x0000001c   Code   RO         2619    i.GMAC_SetTxQueue   gmac.o
    0x00402728   0x00000016   Code   RO         2620    i.GMAC_StatisticsWriteEnable  gmac.o
    0x0040273e   0x0000000a   Code   RO         2621    i.GMAC_TransmissionHalt  gmac.o
    0x00402748   0x0000000a   Code   RO         2622    i.GMAC_TransmissionStart  gmac.o
    0x00402752   0x00000016   Code   RO         2623    i.GMAC_TransmitEnable  gmac.o
    0x00402768   0x00000074   Code   RO         1518    i.GetDelayInTicks   timetick.o
    0x004027dc   0x00000068   Code   RO         1519    i.GetTicks          timetick.o
    0x00402844   0x00000058   Code   RO          662    i.HardFault_Handler  exceptions.o
    0x0040289c   0x0000007c   Code   RO          663    i.HardFault_reason  exceptions.o
    0x00402918   0x0000000c   Code   RO         3334    i.LowLevelInit      board_lowlevel.o
    0x00402924   0x0000001c   Code   RO          913    i.MPU_CalMPURegionSize  mpu.o
    0x00402940   0x0000000c   Code   RO          915    i.MPU_Enable        mpu.o
    0x0040294c   0x00000010   Code   RO          916    i.MPU_SetRegion     mpu.o
    0x0040295c   0x00000064   Code   RO          664    i.MemManage_Handler  exceptions.o
    0x004029c0   0x00000028   Code   RO          665    i.NMI_Handler       exceptions.o
    0x004029e8   0x00000010   Code   RO         1083    i.PIOA_Handler      pio_it.o
    0x004029f8   0x00000010   Code   RO         1084    i.PIOB_Handler      pio_it.o
    0x00402a08   0x00000010   Code   RO         1085    i.PIOC_Handler      pio_it.o
    0x00402a18   0x00000010   Code   RO         1086    i.PIOD_Handler      pio_it.o
    0x00402a28   0x00000010   Code   RO         1087    i.PIOE_Handler      pio_it.o
    0x00402a38   0x00000008   Code   RO          969    i.PIO_Clear         pio.o
    0x00402a40   0x000000a6   Code   RO          970    i.PIO_Configure     pio.o
    0x00402ae6   0x00000008   Code   RO          976    i.PIO_Set           pio.o
    0x00402aee   0x00000036   Code   RO          978    i.PIO_SetInput      pio.o
    0x00402b24   0x00000024   Code   RO          979    i.PIO_SetOutput     pio.o
    0x00402b48   0x00000028   Code   RO          980    i.PIO_SetPeripheralA  pio.o
    0x00402b70   0x00000024   Code   RO          981    i.PIO_SetPeripheralB  pio.o
    0x00402b94   0x00000024   Code   RO          982    i.PIO_SetPeripheralC  pio.o
    0x00402bb8   0x00000020   Code   RO          983    i.PIO_SetPeripheralD  pio.o
    0x00402bd8   0x00000094   Code   RO         1199    i.PMC_EnablePeripheral  pmc.o
    0x00402c6c   0x000000b0   Code   RO         1092    i.PioInterruptHandler  pio_it.o
    0x00402d1c   0x00000098   Code   RO         2198    i.Reset_Handler     startup_sam.o
    0x00402db4   0x0000004c   Code   RO         3008    i.SCB_CleanDCache_by_Addr  gmacd.o
    0x00402e00   0x0000009c   Code   RO           11    i.SCB_EnableDCache  main.o
    0x00402e9c   0x0000004c   Code   RO         3009    i.SCB_InvalidateDCache_by_Addr  gmacd.o
    0x00402ee8   0x00000008   Code   RO          666    i.StackUnwind       exceptions.o
    0x00402ef0   0x00000050   Code   RO         1522    i.SysTick_Handler   timetick.o
    0x00402f40   0x0000011c   Code   RO         2506    i.SystemInit        system_samv71.o
    0x0040305c   0x0000001c   Code   RO         3848    i.TC0_Handler       clock-arch.o
    0x00403078   0x00000060   Code   RO         1445    i.TC_Configure      tc.o
    0x004030d8   0x00000074   Code   RO         1446    i.TC_FindMckDivisor  tc.o
    0x0040314c   0x00000050   Code   RO         1447    i.TC_Start          tc.o
    0x0040319c   0x00000078   Code   RO         3240    i.TWID_Initialize   twid.o
    0x00403214   0x0000021c   Code   RO         3241    i.TWID_Read         twid.o
    0x00403430   0x0000000a   Code   RO         3120    i.TWI_ByteReceived  twi.o
    0x0040343a   0x00000002   PAD
    0x0040343c   0x000000ac   Code   RO         3122    i.TWI_ConfigureMaster  twi.o
    0x004034e8   0x00000088   Code   RO         3125    i.TWI_EnableIt      twi.o
    0x00403570   0x00000054   Code   RO         3128    i.TWI_ReadByte      twi.o
    0x004035c4   0x00000104   Code   RO         3130    i.TWI_StartRead     twi.o
    0x004036c8   0x00000054   Code   RO         3132    i.TWI_Stop          twi.o
    0x0040371c   0x0000000a   Code   RO         3133    i.TWI_TransferComplete  twi.o
    0x00403726   0x00000002   PAD
    0x00403728   0x00000118   Code   RO         1523    i.TimeTick_Configure  timetick.o
    0x00403840   0x00000054   Code   RO          667    i.UsageFault_Handler  exceptions.o
    0x00403894   0x00000008   Code   RO         1698    i.WDT_Disable       wdt.o
    0x0040389c   0x0000007c   Code   RO         1524    i.Wait              timetick.o
    0x00403918   0x00000184   Code   RO         3335    i._SetupMemoryRegion  board_lowlevel.o
    0x00403a9c   0x00000014   Code   RO         2122    i.__assert_puts     retarget.o
    0x00403ab0   0x0000004c   Code   RO           12    i._app_init         main.o
    0x00403afc   0x0000000e   Code   RO         4342    i._is_digit         c_w.l(__printf_wp.o)
    0x00403b0a   0x00000004   Code   RO         2123    i._sys_exit         retarget.o
    0x00403b0e   0x0000000c   Code   RO         2124    i._ttywrch          retarget.o
    0x00403b1a   0x00000066   Code   RO         3945    i.buf_bufto         psock.o
    0x00403b80   0x00000006   Code   RO         3946    i.buf_setup         psock.o
    0x00403b86   0x00000046   Code   RO         4128    i.chksum            uip.o
    0x00403bcc   0x00000084   Code   RO         3849    i.clock_init        clock-arch.o
    0x00403c50   0x0000000c   Code   RO         3850    i.clock_time        clock-arch.o
    0x00403c5c   0x0000005c   Code   RO         3947    i.data_acked        psock.o
    0x00403cb8   0x00000008   Code   RO         2125    i.ferror            retarget.o
    0x00403cc0   0x0000004c   Code   RO         3702    i.file_stats        httpd-cgi.o
    0x00403d0c   0x00000014   Code   RO         3010    i.fixed_mod         gmacd.o
    0x00403d20   0x0000002c   Code   RO         2126    i.fputc             retarget.o
    0x00403d4c   0x0000002c   Code   RO         3703    i.generate_file_stats  httpd-cgi.o
    0x00403d78   0x00000034   Code   RO         3704    i.generate_net_stats  httpd-cgi.o
    0x00403dac   0x00000048   Code   RO         3631    i.generate_part_of_file  httpd.o
    0x00403df4   0x000000b8   Code   RO         3705    i.generate_tcp_stats  httpd-cgi.o
    0x00403eac   0x000001d8   Code   RO         3891    i.gmac_tapdev_init  gmac_tapdev.o
    0x00404084   0x00000028   Code   RO         3892    i.gmac_tapdev_read  gmac_tapdev.o
    0x004040ac   0x00000048   Code   RO         3893    i.gmac_tapdev_send  gmac_tapdev.o
    0x004040f4   0x00000020   Code   RO         3894    i.gmac_tapdev_setmac  gmac_tapdev.o
    0x00404114   0x0000001a   Code   RO         3632    i.handle_connection  httpd.o
    0x0040412e   0x00000002   PAD
    0x00404130   0x00000114   Code   RO         3633    i.handle_input      httpd.o
    0x00404244   0x0000010c   Code   RO         3634    i.handle_output     httpd.o
    0x00404350   0x0000017c   Code   RO         3635    i.handle_script     httpd.o
    0x004044cc   0x0000000c   Code   RO         4129    i.htons             uip.o
    0x004044d8   0x000000a4   Code   RO         3636    i.httpd_appcall     httpd.o
    0x0040457c   0x0000003c   Code   RO         3706    i.httpd_cgi         httpd-cgi.o
    0x004045b8   0x00000034   Code   RO         3756    i.httpd_fs_count    httpd-fs.o
    0x004045ec   0x0000004c   Code   RO         3758    i.httpd_fs_open     httpd-fs.o
    0x00404638   0x00000030   Code   RO         3759    i.httpd_fs_strcmp   httpd-fs.o
    0x00404668   0x0000000c   Code   RO         3637    i.httpd_init        httpd.o
    0x00404674   0x000004b0   Code   RO           13    i.main              main.o
    0x00404b24   0x00000058   Code   RO         3707    i.net_stats         httpd-cgi.o
    0x00404b7c   0x00000022   Code   RO         3638    i.next_scriptstate  httpd.o
    0x00404b9e   0x00000018   Code   RO         3708    i.nullfunction      httpd-cgi.o
    0x00404bb6   0x0000000c   Code   RO         3948    i.psock_datalen     psock.o
    0x00404bc2   0x00000002   PAD
    0x00404bc4   0x0000008c   Code   RO         3949    i.psock_generator_send  psock.o
    0x00404c50   0x00000028   Code   RO         3950    i.psock_init        psock.o
    0x00404c78   0x00000034   Code   RO         3951    i.psock_newdata     psock.o
    0x00404cac   0x00000094   Code   RO         3953    i.psock_readto      psock.o
    0x00404d40   0x0000006c   Code   RO         3954    i.psock_send        psock.o
    0x00404dac   0x00000050   Code   RO         3955    i.send_data         psock.o
    0x00404dfc   0x00000060   Code   RO         3639    i.send_file         httpd.o
    0x00404e5c   0x000001f0   Code   RO         3640    i.send_headers      httpd.o
    0x0040504c   0x0000003a   Code   RO         3641    i.send_part_of_file  httpd.o
    0x00405086   0x00000002   PAD
    0x00405088   0x00000074   Code   RO         3709    i.tcp_stats         httpd-cgi.o
    0x004050fc   0x0000001a   Code   RO         4021    i.timer_expired     timer.o
    0x00405116   0x0000000a   Code   RO         4022    i.timer_reset       timer.o
    0x00405120   0x00000010   Code   RO         4024    i.timer_set         timer.o
    0x00405130   0x00000070   Code   RO         4130    i.uip_add32         uip.o
    0x004051a0   0x00000044   Code   RO         4131    i.uip_add_rcv_nxt   uip.o
    0x004051e4   0x000000e8   Code   RO         4233    i.uip_arp_arpin     uip_arp.o
    0x004052cc   0x000001a0   Code   RO         4235    i.uip_arp_out       uip_arp.o
    0x0040546c   0x00000058   Code   RO         4236    i.uip_arp_timer     uip_arp.o
    0x004054c4   0x00000124   Code   RO         4237    i.uip_arp_update    uip_arp.o
    0x004055e8   0x00000070   Code   RO         4134    i.uip_init          uip.o
    0x00405658   0x00000024   Code   RO         4135    i.uip_ipchksum      uip.o
    0x0040567c   0x00000040   Code   RO         4136    i.uip_listen        uip.o
    0x004056bc   0x00000024   Code   RO           14    i.uip_log           main.o
    0x004056e0   0x00000fbc   Code   RO         4137    i.uip_process       uip.o
    0x0040669c   0x00000030   Code   RO         4138    i.uip_send          uip.o
    0x004066cc   0x0000000a   Code   RO         4140    i.uip_tcpchksum     uip.o
    0x004066d6   0x00000002   PAD
    0x004066d8   0x00000048   Code   RO         4142    i.upper_layer_chksum  uip.o
    0x00406720   0x00000024   Data   RO           15    .constdata          main.o
    0x00406744   0x00000014   Data   RO         1449    .constdata          tc.o
    0x00406758   0x0000001d   Data   RO         3011    .constdata          gmacd.o
    0x00406775   0x00000003   PAD
    0x00406778   0x00000018   Data   RO         3410    .constdata          dbg_console.o
    0x00406790   0x0000006e   Data   RO         3710    .constdata          httpd-cgi.o
    0x004067fe   0x00000002   PAD
    0x00406800   0x0000143c   Data   RO         3761    .constdata          httpd-fs.o
    0x00407c3c   0x0000024a   Data   RO         3811    .constdata          http-strings.o
    0x00407e86   0x00000002   PAD
    0x00407e88   0x00000030   Data   RO         3896    .constdata          gmac_tapdev.o
    0x00407eb8   0x00000008   Data   RO         4144    .constdata          uip.o
    0x00407ec0   0x0000000a   Data   RO         4239    .constdata          uip_arp.o
    0x00407eca   0x00000028   Data   RO         4315    .constdata          c_w.l(_printf_hex_int.o)
    0x00407ef2   0x00000011   Data   RO         4345    .constdata          c_w.l(__printf_flags_wp.o)
    0x00407f03   0x00000001   PAD
    0x00407f04   0x0000004c   Data   RO           16    .conststring        main.o
    0x00407f50   0x00000044   Data   RO         1450    .conststring        tc.o
    0x00407f94   0x00000086   Data   RO         3711    .conststring        httpd-cgi.o
    0x0040801a   0x00000002   PAD
    0x0040801c   0x00000030   Data   RO         4563    Region$$Table       anon$$obj.o


    Execution Region RW_IRAM1 (Base: 0x20400000, Size: 0x0001b17c, Max: 0x0005c000, ABSOLUTE, COMPRESSED[0x00000040])

    Base Addr    Size         Type   Attr      Idx    E Section Name        Object

    0x20400000   0x00000016   Data   RW           17    .data               main.o
    0x20400016   0x00000002   PAD
    0x20400018   0x0000000c   Data   RW         1094    .data               pio_it.o
    0x20400024   0x00000018   Data   RW         1526    .data               timetick.o
    0x2040003c   0x00000010   Data   RW         2127    .data               retarget.o
    0x2040004c   0x00000004   Data   RW         2510    .data               system_samv71.o
    0x20400050   0x0000000a   Data   RW         3012    .data               gmacd.o
    0x2040005a   0x00000002   PAD
    0x2040005c   0x0000000c   Data   RW         3135    .data               twi.o
    0x20400068   0x00000006   Data   RW         3411    .data               dbg_console.o
    0x2040006e   0x00000002   PAD
    0x20400070   0x00000034   Data   RW         3712    .data               httpd-cgi.o
    0x204000a4   0x0000000c   Data   RW         3851    .data               clock-arch.o
    0x204000b0   0x00000010   PAD
    0x204000c0   0x0000002e   Data   RW         3897    .data               gmac_tapdev.o
    0x204000ee   0x00000002   PAD
    0x204000f0   0x00000038   Data   RW         4145    .data               uip.o
    0x20400128   0x00000008   Data   RW         4240    .data               uip_arp.o
    0x20400130   0x00000038   Zero   RW         1093    .bss                pio_it.o
    0x20400168   0x00000010   Zero   RW         1525    .bss                timetick.o
    0x20400178   0x00000014   Zero   RW         3760    .bss                httpd-fs.o
    0x2040018c   0x00000014   PAD
    0x204001a0   0x00018940   Zero   RW         3895    .bss                gmac_tapdev.o
    0x20418ae0   0x0000263c   Zero   RW         4143    .bss                uip.o
    0x2041b11c   0x00000060   Zero   RW         4238    .bss                uip_arp.o


    Execution Region ARM_LIB_HEAP (Base: 0x2041b180, Size: 0x00001000, Max: 0x00001000, ABSOLUTE)

    Base Addr    Size         Type   Attr      Idx    E Section Name        Object

    0x2041b180   0x00001000   Zero   RW            1    ARM_LIB_HEAP.bss    anon$$obj.o


    Execution Region ARM_LIB_STACK (Base: 0x2041c180, Size: 0x00002000, Max: 0x00002000, ABSOLUTE)

    Base Addr    Size         Type   Attr      Idx    E Section Name        Object

    0x2041c180   0x00002000   Zero   RW            2    ARM_LIB_STACK.bss   anon$$obj.o


    Execution Region RAM_NOCACHE (Base: 0x2045f000, Size: 0x00000230, Max: 0xffffffff, ABSOLUTE, COMPRESSED[0x00000008])

    Base Addr    Size         Type   Attr      Idx    E Section Name        Object

    0x2045f000   0x00000230   Data   RW         3898    .ram_nocache        gmac_tapdev.o


    Execution Region SDRAM (Base: 0x70000000, Size: 0x00000000, Max: 0x00200000, ABSOLUTE)

    **** No section assigned to this execution region ****


==============================================================================

Image component sizes


      Code (inc. data)   RO Data    RW Data    ZI Data      Debug   Object Name

       400         78          0          0          0       1284   board_lowlevel.o
       172         30          0         12          0      34475   clock-arch.o
       184         38         24          6          0       2570   dbg_console.o
       532        182          0          0          0     176236   exceptions.o
       726         52          0          0          0      18310   gmac.o
       632        204         48        606     100672      36848   gmac_tapdev.o
      2172        804          0          0          0       7962   gmacb_phy.o
      4246        226         29         10          0      45422   gmacd.o
         0          0        586          0          0       2341   http-strings.o
       644         74        244         52          0       6988   httpd-cgi.o
       176         20       5180          0         20       5742   httpd-fs.o
      1882        122          0          0          0       9373   httpd.o
      1468        404        112         22          0     199468   main.o
        56         12          0          0          0       1764   mpu.o
       416          8          0          0          0       6126   pio.o
       256         96          0         12         56       4233   pio_it.o
       148         60          0          0          0        603   pmc.o
       780         44          0          0          0       7912   psock.o
        88         16          0         16          0       5110   retarget.o
       192         56        320          0          0       2310   startup_sam.o
       284         42          0          4          0        955   system_samv71.o
       292        104         88          0          0       3262   tc.o
        52          0          0          0          0       2626   timer.o
       704        358          0         24         16      36023   timetick.o
       756        408          0         12          0       5529   twi.o
       660        308          0          0          0       2554   twid.o
      4632        550          8         56       9788      17672   uip.o
      1028         98         10          8         96       5160   uip_arp.o
         8          0          0          0          0        926   wdt.o

    ----------------------------------------------------------------------
     23606       4394       6706        864     122956     649784   Object Totals
         0          0         48          0      12288          0   (incl. Generated)
        20          0          9         24         20          0   (incl. Padding)

    ----------------------------------------------------------------------

      Code (inc. data)   RO Data    RW Data    ZI Data      Debug   Library Member Name

        24          4          0          0          0         84   __2printf.o
        56          6          0          0          0         88   __2snprintf.o
        90          0          0          0          0          0   __dczerorl2.o
         8          0          0          0          0         68   __main.o
       312          4         17          0          0         92   __printf_flags_wp.o
        14          0          0          0          0         68   __printf_wp.o
         0          0          0          0          0          0   __rtentry.o
        12          0          0          0          0          0   __rtentry2.o
         8          4          0          0          0          0   __rtentry7.o
        52          8          0          0          0          0   __scatter.o
        28          0          0          0          0          0   __scatter_zi.o
         6          0          0          0          0          0   _printf_c.o
        44          0          0          0          0        108   _printf_char.o
        48          6          0          0          0         96   _printf_char_common.o
        36          4          0          0          0         80   _printf_char_file.o
         6          0          0          0          0          0   _printf_d.o
       120         16          0          0          0         92   _printf_dec.o
        88          4         40          0          0         88   _printf_hex_int.o
       178          0          0          0          0         88   _printf_intcommon.o
        78          0          0          0          0        108   _printf_pad.o
         0          0          0          0          0          0   _printf_percent.o
         4          0          0          0          0          0   _printf_percent_end.o
         6          0          0          0          0          0   _printf_s.o
        82          0          0          0          0         80   _printf_str.o
         6          0          0          0          0          0   _printf_u.o
         6          0          0          0          0          0   _printf_x.o
        16          0          0          0          0         68   _snputc.o
        10          0          0          0          0         68   _sputc.o
        22          0          0          0          0         80   abort.o
        16          0          0          0          0         68   aeabi_memset.o
       128         42          0          0          0         76   assert.o
        48         34          0          0          0         76   defsig_abrt_inner.o
        14          0          0          0          0         80   defsig_abrt_outer.o
        10          0          0          0          0         68   defsig_exit.o
        50          0          0          0          0         88   defsig_general.o
        18          0          0          0          0         80   exit.o
         2          0          0          0          0          0   libinit.o
         2          0          0          0          0          0   libinit2.o
         2          0          0          0          0          0   libshutdown.o
         2          0          0          0          0          0   libshutdown2.o
        68          0          0          0          0         68   rt_memclr.o
        78          0          0          0          0         80   rt_memclr_w.o
       138          0          0          0          0         68   rt_memcpy_v6.o
       100          0          0          0          0         80   rt_memcpy_w.o
         2          0          0          0          0          0   rtexit.o
        10          0          0          0          0          0   rtexit2.o
        20          0          0          0          0         68   strchr.o
        72          0          0          0          0         80   strcpy.o
        62          0          0          0          0         76   strlen.o
       150          0          0          0          0         80   strncmp.o
        86          0          0          0          0         76   strncpy.o
        22          0          0          0          0         68   strrchr.o
         2          0          0          0          0         68   use_no_semi.o

    ----------------------------------------------------------------------
      2474        132         58          0          0       2704   Library Totals
        12          0          1          0          0          0   (incl. Padding)

    ----------------------------------------------------------------------

      Code (inc. data)   RO Data    RW Data    ZI Data      Debug   Library Name

      2462        132         57          0          0       2704   c_w.l

    ----------------------------------------------------------------------
      2474        132         58          0          0       2704   Library Totals

    ----------------------------------------------------------------------

==============================================================================


      Code (inc. data)   RO Data    RW Data    ZI Data      Debug   

     26080       4526       6764        864     122956     642396   Grand Totals
     26080       4526       6764         72     122956     642396   ELF Image Totals (compressed)
     26080       4526       6764         72          0          0   ROM Totals

==============================================================================

    Total RO  Size (Code + RO Data)                32844 (  32.07kB)
    Total RW  Size (RW Data + ZI Data)            123820 ( 120.92kB)
    Total ROM Size (Code + RO Data + RW Data)      32916 (  32.14kB)

==============================================================================

