<html>
<body>
<pre>
<h1>µVision Build Log</h1>
<h2>Tool Versions:</h2>
IDE-Version: µVision V5.17.0.0
Copyright (C) 2015 ARM Ltd and ARM Germany GmbH. All rights reserved.
License Information: Gabriel Stroe LTU Flex license: MDK-ARM Professional: 100 user(s) (mdk_pro) Operation stops: 11 Jan 2017
 
Tool Versions:
Toolchain:       MDK-ARM Professional: 100 user(s)  Version: 5.17
Toolchain Path:  C:\Keil_v5\ARM\ARMCC\Bin
C Compiler:      Armcc.exe V5.06 update 1 (build 61)
Assembler:       Armasm.exe V5.06 update 1 (build 61)
Linker/Locator:  ArmLink.exe V5.06 update 1 (build 61)
Library Manager: ArmAr.exe V5.06 update 1 (build 61)
Hex Converter:   FromElf.exe V5.06 update 1 (build 61)
CPU DLL:         SARMCM3.DLL V5.17
Dialog DLL:      DCM.DLL V1.13.4.0
Target DLL:      CMSIS_AGDI.dll V1.23.1.0
Dialog DLL:      TCM.DLL V1.14.6.0
 
<h2>Project:</h2>
C:\Keil_v5\ARM\examples\Atmel\SAMV71_Xplained_Ultra\examples\SoC_Lab05\build\mdk\Soc_Lab05.uvprojx
Project File Date:  01/20/2016

<h2>Output:</h2>
*** Using Compiler 'V5.06 update 1 (build 61)', folder: 'C:\Keil_v5\ARM\ARMCC\Bin'
Rebuild target 'sram'
assembling workaround.s...
compiling mpu.c...
compiling exceptions.c...
compiling main.c...
..\..\main.h(7): warning:  #1-D: last line of file ends without a newline
  extern void phd4(void);
..\..\main.c: 1 warning, 0 errors
compiling pmc.c...
compiling pio_it.c...
compiling pio.c...
compiling supc.c...
compiling timetick.c...
compiling tc.c...
compiling uart.c...
compiling wdt.c...
compiling xdma_hardware_interface.c...
compiling xdmac.c...
compiling retarget.c...
compiling xdmad.c...
compiling startup_sam.c...
compiling system_samv71.c...
compiling board_lowlevel.c...
compiling board_memories.c...
compiling dbg_console.c...
compiling led.c...
compiling trace.c...
linking...
Program Size: Code=5592 RO-data=420 RW-data=64 ZI-data=12344  
".\sram\Objects\getting-started.axf" - 0 Error(s), 1 Warning(s).

<h2>Collection of Component include folders:</h2>
  C:\Keil_v5\ARM\examples\Atmel\SAMV71_Xplained_Ultra\examples\SoC_Lab05\build\mdk\RTE
  C:\Keil_v5\ARM\PACK\Keil\SAM-V_DFP\2.2.0\SAMV71\include

<h2>Collection of Component Files used:</h2>
Build Time Elapsed:  00:00:37
</pre>
</body>
</html>
